<?xml version="1.0"?>
<link_info>
   <banner>TMS320C2000 Linker PC v15.12.3.LTS</banner>
   <copyright>Copyright (c) 1996-2015 Texas Instruments Incorporated</copyright>
   <link_time>0x5ba48d9d</link_time>
   <link_errors>0x0</link_errors>
   <output_file>RT_FPTS_MAIN.out</output_file>
   <entry_point>
      <name>_c_int00</name>
      <address>0x33b6c1</address>
   </entry_point>
   <input_file_list>
      <input_file id="fl-2">
         <path>.\source\</path>
         <kind>object</kind>
         <file>DSP2833x_ADC_cal.obj</file>
         <name>DSP2833x_ADC_cal.obj</name>
      </input_file>
      <input_file id="fl-3">
         <path>.\source\</path>
         <kind>object</kind>
         <file>DSP2833x_Adc.obj</file>
         <name>DSP2833x_Adc.obj</name>
      </input_file>
      <input_file id="fl-4">
         <path>.\source\</path>
         <kind>object</kind>
         <file>DSP2833x_CSMPasswords.obj</file>
         <name>DSP2833x_CSMPasswords.obj</name>
      </input_file>
      <input_file id="fl-5">
         <path>.\source\</path>
         <kind>object</kind>
         <file>DSP2833x_CodeStartBranch.obj</file>
         <name>DSP2833x_CodeStartBranch.obj</name>
      </input_file>
      <input_file id="fl-6">
         <path>.\source\</path>
         <kind>object</kind>
         <file>DSP2833x_CpuTimers.obj</file>
         <name>DSP2833x_CpuTimers.obj</name>
      </input_file>
      <input_file id="fl-7">
         <path>.\source\</path>
         <kind>object</kind>
         <file>DSP2833x_DMA.obj</file>
         <name>DSP2833x_DMA.obj</name>
      </input_file>
      <input_file id="fl-8">
         <path>.\source\</path>
         <kind>object</kind>
         <file>DSP2833x_DefaultIsr.obj</file>
         <name>DSP2833x_DefaultIsr.obj</name>
      </input_file>
      <input_file id="fl-9">
         <path>.\source\</path>
         <kind>object</kind>
         <file>DSP2833x_Delay.obj</file>
         <name>DSP2833x_Delay.obj</name>
      </input_file>
      <input_file id="fl-a">
         <path>.\source\</path>
         <kind>object</kind>
         <file>DSP2833x_ECan.obj</file>
         <name>DSP2833x_ECan.obj</name>
      </input_file>
      <input_file id="fl-b">
         <path>.\source\</path>
         <kind>object</kind>
         <file>DSP2833x_GlobalVariableDefs.obj</file>
         <name>DSP2833x_GlobalVariableDefs.obj</name>
      </input_file>
      <input_file id="fl-c">
         <path>.\source\</path>
         <kind>object</kind>
         <file>DSP2833x_MemCopy.obj</file>
         <name>DSP2833x_MemCopy.obj</name>
      </input_file>
      <input_file id="fl-d">
         <path>.\source\</path>
         <kind>object</kind>
         <file>DSP2833x_PieCtrl.obj</file>
         <name>DSP2833x_PieCtrl.obj</name>
      </input_file>
      <input_file id="fl-e">
         <path>.\source\</path>
         <kind>object</kind>
         <file>DSP2833x_PieVect.obj</file>
         <name>DSP2833x_PieVect.obj</name>
      </input_file>
      <input_file id="fl-f">
         <path>.\source\</path>
         <kind>object</kind>
         <file>DSP2833x_Sci.obj</file>
         <name>DSP2833x_Sci.obj</name>
      </input_file>
      <input_file id="fl-10">
         <path>.\source\</path>
         <kind>object</kind>
         <file>DSP2833x_SysCtrl.obj</file>
         <name>DSP2833x_SysCtrl.obj</name>
      </input_file>
      <input_file id="fl-11">
         <path>.\source\</path>
         <kind>object</kind>
         <file>DSP2833x_Xintf.obj</file>
         <name>DSP2833x_Xintf.obj</name>
      </input_file>
      <input_file id="fl-12">
         <path>.\source\</path>
         <kind>object</kind>
         <file>DSP2833x_usDelay.obj</file>
         <name>DSP2833x_usDelay.obj</name>
      </input_file>
      <input_file id="fl-13">
         <path>.\source\</path>
         <kind>object</kind>
         <file>USERS_Arithmetic.obj</file>
         <name>USERS_Arithmetic.obj</name>
      </input_file>
      <input_file id="fl-14">
         <path>.\source\</path>
         <kind>object</kind>
         <file>USERS_Cap.obj</file>
         <name>USERS_Cap.obj</name>
      </input_file>
      <input_file id="fl-15">
         <path>.\source\</path>
         <kind>object</kind>
         <file>USERS_Cpld.obj</file>
         <name>USERS_Cpld.obj</name>
      </input_file>
      <input_file id="fl-16">
         <path>.\source\</path>
         <kind>object</kind>
         <file>USERS_DigitalIo.obj</file>
         <name>USERS_DigitalIo.obj</name>
      </input_file>
      <input_file id="fl-17">
         <path>.\source\</path>
         <kind>object</kind>
         <file>USERS_EPwm.obj</file>
         <name>USERS_EPwm.obj</name>
      </input_file>
      <input_file id="fl-18">
         <path>.\source\</path>
         <kind>object</kind>
         <file>USERS_ExRam.obj</file>
         <name>USERS_ExRam.obj</name>
      </input_file>
      <input_file id="fl-19">
         <path>.\source\</path>
         <kind>object</kind>
         <file>USERS_Flash.obj</file>
         <name>USERS_Flash.obj</name>
      </input_file>
      <input_file id="fl-1a">
         <path>.\source\</path>
         <kind>object</kind>
         <file>USERS_Main.obj</file>
         <name>USERS_Main.obj</name>
      </input_file>
      <input_file id="fl-1b">
         <path>.\source\</path>
         <kind>object</kind>
         <file>USERS_Modbus.obj</file>
         <name>USERS_Modbus.obj</name>
      </input_file>
      <input_file id="fl-1c">
         <path>.\source\</path>
         <kind>object</kind>
         <file>USERS_ParaTab.obj</file>
         <name>USERS_ParaTab.obj</name>
      </input_file>
      <input_file id="fl-1d">
         <path>.\source\</path>
         <kind>object</kind>
         <file>USERS_Protect.obj</file>
         <name>USERS_Protect.obj</name>
      </input_file>
      <input_file id="fl-1e">
         <path>.\source\</path>
         <kind>object</kind>
         <file>USERS_T1.obj</file>
         <name>USERS_T1.obj</name>
      </input_file>
      <input_file id="fl-1f">
         <path>.\source\</path>
         <kind>object</kind>
         <file>USERS_T4.obj</file>
         <name>USERS_T4.obj</name>
      </input_file>
      <input_file id="fl-2f">
         <path>C:\ti\ccsv6\tools\compiler\c2000_15.12.3.LTS\lib\</path>
         <kind>archive</kind>
         <file>rts2800_fpu32.lib</file>
         <name>boot.obj</name>
      </input_file>
      <input_file id="fl-30">
         <path>C:\ti\ccsv6\tools\compiler\c2000_15.12.3.LTS\lib\</path>
         <kind>archive</kind>
         <file>rts2800_fpu32.lib</file>
         <name>cpy_tbl.obj</name>
      </input_file>
      <input_file id="fl-31">
         <path>C:\ti\ccsv6\tools\compiler\c2000_15.12.3.LTS\lib\</path>
         <kind>archive</kind>
         <file>rts2800_fpu32.lib</file>
         <name>cpy_utils.obj</name>
      </input_file>
      <input_file id="fl-32">
         <path>C:\ti\ccsv6\tools\compiler\c2000_15.12.3.LTS\lib\</path>
         <kind>archive</kind>
         <file>rts2800_fpu32.lib</file>
         <name>e_sqrtf.obj</name>
      </input_file>
      <input_file id="fl-33">
         <path>C:\ti\ccsv6\tools\compiler\c2000_15.12.3.LTS\lib\</path>
         <kind>archive</kind>
         <file>rts2800_fpu32.lib</file>
         <name>errno.obj</name>
      </input_file>
      <input_file id="fl-34">
         <path>C:\ti\ccsv6\tools\compiler\c2000_15.12.3.LTS\lib\</path>
         <kind>archive</kind>
         <file>rts2800_fpu32.lib</file>
         <name>exit.obj</name>
      </input_file>
      <input_file id="fl-35">
         <path>C:\ti\ccsv6\tools\compiler\c2000_15.12.3.LTS\lib\</path>
         <kind>archive</kind>
         <file>rts2800_fpu32.lib</file>
         <name>fs_div.obj</name>
      </input_file>
      <input_file id="fl-36">
         <path>C:\ti\ccsv6\tools\compiler\c2000_15.12.3.LTS\lib\</path>
         <kind>archive</kind>
         <file>rts2800_fpu32.lib</file>
         <name>l_div.obj</name>
      </input_file>
      <input_file id="fl-37">
         <path>C:\ti\ccsv6\tools\compiler\c2000_15.12.3.LTS\lib\</path>
         <kind>archive</kind>
         <file>rts2800_fpu32.lib</file>
         <name>ll_div.obj</name>
      </input_file>
      <input_file id="fl-38">
         <path>C:\ti\ccsv6\tools\compiler\c2000_15.12.3.LTS\lib\</path>
         <kind>archive</kind>
         <file>rts2800_fpu32.lib</file>
         <name>memset.obj</name>
      </input_file>
      <input_file id="fl-39">
         <path>C:\ti\ccsv6\tools\compiler\c2000_15.12.3.LTS\lib\</path>
         <kind>archive</kind>
         <file>rts2800_fpu32.lib</file>
         <name>pre_init.obj</name>
      </input_file>
      <input_file id="fl-3a">
         <path>C:\ti\ccsv6\tools\compiler\c2000_15.12.3.LTS\lib\</path>
         <kind>archive</kind>
         <file>rts2800_fpu32.lib</file>
         <name>s_sinf.obj</name>
      </input_file>
      <input_file id="fl-3b">
         <path>C:\ti\ccsv6\tools\compiler\c2000_15.12.3.LTS\lib\</path>
         <kind>archive</kind>
         <file>rts2800_fpu32.lib</file>
         <name>startup.obj</name>
      </input_file>
      <input_file id="fl-3c">
         <path>C:\ti\ccsv6\tools\compiler\c2000_15.12.3.LTS\lib\</path>
         <kind>archive</kind>
         <file>rts2800_fpu32.lib</file>
         <name>ull_tofs.obj</name>
      </input_file>
      <input_file id="fl-3d">
         <path>C:\ti\ccsv6\tools\compiler\c2000_15.12.3.LTS\lib\</path>
         <kind>archive</kind>
         <file>rts2800_fpu32.lib</file>
         <name>_lock.obj</name>
      </input_file>
      <input_file id="fl-3e">
         <path>C:\ti\ccsv6\tools\compiler\c2000_15.12.3.LTS\lib\</path>
         <kind>archive</kind>
         <file>rts2800_fpu32.lib</file>
         <name>args_main.obj</name>
      </input_file>
   </input_file_list>
   <object_component_list>
      <object_component id="oc-b5">
         <name>PieVectTableFile</name>
         <uninitialized>true</uninitialized>
         <run_address>0xd00</run_address>
         <size>0x100</size>
         <input_file_ref idref="fl-b"/>
      </object_component>
      <object_component id="oc-b1">
         <name>DevEmuRegsFile</name>
         <uninitialized>true</uninitialized>
         <run_address>0x880</run_address>
         <size>0xd0</size>
         <input_file_ref idref="fl-b"/>
      </object_component>
      <object_component id="oc-87">
         <name>FlashRegsFile</name>
         <uninitialized>true</uninitialized>
         <run_address>0xa80</run_address>
         <size>0x8</size>
         <input_file_ref idref="fl-b"/>
      </object_component>
      <object_component id="oc-91">
         <name>CsmRegsFile</name>
         <uninitialized>true</uninitialized>
         <run_address>0xae0</run_address>
         <size>0x10</size>
         <input_file_ref idref="fl-b"/>
      </object_component>
      <object_component id="oc-90">
         <name>AdcMirrorFile</name>
         <uninitialized>true</uninitialized>
         <run_address>0xb00</run_address>
         <size>0x10</size>
         <input_file_ref idref="fl-b"/>
      </object_component>
      <object_component id="oc-94">
         <name>XintfRegsFile</name>
         <uninitialized>true</uninitialized>
         <run_address>0xb20</run_address>
         <size>0x1e</size>
         <input_file_ref idref="fl-b"/>
      </object_component>
      <object_component id="oc-88">
         <name>CpuTimer0RegsFile</name>
         <uninitialized>true</uninitialized>
         <run_address>0xc00</run_address>
         <size>0x8</size>
         <input_file_ref idref="fl-b"/>
      </object_component>
      <object_component id="oc-86">
         <name>CpuTimer1RegsFile</name>
         <uninitialized>true</uninitialized>
         <run_address>0xc08</run_address>
         <size>0x8</size>
         <input_file_ref idref="fl-b"/>
      </object_component>
      <object_component id="oc-85">
         <name>CpuTimer2RegsFile</name>
         <uninitialized>true</uninitialized>
         <run_address>0xc10</run_address>
         <size>0x8</size>
         <input_file_ref idref="fl-b"/>
      </object_component>
      <object_component id="oc-92">
         <name>PieCtrlRegsFile</name>
         <uninitialized>true</uninitialized>
         <run_address>0xce0</run_address>
         <size>0x1a</size>
         <input_file_ref idref="fl-b"/>
      </object_component>
      <object_component id="oc-b2">
         <name>DmaRegsFile</name>
         <uninitialized>true</uninitialized>
         <run_address>0x1000</run_address>
         <size>0xe0</size>
         <input_file_ref idref="fl-b"/>
      </object_component>
      <object_component id="oc-a4">
         <name>McbspaRegsFile</name>
         <uninitialized>true</uninitialized>
         <run_address>0x5000</run_address>
         <size>0x25</size>
         <input_file_ref idref="fl-b"/>
      </object_component>
      <object_component id="oc-a5">
         <name>McbspbRegsFile</name>
         <uninitialized>true</uninitialized>
         <run_address>0x5040</run_address>
         <size>0x25</size>
         <input_file_ref idref="fl-b"/>
      </object_component>
      <object_component id="oc-a8">
         <name>ECanaRegsFile</name>
         <uninitialized>true</uninitialized>
         <run_address>0x6000</run_address>
         <size>0x34</size>
         <input_file_ref idref="fl-b"/>
      </object_component>
      <object_component id="oc-ab">
         <name>ECanaLAMRegsFile</name>
         <uninitialized>true</uninitialized>
         <run_address>0x6040</run_address>
         <size>0x40</size>
         <input_file_ref idref="fl-b"/>
      </object_component>
      <object_component id="oc-b4">
         <name>ECanaMboxesFile</name>
         <uninitialized>true</uninitialized>
         <run_address>0x6100</run_address>
         <size>0x100</size>
         <input_file_ref idref="fl-b"/>
      </object_component>
      <object_component id="oc-ac">
         <name>ECanaMOTSRegsFile</name>
         <uninitialized>true</uninitialized>
         <run_address>0x6080</run_address>
         <size>0x40</size>
         <input_file_ref idref="fl-b"/>
      </object_component>
      <object_component id="oc-a9">
         <name>ECanaMOTORegsFile</name>
         <uninitialized>true</uninitialized>
         <run_address>0x60c0</run_address>
         <size>0x40</size>
         <input_file_ref idref="fl-b"/>
      </object_component>
      <object_component id="oc-a7">
         <name>ECanbRegsFile</name>
         <uninitialized>true</uninitialized>
         <run_address>0x6200</run_address>
         <size>0x34</size>
         <input_file_ref idref="fl-b"/>
      </object_component>
      <object_component id="oc-af">
         <name>ECanbLAMRegsFile</name>
         <uninitialized>true</uninitialized>
         <run_address>0x6240</run_address>
         <size>0x40</size>
         <input_file_ref idref="fl-b"/>
      </object_component>
      <object_component id="oc-b3">
         <name>ECanbMboxesFile</name>
         <uninitialized>true</uninitialized>
         <run_address>0x6300</run_address>
         <size>0x100</size>
         <input_file_ref idref="fl-b"/>
      </object_component>
      <object_component id="oc-aa">
         <name>ECanbMOTSRegsFile</name>
         <uninitialized>true</uninitialized>
         <run_address>0x6280</run_address>
         <size>0x40</size>
         <input_file_ref idref="fl-b"/>
      </object_component>
      <object_component id="oc-ad">
         <name>ECanbMOTORegsFile</name>
         <uninitialized>true</uninitialized>
         <run_address>0x62c0</run_address>
         <size>0x40</size>
         <input_file_ref idref="fl-b"/>
      </object_component>
      <object_component id="oc-9f">
         <name>EPwm1RegsFile</name>
         <uninitialized>true</uninitialized>
         <run_address>0x6800</run_address>
         <size>0x22</size>
         <input_file_ref idref="fl-b"/>
      </object_component>
      <object_component id="oc-9e">
         <name>EPwm2RegsFile</name>
         <uninitialized>true</uninitialized>
         <run_address>0x6840</run_address>
         <size>0x22</size>
         <input_file_ref idref="fl-b"/>
      </object_component>
      <object_component id="oc-a0">
         <name>EPwm3RegsFile</name>
         <uninitialized>true</uninitialized>
         <run_address>0x6880</run_address>
         <size>0x22</size>
         <input_file_ref idref="fl-b"/>
      </object_component>
      <object_component id="oc-a2">
         <name>EPwm4RegsFile</name>
         <uninitialized>true</uninitialized>
         <run_address>0x68c0</run_address>
         <size>0x22</size>
         <input_file_ref idref="fl-b"/>
      </object_component>
      <object_component id="oc-a1">
         <name>EPwm5RegsFile</name>
         <uninitialized>true</uninitialized>
         <run_address>0x6900</run_address>
         <size>0x22</size>
         <input_file_ref idref="fl-b"/>
      </object_component>
      <object_component id="oc-a3">
         <name>EPwm6RegsFile</name>
         <uninitialized>true</uninitialized>
         <run_address>0x6940</run_address>
         <size>0x22</size>
         <input_file_ref idref="fl-b"/>
      </object_component>
      <object_component id="oc-9b">
         <name>ECap1RegsFile</name>
         <uninitialized>true</uninitialized>
         <run_address>0x6a00</run_address>
         <size>0x20</size>
         <input_file_ref idref="fl-b"/>
      </object_component>
      <object_component id="oc-97">
         <name>ECap2RegsFile</name>
         <uninitialized>true</uninitialized>
         <run_address>0x6a20</run_address>
         <size>0x20</size>
         <input_file_ref idref="fl-b"/>
      </object_component>
      <object_component id="oc-98">
         <name>ECap3RegsFile</name>
         <uninitialized>true</uninitialized>
         <run_address>0x6a40</run_address>
         <size>0x20</size>
         <input_file_ref idref="fl-b"/>
      </object_component>
      <object_component id="oc-95">
         <name>ECap4RegsFile</name>
         <uninitialized>true</uninitialized>
         <run_address>0x6a60</run_address>
         <size>0x20</size>
         <input_file_ref idref="fl-b"/>
      </object_component>
      <object_component id="oc-96">
         <name>ECap5RegsFile</name>
         <uninitialized>true</uninitialized>
         <run_address>0x6a80</run_address>
         <size>0x20</size>
         <input_file_ref idref="fl-b"/>
      </object_component>
      <object_component id="oc-9c">
         <name>ECap6RegsFile</name>
         <uninitialized>true</uninitialized>
         <run_address>0x6aa0</run_address>
         <size>0x20</size>
         <input_file_ref idref="fl-b"/>
      </object_component>
      <object_component id="oc-b0">
         <name>EQep1RegsFile</name>
         <uninitialized>true</uninitialized>
         <run_address>0x6b00</run_address>
         <size>0x40</size>
         <input_file_ref idref="fl-b"/>
      </object_component>
      <object_component id="oc-ae">
         <name>EQep2RegsFile</name>
         <uninitialized>true</uninitialized>
         <run_address>0x6b40</run_address>
         <size>0x40</size>
         <input_file_ref idref="fl-b"/>
      </object_component>
      <object_component id="oc-a6">
         <name>GpioCtrlRegsFile</name>
         <uninitialized>true</uninitialized>
         <run_address>0x6f80</run_address>
         <size>0x2e</size>
         <input_file_ref idref="fl-b"/>
      </object_component>
      <object_component id="oc-99">
         <name>GpioDataRegsFile</name>
         <uninitialized>true</uninitialized>
         <run_address>0x6fc0</run_address>
         <size>0x20</size>
         <input_file_ref idref="fl-b"/>
      </object_component>
      <object_component id="oc-8a">
         <name>GpioIntRegsFile</name>
         <uninitialized>true</uninitialized>
         <run_address>0x6fe0</run_address>
         <size>0xa</size>
         <input_file_ref idref="fl-b"/>
      </object_component>
      <object_component id="oc-9a">
         <name>SysCtrlRegsFile</name>
         <uninitialized>true</uninitialized>
         <run_address>0x7010</run_address>
         <size>0x20</size>
         <input_file_ref idref="fl-b"/>
      </object_component>
      <object_component id="oc-8d">
         <name>SpiaRegsFile</name>
         <uninitialized>true</uninitialized>
         <run_address>0x7040</run_address>
         <size>0x10</size>
         <input_file_ref idref="fl-b"/>
      </object_component>
      <object_component id="oc-8e">
         <name>SciaRegsFile</name>
         <uninitialized>true</uninitialized>
         <run_address>0x7050</run_address>
         <size>0x10</size>
         <input_file_ref idref="fl-b"/>
      </object_component>
      <object_component id="oc-8f">
         <name>XIntruptRegsFile</name>
         <uninitialized>true</uninitialized>
         <run_address>0x7070</run_address>
         <size>0x10</size>
         <input_file_ref idref="fl-b"/>
      </object_component>
      <object_component id="oc-93">
         <name>AdcRegsFile</name>
         <uninitialized>true</uninitialized>
         <run_address>0x7100</run_address>
         <size>0x1e</size>
         <input_file_ref idref="fl-b"/>
      </object_component>
      <object_component id="oc-8c">
         <name>ScibRegsFile</name>
         <uninitialized>true</uninitialized>
         <run_address>0x7750</run_address>
         <size>0x10</size>
         <input_file_ref idref="fl-b"/>
      </object_component>
      <object_component id="oc-8b">
         <name>ScicRegsFile</name>
         <uninitialized>true</uninitialized>
         <run_address>0x7770</run_address>
         <size>0x10</size>
         <input_file_ref idref="fl-b"/>
      </object_component>
      <object_component id="oc-9d">
         <name>I2caRegsFile</name>
         <uninitialized>true</uninitialized>
         <run_address>0x7900</run_address>
         <size>0x22</size>
         <input_file_ref idref="fl-b"/>
      </object_component>
      <object_component id="oc-89">
         <name>CsmPwlFile</name>
         <uninitialized>true</uninitialized>
         <run_address>0x33fff8</run_address>
         <size>0x8</size>
         <input_file_ref idref="fl-b"/>
      </object_component>
      <object_component id="oc-116">
         <name>.cinit</name>
         <load_address>0x33b95c</load_address>
         <run_address>0x33b95c</run_address>
         <size>0x206</size>
         <input_file_ref idref="fl-1b"/>
      </object_component>
      <object_component id="oc-c7">
         <name>.cinit</name>
         <load_address>0x33bb62</load_address>
         <run_address>0x33bb62</run_address>
         <size>0x2c</size>
         <input_file_ref idref="fl-f"/>
      </object_component>
      <object_component id="oc-7e">
         <name>.cinit</name>
         <load_address>0x33bb8e</load_address>
         <run_address>0x33bb8e</run_address>
         <size>0x28</size>
         <input_file_ref idref="fl-a"/>
      </object_component>
      <object_component id="oc-f0">
         <name>.cinit</name>
         <load_address>0x33bbb6</load_address>
         <run_address>0x33bbb6</run_address>
         <size>0x14</size>
         <input_file_ref idref="fl-16"/>
      </object_component>
      <object_component id="oc-152">
         <name>.cinit</name>
         <load_address>0x33bbca</load_address>
         <run_address>0x33bbca</run_address>
         <size>0xe</size>
         <input_file_ref idref="fl-34"/>
      </object_component>
      <object_component id="oc-12a">
         <name>.cinit</name>
         <load_address>0x33bbd8</load_address>
         <run_address>0x33bbd8</run_address>
         <size>0xc</size>
         <input_file_ref idref="fl-1e"/>
      </object_component>
      <object_component id="oc-106">
         <name>.cinit</name>
         <load_address>0x33bbe4</load_address>
         <run_address>0x33bbe4</run_address>
         <size>0x5</size>
         <input_file_ref idref="fl-19"/>
      </object_component>
      <object_component id="oc-19d">
         <name>.cinit:__lock</name>
         <load_address>0x33bbe9</load_address>
         <run_address>0x33bbe9</run_address>
         <size>0x5</size>
         <input_file_ref idref="fl-3d"/>
      </object_component>
      <object_component id="oc-1b0">
         <name>.cinit:__unlock</name>
         <load_address>0x33bbee</load_address>
         <run_address>0x33bbee</run_address>
         <size>0x5</size>
         <input_file_ref idref="fl-3d"/>
      </object_component>
      <object_component id="oc-e3">
         <name>.cinit</name>
         <load_address>0x33bbf3</load_address>
         <run_address>0x33bbf3</run_address>
         <size>0x4</size>
         <input_file_ref idref="fl-14"/>
      </object_component>
      <object_component id="oc-123">
         <name>.cinit</name>
         <load_address>0x33bbf7</load_address>
         <run_address>0x33bbf7</run_address>
         <size>0x4</size>
         <input_file_ref idref="fl-1d"/>
      </object_component>
      <object_component id="oc-14e">
         <name>.cinit</name>
         <load_address>0x33bbfb</load_address>
         <run_address>0x33bbfb</run_address>
         <size>0x4</size>
         <input_file_ref idref="fl-33"/>
      </object_component>
      <object_component id="oc-1a8">
         <name>.text</name>
         <load_address>0x338000</load_address>
         <run_address>0x338000</run_address>
         <size>0x6bc</size>
         <input_file_ref idref="fl-1b"/>
      </object_component>
      <object_component id="oc-19a">
         <name>.text</name>
         <load_address>0x3386bc</load_address>
         <run_address>0x3386bc</run_address>
         <size>0x558</size>
         <input_file_ref idref="fl-1d"/>
      </object_component>
      <object_component id="oc-198">
         <name>.text</name>
         <load_address>0x338c14</load_address>
         <run_address>0x338c14</run_address>
         <size>0x474</size>
         <input_file_ref idref="fl-a"/>
      </object_component>
      <object_component id="oc-194">
         <name>.text</name>
         <load_address>0x339088</load_address>
         <run_address>0x339088</run_address>
         <size>0x442</size>
         <input_file_ref idref="fl-17"/>
      </object_component>
      <object_component id="oc-1aa">
         <name>.text</name>
         <load_address>0x3394ca</load_address>
         <run_address>0x3394ca</run_address>
         <size>0x432</size>
         <input_file_ref idref="fl-7"/>
      </object_component>
      <object_component id="oc-197">
         <name>.text</name>
         <load_address>0x3398fc</load_address>
         <run_address>0x3398fc</run_address>
         <size>0x357</size>
         <input_file_ref idref="fl-16"/>
      </object_component>
      <object_component id="oc-199">
         <name>.text</name>
         <load_address>0x339c53</load_address>
         <run_address>0x339c53</run_address>
         <size>0x33e</size>
         <input_file_ref idref="fl-f"/>
      </object_component>
      <object_component id="oc-73">
         <name>.text:retain</name>
         <load_address>0x339f91</load_address>
         <run_address>0x339f91</run_address>
         <size>0x323</size>
         <input_file_ref idref="fl-8"/>
      </object_component>
      <object_component id="oc-1ab">
         <name>.text</name>
         <load_address>0x33a2b4</load_address>
         <run_address>0x33a2b4</run_address>
         <size>0x2a4</size>
         <input_file_ref idref="fl-3"/>
      </object_component>
      <object_component id="oc-133">
         <name>.text:retain</name>
         <load_address>0x33a558</load_address>
         <run_address>0x33a558</run_address>
         <size>0x2a4</size>
         <input_file_ref idref="fl-1f"/>
      </object_component>
      <object_component id="oc-195">
         <name>.text</name>
         <load_address>0x33a7fc</load_address>
         <run_address>0x33a7fc</run_address>
         <size>0x29f</size>
         <input_file_ref idref="fl-1f"/>
      </object_component>
      <object_component id="oc-1a2">
         <name>.text</name>
         <load_address>0x33aa9b</load_address>
         <run_address>0x33aa9b</run_address>
         <size>0x1c9</size>
         <input_file_ref idref="fl-19"/>
      </object_component>
      <object_component id="oc-19b">
         <name>.text</name>
         <load_address>0x33ac64</load_address>
         <run_address>0x33ac64</run_address>
         <size>0x18f</size>
         <input_file_ref idref="fl-1a"/>
      </object_component>
      <object_component id="oc-1ad">
         <name>.text</name>
         <load_address>0x33adf3</load_address>
         <run_address>0x33adf3</run_address>
         <size>0x133</size>
         <input_file_ref idref="fl-1e"/>
      </object_component>
      <object_component id="oc-196">
         <name>.text</name>
         <load_address>0x33af26</load_address>
         <run_address>0x33af26</run_address>
         <size>0x10c</size>
         <input_file_ref idref="fl-18"/>
      </object_component>
      <object_component id="oc-162">
         <name>.text</name>
         <load_address>0x33b032</load_address>
         <run_address>0x33b032</run_address>
         <size>0x107</size>
         <input_file_ref idref="fl-37"/>
      </object_component>
      <object_component id="oc-1a5">
         <name>.text</name>
         <load_address>0x33b139</load_address>
         <run_address>0x33b139</run_address>
         <size>0x102</size>
         <input_file_ref idref="fl-10"/>
      </object_component>
      <object_component id="oc-1a9">
         <name>.text</name>
         <load_address>0x33b23b</load_address>
         <run_address>0x33b23b</run_address>
         <size>0xfb</size>
         <input_file_ref idref="fl-1c"/>
      </object_component>
      <object_component id="oc-1a7">
         <name>.text</name>
         <load_address>0x33b336</load_address>
         <run_address>0x33b336</run_address>
         <size>0xce</size>
         <input_file_ref idref="fl-11"/>
      </object_component>
      <object_component id="oc-c9">
         <name>.text:retain</name>
         <load_address>0x33b404</load_address>
         <run_address>0x33b404</run_address>
         <size>0xb8</size>
         <input_file_ref idref="fl-f"/>
      </object_component>
      <object_component id="oc-1ac">
         <name>.text</name>
         <load_address>0x33b4bc</load_address>
         <run_address>0x33b4bc</run_address>
         <size>0x9b</size>
         <input_file_ref idref="fl-6"/>
      </object_component>
      <object_component id="oc-e5">
         <name>.text:retain</name>
         <load_address>0x33b557</load_address>
         <run_address>0x33b557</run_address>
         <size>0x8a</size>
         <input_file_ref idref="fl-14"/>
      </object_component>
      <object_component id="oc-158">
         <name>.text</name>
         <load_address>0x33b5e1</load_address>
         <run_address>0x33b5e1</run_address>
         <size>0x88</size>
         <input_file_ref idref="fl-35"/>
      </object_component>
      <object_component id="oc-1ae">
         <name>.text</name>
         <load_address>0x33b669</load_address>
         <run_address>0x33b669</run_address>
         <size>0x58</size>
         <input_file_ref idref="fl-3a"/>
      </object_component>
      <object_component id="oc-51">
         <name>.text</name>
         <load_address>0x33b6c1</load_address>
         <run_address>0x33b6c1</run_address>
         <size>0x56</size>
         <input_file_ref idref="fl-2f"/>
      </object_component>
      <object_component id="oc-12d">
         <name>.text:retain</name>
         <load_address>0x33b717</load_address>
         <run_address>0x33b717</run_address>
         <size>0x50</size>
         <input_file_ref idref="fl-1e"/>
      </object_component>
      <object_component id="oc-f2">
         <name>.text:retain</name>
         <load_address>0x33b767</load_address>
         <run_address>0x33b767</run_address>
         <size>0x47</size>
         <input_file_ref idref="fl-16"/>
      </object_component>
      <object_component id="oc-18b">
         <name>.text</name>
         <load_address>0x33b7ae</load_address>
         <run_address>0x33b7ae</run_address>
         <size>0x46</size>
         <input_file_ref idref="fl-30"/>
      </object_component>
      <object_component id="oc-15d">
         <name>.text</name>
         <load_address>0x33b7f4</load_address>
         <run_address>0x33b7f4</run_address>
         <size>0x2a</size>
         <input_file_ref idref="fl-36"/>
      </object_component>
      <object_component id="oc-18e">
         <name>.text</name>
         <load_address>0x33b81e</load_address>
         <run_address>0x33b81e</run_address>
         <size>0x29</size>
         <input_file_ref idref="fl-34"/>
      </object_component>
      <object_component id="oc-1b1">
         <name>.text</name>
         <load_address>0x33b847</load_address>
         <run_address>0x33b847</run_address>
         <size>0x28</size>
         <input_file_ref idref="fl-d"/>
      </object_component>
      <object_component id="oc-18c">
         <name>.text</name>
         <load_address>0x33b86f</load_address>
         <run_address>0x33b86f</run_address>
         <size>0x1</size>
         <input_file_ref idref="fl-3b"/>
      </object_component>
      <object_component id="oc-19e">
         <name>.text</name>
         <load_address>0x33b870</load_address>
         <run_address>0x33b870</run_address>
         <size>0x25</size>
         <input_file_ref idref="fl-32"/>
      </object_component>
      <object_component id="oc-1b2">
         <name>.text</name>
         <load_address>0x33b895</load_address>
         <run_address>0x33b895</run_address>
         <size>0x20</size>
         <input_file_ref idref="fl-e"/>
      </object_component>
      <object_component id="oc-143">
         <name>.text</name>
         <load_address>0x33b8b5</load_address>
         <run_address>0x33b8b5</run_address>
         <size>0x1a</size>
         <input_file_ref idref="fl-31"/>
      </object_component>
      <object_component id="oc-18d">
         <name>.text</name>
         <load_address>0x33b8cf</load_address>
         <run_address>0x33b8cf</run_address>
         <size>0x19</size>
         <input_file_ref idref="fl-3e"/>
      </object_component>
      <object_component id="oc-1a6">
         <name>.text</name>
         <load_address>0x33b8e8</load_address>
         <run_address>0x33b8e8</run_address>
         <size>0x13</size>
         <input_file_ref idref="fl-c"/>
      </object_component>
      <object_component id="oc-1a4">
         <name>.text</name>
         <load_address>0x33b8fb</load_address>
         <run_address>0x33b8fb</run_address>
         <size>0x11</size>
         <input_file_ref idref="fl-15"/>
      </object_component>
      <object_component id="oc-6d">
         <name>.text:retain</name>
         <load_address>0x33b90c</load_address>
         <run_address>0x33b90c</run_address>
         <size>0x11</size>
         <input_file_ref idref="fl-7"/>
      </object_component>
      <object_component id="oc-17b">
         <name>.text</name>
         <load_address>0x33b91d</load_address>
         <run_address>0x33b91d</run_address>
         <size>0x11</size>
         <input_file_ref idref="fl-3c"/>
      </object_component>
      <object_component id="oc-1a3">
         <name>.text</name>
         <load_address>0x33b92e</load_address>
         <run_address>0x33b92e</run_address>
         <size>0xf</size>
         <input_file_ref idref="fl-9"/>
      </object_component>
      <object_component id="oc-1a1">
         <name>.text</name>
         <load_address>0x33b93d</load_address>
         <run_address>0x33b93d</run_address>
         <size>0xc</size>
         <input_file_ref idref="fl-38"/>
      </object_component>
      <object_component id="oc-1af">
         <name>.text</name>
         <load_address>0x33b949</load_address>
         <run_address>0x33b949</run_address>
         <size>0x9</size>
         <input_file_ref idref="fl-3d"/>
      </object_component>
      <object_component id="oc-5e">
         <name>.text</name>
         <load_address>0x33b952</load_address>
         <run_address>0x33b952</run_address>
         <size>0x8</size>
         <input_file_ref idref="fl-5"/>
      </object_component>
      <object_component id="oc-18a">
         <name>.text</name>
         <load_address>0x33b95a</load_address>
         <run_address>0x33b95a</run_address>
         <size>0x2</size>
         <input_file_ref idref="fl-39"/>
      </object_component>
      <object_component id="oc-5f">
         <name>codestart</name>
         <load_address>0x33fff6</load_address>
         <run_address>0x33fff6</run_address>
         <size>0x2</size>
         <input_file_ref idref="fl-5"/>
      </object_component>
      <object_component id="oc-d8">
         <name>ramfuncs</name>
         <load_address>0x320000</load_address>
         <run_address>0x8000</run_address>
         <size>0x4</size>
         <input_file_ref idref="fl-12"/>
      </object_component>
      <object_component id="oc-192">
         <name>ramcode</name>
         <load_address>0x318000</load_address>
         <run_address>0xa000</run_address>
         <size>0x5ff</size>
         <input_file_ref idref="fl-13"/>
      </object_component>
      <object_component id="oc-12c">
         <name>ramcode:retain</name>
         <load_address>0x3185ff</load_address>
         <run_address>0xa5ff</run_address>
         <size>0x32c</size>
         <input_file_ref idref="fl-1e"/>
      </object_component>
      <object_component id="oc-193">
         <name>ramcode</name>
         <load_address>0x31892b</load_address>
         <run_address>0xa92b</run_address>
         <size>0x29b</size>
         <input_file_ref idref="fl-16"/>
      </object_component>
      <object_component id="oc-190">
         <name>ramcode</name>
         <load_address>0x318bc6</load_address>
         <run_address>0xabc6</run_address>
         <size>0x27f</size>
         <input_file_ref idref="fl-1e"/>
      </object_component>
      <object_component id="oc-191">
         <name>ramcode</name>
         <load_address>0x318e45</load_address>
         <run_address>0xae45</run_address>
         <size>0x88</size>
         <input_file_ref idref="fl-18"/>
      </object_component>
      <object_component id="oc-18f">
         <name>ramcode</name>
         <load_address>0x318ecd</load_address>
         <run_address>0xaecd</run_address>
         <size>0x5b</size>
         <input_file_ref idref="fl-3"/>
      </object_component>
      <object_component id="oc-5c">
         <name>csmpasswds</name>
         <load_address>0x33fff8</load_address>
         <run_address>0x33fff8</run_address>
         <size>0x8</size>
         <input_file_ref idref="fl-4"/>
      </object_component>
      <object_component id="oc-5d">
         <name>csm_rsvd</name>
         <load_address>0x33ff80</load_address>
         <run_address>0x33ff80</run_address>
         <size>0x76</size>
         <input_file_ref idref="fl-4"/>
      </object_component>
      <object_component id="oc-138">
         <name>.stack</name>
         <uninitialized>true</uninitialized>
         <run_address>0x400</run_address>
         <size>0x0</size>
         <input_file_ref idref="fl-2f"/>
      </object_component>
      <object_component id="oc-210">
         <name>.stack</name>
         <uninitialized>true</uninitialized>
         <run_address>0x400</run_address>
         <size>0x0</size>
      </object_component>
      <object_component id="oc-6c">
         <name>.DMARAML4</name>
         <uninitialized>true</uninitialized>
         <run_address>0xc000</run_address>
         <size>0x14</size>
         <input_file_ref idref="fl-7"/>
      </object_component>
      <object_component id="oc-65">
         <name>.ebss</name>
         <uninitialized>true</uninitialized>
         <run_address>0xd810</run_address>
         <size>0x18</size>
         <input_file_ref idref="fl-6"/>
      </object_component>
      <object_component id="oc-6b">
         <name>.ebss</name>
         <uninitialized>true</uninitialized>
         <run_address>0xdc74</run_address>
         <size>0x4</size>
         <input_file_ref idref="fl-7"/>
      </object_component>
      <object_component id="oc-7f">
         <name>.ebss</name>
         <uninitialized>true</uninitialized>
         <run_address>0xdc80</run_address>
         <size>0x74</size>
         <input_file_ref idref="fl-a"/>
      </object_component>
      <object_component id="oc-c8">
         <name>.ebss</name>
         <uninitialized>true</uninitialized>
         <run_address>0xd840</run_address>
         <size>0x340</size>
         <input_file_ref idref="fl-f"/>
      </object_component>
      <object_component id="oc-e4">
         <name>.ebss</name>
         <uninitialized>true</uninitialized>
         <run_address>0xd000</run_address>
         <size>0x810</size>
         <input_file_ref idref="fl-14"/>
      </object_component>
      <object_component id="oc-f1">
         <name>.ebss</name>
         <uninitialized>true</uninitialized>
         <run_address>0xd828</run_address>
         <size>0x15</size>
         <input_file_ref idref="fl-16"/>
      </object_component>
      <object_component id="oc-107">
         <name>.ebss</name>
         <uninitialized>true</uninitialized>
         <run_address>0xdc78</run_address>
         <size>0x2</size>
         <input_file_ref idref="fl-19"/>
      </object_component>
      <object_component id="oc-10d">
         <name>.ebss</name>
         <uninitialized>true</uninitialized>
         <run_address>0xdb80</run_address>
         <size>0xee</size>
         <input_file_ref idref="fl-1a"/>
      </object_component>
      <object_component id="oc-124">
         <name>.ebss</name>
         <uninitialized>true</uninitialized>
         <run_address>0xdc7e</run_address>
         <size>0x1</size>
         <input_file_ref idref="fl-1d"/>
      </object_component>
      <object_component id="oc-12b">
         <name>.ebss</name>
         <uninitialized>true</uninitialized>
         <run_address>0xd83d</run_address>
         <size>0x3</size>
         <input_file_ref idref="fl-1e"/>
      </object_component>
      <object_component id="oc-14f">
         <name>.ebss</name>
         <uninitialized>true</uninitialized>
         <run_address>0xdc7f</run_address>
         <size>0x1</size>
         <input_file_ref idref="fl-33"/>
      </object_component>
      <object_component id="oc-153">
         <name>.ebss</name>
         <uninitialized>true</uninitialized>
         <run_address>0xdc6e</run_address>
         <size>0x6</size>
         <input_file_ref idref="fl-34"/>
      </object_component>
      <object_component id="oc-1b3">
         <name>.ebss:__unlock</name>
         <uninitialized>true</uninitialized>
         <run_address>0xdc7c</run_address>
         <size>0x2</size>
         <input_file_ref idref="fl-3d"/>
      </object_component>
      <object_component id="oc-19c">
         <name>.ebss:__lock</name>
         <uninitialized>true</uninitialized>
         <run_address>0xdc7a</run_address>
         <size>0x2</size>
         <input_file_ref idref="fl-3d"/>
      </object_component>
      <object_component id="oc-11d">
         <name>.ParaTab</name>
         <uninitialized>true</uninitialized>
         <run_address>0xdd00</run_address>
         <size>0x1c0</size>
         <input_file_ref idref="fl-1c"/>
      </object_component>
      <object_component id="oc-fd">
         <name>.SciData</name>
         <uninitialized>true</uninitialized>
         <run_address>0xee80</run_address>
         <size>0x36</size>
         <input_file_ref idref="fl-18"/>
      </object_component>
      <object_component id="oc-117">
         <name>.SciData</name>
         <uninitialized>true</uninitialized>
         <run_address>0xeac0</run_address>
         <size>0x3c0</size>
         <input_file_ref idref="fl-1b"/>
      </object_component>
      <object_component id="oc-110">
         <name>.SinTab</name>
         <uninitialized>true</uninitialized>
         <run_address>0xe6c0</run_address>
         <size>0x400</size>
         <input_file_ref idref="fl-1a"/>
      </object_component>
      <object_component id="oc-10e">
         <name>.URmsReg</name>
         <uninitialized>true</uninitialized>
         <run_address>0xe000</run_address>
         <size>0x68a</size>
         <input_file_ref idref="fl-1a"/>
      </object_component>
      <object_component id="oc-10f">
         <name>.SPLLData</name>
         <uninitialized>true</uninitialized>
         <run_address>0xf000</run_address>
         <size>0x8ee</size>
         <input_file_ref idref="fl-1a"/>
      </object_component>
      <object_component id="oc-fe">
         <name>.ExRamCtrl</name>
         <uninitialized>true</uninitialized>
         <run_address>0x180000</run_address>
         <size>0x840</size>
         <input_file_ref idref="fl-18"/>
      </object_component>
      <object_component id="oc-ff">
         <name>.ExRamData</name>
         <uninitialized>true</uninitialized>
         <run_address>0x184000</run_address>
         <size>0x14000</size>
         <input_file_ref idref="fl-18"/>
      </object_component>
      <object_component id="oc-100">
         <name>.EmRamData</name>
         <uninitialized>true</uninitialized>
         <run_address>0x1a0000</run_address>
         <size>0x20000</size>
         <input_file_ref idref="fl-18"/>
      </object_component>
      <object_component id="oc-1b4">
         <name>.econst:_PieVectTableInit</name>
         <load_address>0x33bc02</load_address>
         <run_address>0x33bc02</run_address>
         <size>0x100</size>
         <input_file_ref idref="fl-e"/>
      </object_component>
      <object_component id="oc-19f">
         <name>.switch:_ControlGPIOOut</name>
         <load_address>0x33bd02</load_address>
         <run_address>0x33bd02</run_address>
         <size>0x22</size>
         <input_file_ref idref="fl-16"/>
      </object_component>
      <object_component id="oc-1a0">
         <name>.switch:_CtrlSCREnable</name>
         <load_address>0x33bd24</load_address>
         <run_address>0x33bd24</run_address>
         <size>0x1c</size>
         <input_file_ref idref="fl-16"/>
      </object_component>
      <object_component id="oc-139">
         <name>.reset</name>
         <load_address>0x3fffc0</load_address>
         <run_address>0x3fffc0</run_address>
         <size>0x2</size>
         <input_file_ref idref="fl-2f"/>
      </object_component>
      <object_component id="oc-52">
         <name>.adc_cal</name>
         <load_address>0x380080</load_address>
         <run_address>0x380080</run_address>
         <size>0x7</size>
         <input_file_ref idref="fl-2"/>
      </object_component>
      <object_component id="oc-53">
         <name>.debug_info</name>
         <load_address>0x0</load_address>
         <run_address>0x0</run_address>
         <size>0x118</size>
         <input_file_ref idref="fl-2"/>
      </object_component>
      <object_component id="oc-57">
         <name>.debug_info</name>
         <load_address>0x118</load_address>
         <run_address>0x118</run_address>
         <size>0x1b7d</size>
         <input_file_ref idref="fl-3"/>
      </object_component>
      <object_component id="oc-60">
         <name>.debug_info</name>
         <load_address>0x1c95</load_address>
         <run_address>0x1c95</run_address>
         <size>0x156</size>
         <input_file_ref idref="fl-5"/>
      </object_component>
      <object_component id="oc-64">
         <name>.debug_info</name>
         <load_address>0x1deb</load_address>
         <run_address>0x1deb</run_address>
         <size>0x18a7</size>
         <input_file_ref idref="fl-6"/>
      </object_component>
      <object_component id="oc-6a">
         <name>.debug_info</name>
         <load_address>0x3692</load_address>
         <run_address>0x3692</run_address>
         <size>0x5006</size>
         <input_file_ref idref="fl-7"/>
      </object_component>
      <object_component id="oc-72">
         <name>.debug_info</name>
         <load_address>0x8698</load_address>
         <run_address>0x8698</run_address>
         <size>0x24f8</size>
         <input_file_ref idref="fl-8"/>
      </object_component>
      <object_component id="oc-78">
         <name>.debug_info</name>
         <load_address>0xab90</load_address>
         <run_address>0xab90</run_address>
         <size>0x413</size>
         <input_file_ref idref="fl-9"/>
      </object_component>
      <object_component id="oc-7d">
         <name>.debug_info</name>
         <load_address>0xafa3</load_address>
         <run_address>0xafa3</run_address>
         <size>0x91d2</size>
         <input_file_ref idref="fl-a"/>
      </object_component>
      <object_component id="oc-84">
         <name>.debug_info</name>
         <load_address>0x14175</load_address>
         <run_address>0x14175</run_address>
         <size>0x13248</size>
         <input_file_ref idref="fl-b"/>
      </object_component>
      <object_component id="oc-b7">
         <name>.debug_info</name>
         <load_address>0x273bd</load_address>
         <run_address>0x273bd</run_address>
         <size>0x49e</size>
         <input_file_ref idref="fl-c"/>
      </object_component>
      <object_component id="oc-bc">
         <name>.debug_info</name>
         <load_address>0x2785b</load_address>
         <run_address>0x2785b</run_address>
         <size>0xb8d</size>
         <input_file_ref idref="fl-d"/>
      </object_component>
      <object_component id="oc-c1">
         <name>.debug_info</name>
         <load_address>0x283e8</load_address>
         <run_address>0x283e8</run_address>
         <size>0x22f1</size>
         <input_file_ref idref="fl-e"/>
      </object_component>
      <object_component id="oc-c6">
         <name>.debug_info</name>
         <load_address>0x2a6d9</load_address>
         <run_address>0x2a6d9</run_address>
         <size>0x4c10</size>
         <input_file_ref idref="fl-f"/>
      </object_component>
      <object_component id="oc-ce">
         <name>.debug_info</name>
         <load_address>0x2f2e9</load_address>
         <run_address>0x2f2e9</run_address>
         <size>0x2045</size>
         <input_file_ref idref="fl-10"/>
      </object_component>
      <object_component id="oc-d3">
         <name>.debug_info</name>
         <load_address>0x3132e</load_address>
         <run_address>0x3132e</run_address>
         <size>0x22a6</size>
         <input_file_ref idref="fl-11"/>
      </object_component>
      <object_component id="oc-d9">
         <name>.debug_info</name>
         <load_address>0x335d4</load_address>
         <run_address>0x335d4</run_address>
         <size>0x118</size>
         <input_file_ref idref="fl-12"/>
      </object_component>
      <object_component id="oc-dd">
         <name>.debug_info</name>
         <load_address>0x336ec</load_address>
         <run_address>0x336ec</run_address>
         <size>0x172c</size>
         <input_file_ref idref="fl-13"/>
      </object_component>
      <object_component id="oc-e2">
         <name>.debug_info</name>
         <load_address>0x34e18</load_address>
         <run_address>0x34e18</run_address>
         <size>0x44f3</size>
         <input_file_ref idref="fl-14"/>
      </object_component>
      <object_component id="oc-ea">
         <name>.debug_info</name>
         <load_address>0x3930b</load_address>
         <run_address>0x3930b</run_address>
         <size>0x4e8</size>
         <input_file_ref idref="fl-15"/>
      </object_component>
      <object_component id="oc-ef">
         <name>.debug_info</name>
         <load_address>0x397f3</load_address>
         <run_address>0x397f3</run_address>
         <size>0x6400</size>
         <input_file_ref idref="fl-16"/>
      </object_component>
      <object_component id="oc-f7">
         <name>.debug_info</name>
         <load_address>0x3fbf3</load_address>
         <run_address>0x3fbf3</run_address>
         <size>0x5849</size>
         <input_file_ref idref="fl-17"/>
      </object_component>
      <object_component id="oc-fc">
         <name>.debug_info</name>
         <load_address>0x4543c</load_address>
         <run_address>0x4543c</run_address>
         <size>0x2e0c</size>
         <input_file_ref idref="fl-18"/>
      </object_component>
      <object_component id="oc-105">
         <name>.debug_info</name>
         <load_address>0x48248</load_address>
         <run_address>0x48248</run_address>
         <size>0x819</size>
         <input_file_ref idref="fl-19"/>
      </object_component>
      <object_component id="oc-10c">
         <name>.debug_info</name>
         <load_address>0x48a61</load_address>
         <run_address>0x48a61</run_address>
         <size>0x4cf8</size>
         <input_file_ref idref="fl-1a"/>
      </object_component>
      <object_component id="oc-115">
         <name>.debug_info</name>
         <load_address>0x4d759</load_address>
         <run_address>0x4d759</run_address>
         <size>0x341b</size>
         <input_file_ref idref="fl-1b"/>
      </object_component>
      <object_component id="oc-11c">
         <name>.debug_info</name>
         <load_address>0x50b74</load_address>
         <run_address>0x50b74</run_address>
         <size>0x22b1</size>
         <input_file_ref idref="fl-1c"/>
      </object_component>
      <object_component id="oc-122">
         <name>.debug_info</name>
         <load_address>0x52e25</load_address>
         <run_address>0x52e25</run_address>
         <size>0x41b0</size>
         <input_file_ref idref="fl-1d"/>
      </object_component>
      <object_component id="oc-129">
         <name>.debug_info</name>
         <load_address>0x56fd5</load_address>
         <run_address>0x56fd5</run_address>
         <size>0x6508</size>
         <input_file_ref idref="fl-1e"/>
      </object_component>
      <object_component id="oc-132">
         <name>.debug_info</name>
         <load_address>0x5d4dd</load_address>
         <run_address>0x5d4dd</run_address>
         <size>0x6419</size>
         <input_file_ref idref="fl-1f"/>
      </object_component>
      <object_component id="oc-13a">
         <name>.debug_info</name>
         <load_address>0x638f6</load_address>
         <run_address>0x638f6</run_address>
         <size>0x16c</size>
         <input_file_ref idref="fl-2f"/>
      </object_component>
      <object_component id="oc-13e">
         <name>.debug_info</name>
         <load_address>0x63a62</load_address>
         <run_address>0x63a62</run_address>
         <size>0x628</size>
         <input_file_ref idref="fl-30"/>
      </object_component>
      <object_component id="oc-144">
         <name>.debug_info</name>
         <load_address>0x6408a</load_address>
         <run_address>0x6408a</run_address>
         <size>0x113</size>
         <input_file_ref idref="fl-31"/>
      </object_component>
      <object_component id="oc-148">
         <name>.debug_info</name>
         <load_address>0x6419d</load_address>
         <run_address>0x6419d</run_address>
         <size>0x43b</size>
         <input_file_ref idref="fl-32"/>
      </object_component>
      <object_component id="oc-14d">
         <name>.debug_info</name>
         <load_address>0x645d8</load_address>
         <run_address>0x645d8</run_address>
         <size>0x1bc</size>
         <input_file_ref idref="fl-33"/>
      </object_component>
      <object_component id="oc-151">
         <name>.debug_info</name>
         <load_address>0x64794</load_address>
         <run_address>0x64794</run_address>
         <size>0x5ac</size>
         <input_file_ref idref="fl-34"/>
      </object_component>
      <object_component id="oc-159">
         <name>.debug_info</name>
         <load_address>0x64d40</load_address>
         <run_address>0x64d40</run_address>
         <size>0x10d</size>
         <input_file_ref idref="fl-35"/>
      </object_component>
      <object_component id="oc-15e">
         <name>.debug_info</name>
         <load_address>0x64e4d</load_address>
         <run_address>0x64e4d</run_address>
         <size>0x19e</size>
         <input_file_ref idref="fl-36"/>
      </object_component>
      <object_component id="oc-163">
         <name>.debug_info</name>
         <load_address>0x64feb</load_address>
         <run_address>0x64feb</run_address>
         <size>0x22a</size>
         <input_file_ref idref="fl-37"/>
      </object_component>
      <object_component id="oc-167">
         <name>.debug_info</name>
         <load_address>0x65215</load_address>
         <run_address>0x65215</run_address>
         <size>0x528</size>
         <input_file_ref idref="fl-38"/>
      </object_component>
      <object_component id="oc-16c">
         <name>.debug_info</name>
         <load_address>0x6573d</load_address>
         <run_address>0x6573d</run_address>
         <size>0x3e3</size>
         <input_file_ref idref="fl-39"/>
      </object_component>
      <object_component id="oc-171">
         <name>.debug_info</name>
         <load_address>0x65b20</load_address>
         <run_address>0x65b20</run_address>
         <size>0x435</size>
         <input_file_ref idref="fl-3a"/>
      </object_component>
      <object_component id="oc-176">
         <name>.debug_info</name>
         <load_address>0x65f55</load_address>
         <run_address>0x65f55</run_address>
         <size>0x3e0</size>
         <input_file_ref idref="fl-3b"/>
      </object_component>
      <object_component id="oc-17c">
         <name>.debug_info</name>
         <load_address>0x66335</load_address>
         <run_address>0x66335</run_address>
         <size>0x11a</size>
         <input_file_ref idref="fl-3c"/>
      </object_component>
      <object_component id="oc-180">
         <name>.debug_info</name>
         <load_address>0x6644f</load_address>
         <run_address>0x6644f</run_address>
         <size>0x502</size>
         <input_file_ref idref="fl-3d"/>
      </object_component>
      <object_component id="oc-185">
         <name>.debug_info</name>
         <load_address>0x66951</load_address>
         <run_address>0x66951</run_address>
         <size>0x4cf</size>
         <input_file_ref idref="fl-3e"/>
      </object_component>
      <object_component id="oc-211">
         <name>.debug_info</name>
         <load_address>0x66e20</load_address>
         <run_address>0x66e20</run_address>
         <size>0xc6</size>
      </object_component>
      <object_component id="oc-54">
         <name>.debug_line</name>
         <load_address>0x0</load_address>
         <run_address>0x0</run_address>
         <size>0x50</size>
         <input_file_ref idref="fl-2"/>
      </object_component>
      <object_component id="oc-59">
         <name>.debug_line</name>
         <load_address>0x50</load_address>
         <run_address>0x50</run_address>
         <size>0x2b9</size>
         <input_file_ref idref="fl-3"/>
      </object_component>
      <object_component id="oc-61">
         <name>.debug_line</name>
         <load_address>0x309</load_address>
         <run_address>0x309</run_address>
         <size>0x68</size>
         <input_file_ref idref="fl-5"/>
      </object_component>
      <object_component id="oc-67">
         <name>.debug_line</name>
         <load_address>0x371</load_address>
         <run_address>0x371</run_address>
         <size>0x9b</size>
         <input_file_ref idref="fl-6"/>
      </object_component>
      <object_component id="oc-6f">
         <name>.debug_line</name>
         <load_address>0x40c</load_address>
         <run_address>0x40c</run_address>
         <size>0x4fb</size>
         <input_file_ref idref="fl-7"/>
      </object_component>
      <object_component id="oc-75">
         <name>.debug_line</name>
         <load_address>0x907</load_address>
         <run_address>0x907</run_address>
         <size>0x769</size>
         <input_file_ref idref="fl-8"/>
      </object_component>
      <object_component id="oc-7a">
         <name>.debug_line</name>
         <load_address>0x1070</load_address>
         <run_address>0x1070</run_address>
         <size>0x57</size>
         <input_file_ref idref="fl-9"/>
      </object_component>
      <object_component id="oc-81">
         <name>.debug_line</name>
         <load_address>0x10c7</load_address>
         <run_address>0x10c7</run_address>
         <size>0x2ed</size>
         <input_file_ref idref="fl-a"/>
      </object_component>
      <object_component id="oc-b9">
         <name>.debug_line</name>
         <load_address>0x13b4</load_address>
         <run_address>0x13b4</run_address>
         <size>0x5e</size>
         <input_file_ref idref="fl-c"/>
      </object_component>
      <object_component id="oc-be">
         <name>.debug_line</name>
         <load_address>0x1412</load_address>
         <run_address>0x1412</run_address>
         <size>0x8d</size>
         <input_file_ref idref="fl-d"/>
      </object_component>
      <object_component id="oc-c3">
         <name>.debug_line</name>
         <load_address>0x149f</load_address>
         <run_address>0x149f</run_address>
         <size>0x6f</size>
         <input_file_ref idref="fl-e"/>
      </object_component>
      <object_component id="oc-cb">
         <name>.debug_line</name>
         <load_address>0x150e</load_address>
         <run_address>0x150e</run_address>
         <size>0x4c7</size>
         <input_file_ref idref="fl-f"/>
      </object_component>
      <object_component id="oc-d0">
         <name>.debug_line</name>
         <load_address>0x19d5</load_address>
         <run_address>0x19d5</run_address>
         <size>0x153</size>
         <input_file_ref idref="fl-10"/>
      </object_component>
      <object_component id="oc-d5">
         <name>.debug_line</name>
         <load_address>0x1b28</load_address>
         <run_address>0x1b28</run_address>
         <size>0xea</size>
         <input_file_ref idref="fl-11"/>
      </object_component>
      <object_component id="oc-da">
         <name>.debug_line</name>
         <load_address>0x1c12</load_address>
         <run_address>0x1c12</run_address>
         <size>0x4f</size>
         <input_file_ref idref="fl-12"/>
      </object_component>
      <object_component id="oc-df">
         <name>.debug_line</name>
         <load_address>0x1c61</load_address>
         <run_address>0x1c61</run_address>
         <size>0x2ee</size>
         <input_file_ref idref="fl-13"/>
      </object_component>
      <object_component id="oc-e7">
         <name>.debug_line</name>
         <load_address>0x1f4f</load_address>
         <run_address>0x1f4f</run_address>
         <size>0x94</size>
         <input_file_ref idref="fl-14"/>
      </object_component>
      <object_component id="oc-ec">
         <name>.debug_line</name>
         <load_address>0x1fe3</load_address>
         <run_address>0x1fe3</run_address>
         <size>0x67</size>
         <input_file_ref idref="fl-15"/>
      </object_component>
      <object_component id="oc-f4">
         <name>.debug_line</name>
         <load_address>0x204a</load_address>
         <run_address>0x204a</run_address>
         <size>0x789</size>
         <input_file_ref idref="fl-16"/>
      </object_component>
      <object_component id="oc-f9">
         <name>.debug_line</name>
         <load_address>0x27d3</load_address>
         <run_address>0x27d3</run_address>
         <size>0x3c8</size>
         <input_file_ref idref="fl-17"/>
      </object_component>
      <object_component id="oc-102">
         <name>.debug_line</name>
         <load_address>0x2b9b</load_address>
         <run_address>0x2b9b</run_address>
         <size>0x19c</size>
         <input_file_ref idref="fl-18"/>
      </object_component>
      <object_component id="oc-109">
         <name>.debug_line</name>
         <load_address>0x2d37</load_address>
         <run_address>0x2d37</run_address>
         <size>0x196</size>
         <input_file_ref idref="fl-19"/>
      </object_component>
      <object_component id="oc-112">
         <name>.debug_line</name>
         <load_address>0x2ecd</load_address>
         <run_address>0x2ecd</run_address>
         <size>0x12c</size>
         <input_file_ref idref="fl-1a"/>
      </object_component>
      <object_component id="oc-119">
         <name>.debug_line</name>
         <load_address>0x2ff9</load_address>
         <run_address>0x2ff9</run_address>
         <size>0x6e3</size>
         <input_file_ref idref="fl-1b"/>
      </object_component>
      <object_component id="oc-11f">
         <name>.debug_line</name>
         <load_address>0x36dc</load_address>
         <run_address>0x36dc</run_address>
         <size>0xe9</size>
         <input_file_ref idref="fl-1c"/>
      </object_component>
      <object_component id="oc-126">
         <name>.debug_line</name>
         <load_address>0x37c5</load_address>
         <run_address>0x37c5</run_address>
         <size>0x3a2</size>
         <input_file_ref idref="fl-1d"/>
      </object_component>
      <object_component id="oc-12f">
         <name>.debug_line</name>
         <load_address>0x3b67</load_address>
         <run_address>0x3b67</run_address>
         <size>0x376</size>
         <input_file_ref idref="fl-1e"/>
      </object_component>
      <object_component id="oc-135">
         <name>.debug_line</name>
         <load_address>0x3edd</load_address>
         <run_address>0x3edd</run_address>
         <size>0x3cd</size>
         <input_file_ref idref="fl-1f"/>
      </object_component>
      <object_component id="oc-13b">
         <name>.debug_line</name>
         <load_address>0x42aa</load_address>
         <run_address>0x42aa</run_address>
         <size>0x7e</size>
         <input_file_ref idref="fl-2f"/>
      </object_component>
      <object_component id="oc-140">
         <name>.debug_line</name>
         <load_address>0x4328</load_address>
         <run_address>0x4328</run_address>
         <size>0x6a</size>
         <input_file_ref idref="fl-30"/>
      </object_component>
      <object_component id="oc-145">
         <name>.debug_line</name>
         <load_address>0x4392</load_address>
         <run_address>0x4392</run_address>
         <size>0x50</size>
         <input_file_ref idref="fl-31"/>
      </object_component>
      <object_component id="oc-14a">
         <name>.debug_line</name>
         <load_address>0x43e2</load_address>
         <run_address>0x43e2</run_address>
         <size>0x57</size>
         <input_file_ref idref="fl-32"/>
      </object_component>
      <object_component id="oc-155">
         <name>.debug_line</name>
         <load_address>0x4439</load_address>
         <run_address>0x4439</run_address>
         <size>0x65</size>
         <input_file_ref idref="fl-34"/>
      </object_component>
      <object_component id="oc-15a">
         <name>.debug_line</name>
         <load_address>0x449e</load_address>
         <run_address>0x449e</run_address>
         <size>0xad</size>
         <input_file_ref idref="fl-35"/>
      </object_component>
      <object_component id="oc-15f">
         <name>.debug_line</name>
         <load_address>0x454b</load_address>
         <run_address>0x454b</run_address>
         <size>0x8e</size>
         <input_file_ref idref="fl-36"/>
      </object_component>
      <object_component id="oc-164">
         <name>.debug_line</name>
         <load_address>0x45d9</load_address>
         <run_address>0x45d9</run_address>
         <size>0x16b</size>
         <input_file_ref idref="fl-37"/>
      </object_component>
      <object_component id="oc-169">
         <name>.debug_line</name>
         <load_address>0x4744</load_address>
         <run_address>0x4744</run_address>
         <size>0xa9</size>
         <input_file_ref idref="fl-38"/>
      </object_component>
      <object_component id="oc-16e">
         <name>.debug_line</name>
         <load_address>0x47ed</load_address>
         <run_address>0x47ed</run_address>
         <size>0x3e</size>
         <input_file_ref idref="fl-39"/>
      </object_component>
      <object_component id="oc-173">
         <name>.debug_line</name>
         <load_address>0x482b</load_address>
         <run_address>0x482b</run_address>
         <size>0x63</size>
         <input_file_ref idref="fl-3a"/>
      </object_component>
      <object_component id="oc-178">
         <name>.debug_line</name>
         <load_address>0x488e</load_address>
         <run_address>0x488e</run_address>
         <size>0x3a</size>
         <input_file_ref idref="fl-3b"/>
      </object_component>
      <object_component id="oc-17d">
         <name>.debug_line</name>
         <load_address>0x48c8</load_address>
         <run_address>0x48c8</run_address>
         <size>0x4d</size>
         <input_file_ref idref="fl-3c"/>
      </object_component>
      <object_component id="oc-182">
         <name>.debug_line</name>
         <load_address>0x4915</load_address>
         <run_address>0x4915</run_address>
         <size>0x5e</size>
         <input_file_ref idref="fl-3d"/>
      </object_component>
      <object_component id="oc-187">
         <name>.debug_line</name>
         <load_address>0x4973</load_address>
         <run_address>0x4973</run_address>
         <size>0x55</size>
         <input_file_ref idref="fl-3e"/>
      </object_component>
      <object_component id="oc-55">
         <name>.debug_abbrev</name>
         <load_address>0x0</load_address>
         <run_address>0x0</run_address>
         <size>0x2f</size>
         <input_file_ref idref="fl-2"/>
      </object_component>
      <object_component id="oc-5a">
         <name>.debug_abbrev</name>
         <load_address>0x2f</load_address>
         <run_address>0x2f</run_address>
         <size>0x16b</size>
         <input_file_ref idref="fl-3"/>
      </object_component>
      <object_component id="oc-62">
         <name>.debug_abbrev</name>
         <load_address>0x19a</load_address>
         <run_address>0x19a</run_address>
         <size>0x21</size>
         <input_file_ref idref="fl-5"/>
      </object_component>
      <object_component id="oc-68">
         <name>.debug_abbrev</name>
         <load_address>0x1bb</load_address>
         <run_address>0x1bb</run_address>
         <size>0x12b</size>
         <input_file_ref idref="fl-6"/>
      </object_component>
      <object_component id="oc-70">
         <name>.debug_abbrev</name>
         <load_address>0x2e6</load_address>
         <run_address>0x2e6</run_address>
         <size>0x1a9</size>
         <input_file_ref idref="fl-7"/>
      </object_component>
      <object_component id="oc-76">
         <name>.debug_abbrev</name>
         <load_address>0x48f</load_address>
         <run_address>0x48f</run_address>
         <size>0xde</size>
         <input_file_ref idref="fl-8"/>
      </object_component>
      <object_component id="oc-7b">
         <name>.debug_abbrev</name>
         <load_address>0x56d</load_address>
         <run_address>0x56d</run_address>
         <size>0x8f</size>
         <input_file_ref idref="fl-9"/>
      </object_component>
      <object_component id="oc-82">
         <name>.debug_abbrev</name>
         <load_address>0x5fc</load_address>
         <run_address>0x5fc</run_address>
         <size>0x151</size>
         <input_file_ref idref="fl-a"/>
      </object_component>
      <object_component id="oc-b6">
         <name>.debug_abbrev</name>
         <load_address>0x74d</load_address>
         <run_address>0x74d</run_address>
         <size>0xb7</size>
         <input_file_ref idref="fl-b"/>
      </object_component>
      <object_component id="oc-ba">
         <name>.debug_abbrev</name>
         <load_address>0x804</load_address>
         <run_address>0x804</run_address>
         <size>0x93</size>
         <input_file_ref idref="fl-c"/>
      </object_component>
      <object_component id="oc-bf">
         <name>.debug_abbrev</name>
         <load_address>0x897</load_address>
         <run_address>0x897</run_address>
         <size>0xc8</size>
         <input_file_ref idref="fl-d"/>
      </object_component>
      <object_component id="oc-c4">
         <name>.debug_abbrev</name>
         <load_address>0x95f</load_address>
         <run_address>0x95f</run_address>
         <size>0x116</size>
         <input_file_ref idref="fl-e"/>
      </object_component>
      <object_component id="oc-cc">
         <name>.debug_abbrev</name>
         <load_address>0xa75</load_address>
         <run_address>0xa75</run_address>
         <size>0x211</size>
         <input_file_ref idref="fl-f"/>
      </object_component>
      <object_component id="oc-d1">
         <name>.debug_abbrev</name>
         <load_address>0xc86</load_address>
         <run_address>0xc86</run_address>
         <size>0x17b</size>
         <input_file_ref idref="fl-10"/>
      </object_component>
      <object_component id="oc-d6">
         <name>.debug_abbrev</name>
         <load_address>0xe01</load_address>
         <run_address>0xe01</run_address>
         <size>0xea</size>
         <input_file_ref idref="fl-11"/>
      </object_component>
      <object_component id="oc-db">
         <name>.debug_abbrev</name>
         <load_address>0xeeb</load_address>
         <run_address>0xeeb</run_address>
         <size>0x2f</size>
         <input_file_ref idref="fl-12"/>
      </object_component>
      <object_component id="oc-e0">
         <name>.debug_abbrev</name>
         <load_address>0xf1a</load_address>
         <run_address>0xf1a</run_address>
         <size>0x1ba</size>
         <input_file_ref idref="fl-13"/>
      </object_component>
      <object_component id="oc-e8">
         <name>.debug_abbrev</name>
         <load_address>0x10d4</load_address>
         <run_address>0x10d4</run_address>
         <size>0x196</size>
         <input_file_ref idref="fl-14"/>
      </object_component>
      <object_component id="oc-ed">
         <name>.debug_abbrev</name>
         <load_address>0x126a</load_address>
         <run_address>0x126a</run_address>
         <size>0xcc</size>
         <input_file_ref idref="fl-15"/>
      </object_component>
      <object_component id="oc-f5">
         <name>.debug_abbrev</name>
         <load_address>0x1336</load_address>
         <run_address>0x1336</run_address>
         <size>0x1fa</size>
         <input_file_ref idref="fl-16"/>
      </object_component>
      <object_component id="oc-fa">
         <name>.debug_abbrev</name>
         <load_address>0x1530</load_address>
         <run_address>0x1530</run_address>
         <size>0x17d</size>
         <input_file_ref idref="fl-17"/>
      </object_component>
      <object_component id="oc-103">
         <name>.debug_abbrev</name>
         <load_address>0x16ad</load_address>
         <run_address>0x16ad</run_address>
         <size>0x1ad</size>
         <input_file_ref idref="fl-18"/>
      </object_component>
      <object_component id="oc-10a">
         <name>.debug_abbrev</name>
         <load_address>0x185a</load_address>
         <run_address>0x185a</run_address>
         <size>0xcc</size>
         <input_file_ref idref="fl-19"/>
      </object_component>
      <object_component id="oc-113">
         <name>.debug_abbrev</name>
         <load_address>0x1926</load_address>
         <run_address>0x1926</run_address>
         <size>0x1b2</size>
         <input_file_ref idref="fl-1a"/>
      </object_component>
      <object_component id="oc-11a">
         <name>.debug_abbrev</name>
         <load_address>0x1ad8</load_address>
         <run_address>0x1ad8</run_address>
         <size>0x216</size>
         <input_file_ref idref="fl-1b"/>
      </object_component>
      <object_component id="oc-120">
         <name>.debug_abbrev</name>
         <load_address>0x1cee</load_address>
         <run_address>0x1cee</run_address>
         <size>0x1a9</size>
         <input_file_ref idref="fl-1c"/>
      </object_component>
      <object_component id="oc-127">
         <name>.debug_abbrev</name>
         <load_address>0x1e97</load_address>
         <run_address>0x1e97</run_address>
         <size>0x1ce</size>
         <input_file_ref idref="fl-1d"/>
      </object_component>
      <object_component id="oc-130">
         <name>.debug_abbrev</name>
         <load_address>0x2065</load_address>
         <run_address>0x2065</run_address>
         <size>0x22d</size>
         <input_file_ref idref="fl-1e"/>
      </object_component>
      <object_component id="oc-136">
         <name>.debug_abbrev</name>
         <load_address>0x2292</load_address>
         <run_address>0x2292</run_address>
         <size>0x1c8</size>
         <input_file_ref idref="fl-1f"/>
      </object_component>
      <object_component id="oc-13c">
         <name>.debug_abbrev</name>
         <load_address>0x245a</load_address>
         <run_address>0x245a</run_address>
         <size>0x46</size>
         <input_file_ref idref="fl-2f"/>
      </object_component>
      <object_component id="oc-141">
         <name>.debug_abbrev</name>
         <load_address>0x24a0</load_address>
         <run_address>0x24a0</run_address>
         <size>0xfa</size>
         <input_file_ref idref="fl-30"/>
      </object_component>
      <object_component id="oc-146">
         <name>.debug_abbrev</name>
         <load_address>0x259a</load_address>
         <run_address>0x259a</run_address>
         <size>0x32</size>
         <input_file_ref idref="fl-31"/>
      </object_component>
      <object_component id="oc-14b">
         <name>.debug_abbrev</name>
         <load_address>0x25cc</load_address>
         <run_address>0x25cc</run_address>
         <size>0xbd</size>
         <input_file_ref idref="fl-32"/>
      </object_component>
      <object_component id="oc-150">
         <name>.debug_abbrev</name>
         <load_address>0x2689</load_address>
         <run_address>0x2689</run_address>
         <size>0x31</size>
         <input_file_ref idref="fl-33"/>
      </object_component>
      <object_component id="oc-156">
         <name>.debug_abbrev</name>
         <load_address>0x26ba</load_address>
         <run_address>0x26ba</run_address>
         <size>0x142</size>
         <input_file_ref idref="fl-34"/>
      </object_component>
      <object_component id="oc-15b">
         <name>.debug_abbrev</name>
         <load_address>0x27fc</load_address>
         <run_address>0x27fc</run_address>
         <size>0x38</size>
         <input_file_ref idref="fl-35"/>
      </object_component>
      <object_component id="oc-160">
         <name>.debug_abbrev</name>
         <load_address>0x2834</load_address>
         <run_address>0x2834</run_address>
         <size>0x38</size>
         <input_file_ref idref="fl-36"/>
      </object_component>
      <object_component id="oc-165">
         <name>.debug_abbrev</name>
         <load_address>0x286c</load_address>
         <run_address>0x286c</run_address>
         <size>0x5f</size>
         <input_file_ref idref="fl-37"/>
      </object_component>
      <object_component id="oc-16a">
         <name>.debug_abbrev</name>
         <load_address>0x28cb</load_address>
         <run_address>0x28cb</run_address>
         <size>0xa8</size>
         <input_file_ref idref="fl-38"/>
      </object_component>
      <object_component id="oc-16f">
         <name>.debug_abbrev</name>
         <load_address>0x2973</load_address>
         <run_address>0x2973</run_address>
         <size>0x68</size>
         <input_file_ref idref="fl-39"/>
      </object_component>
      <object_component id="oc-174">
         <name>.debug_abbrev</name>
         <load_address>0x29db</load_address>
         <run_address>0x29db</run_address>
         <size>0x9d</size>
         <input_file_ref idref="fl-3a"/>
      </object_component>
      <object_component id="oc-179">
         <name>.debug_abbrev</name>
         <load_address>0x2a78</load_address>
[...]
         <object_component_ref idref="oc-1a2"/>
      </symbol>
      <symbol id="sm-589">
         <name>_FlashStart</name>
         <value>0xdc78</value>
         <object_component_ref idref="oc-107"/>
      </symbol>
      <symbol id="sm-58a">
         <name>_SectorErase</name>
         <value>0x33aa9b</value>
         <object_component_ref idref="oc-1a2"/>
      </symbol>
      <symbol id="sm-58b">
         <name>_BlockErase</name>
         <value>0x33ab09</value>
         <object_component_ref idref="oc-1a2"/>
      </symbol>
      <symbol id="sm-5af">
         <name>_NO1IBRegs</name>
         <value>0xe540</value>
         <object_component_ref idref="oc-10e"/>
      </symbol>
      <symbol id="sm-5b0">
         <name>_main</name>
         <value>0x33ac64</value>
         <object_component_ref idref="oc-19b"/>
      </symbol>
      <symbol id="sm-5b1">
         <name>_FlagSysAlarm</name>
         <value>0xdb88</value>
         <object_component_ref idref="oc-10d"/>
      </symbol>
      <symbol id="sm-5b2">
         <name>_NO1ICRegs</name>
         <value>0xe0c0</value>
         <object_component_ref idref="oc-10e"/>
      </symbol>
      <symbol id="sm-5b3">
         <name>_SpllRegOut</name>
         <value>0xf6c0</value>
         <object_component_ref idref="oc-10f"/>
      </symbol>
      <symbol id="sm-5b4">
         <name>_DataFactor</name>
         <value>0xdbe0</value>
         <object_component_ref idref="oc-10d"/>
      </symbol>
      <symbol id="sm-5b5">
         <name>_DataInst</name>
         <value>0xdc00</value>
         <object_component_ref idref="oc-10d"/>
      </symbol>
      <symbol id="sm-5b6">
         <name>_FlagGpioIn</name>
         <value>0xdb81</value>
         <object_component_ref idref="oc-10d"/>
      </symbol>
      <symbol id="sm-5b7">
         <name>_DataZero</name>
         <value>0xdbf0</value>
         <object_component_ref idref="oc-10d"/>
      </symbol>
      <symbol id="sm-5b8">
         <name>_CanTxPack2</name>
         <value>0xdb96</value>
         <object_component_ref idref="oc-10d"/>
      </symbol>
      <symbol id="sm-5b9">
         <name>_CanTxPack1</name>
         <value>0xdb8e</value>
         <object_component_ref idref="oc-10d"/>
      </symbol>
      <symbol id="sm-5ba">
         <name>_ModBTempRegs</name>
         <value>0xe3c0</value>
         <object_component_ref idref="oc-10e"/>
      </symbol>
      <symbol id="sm-5bb">
         <name>_CountSystem</name>
         <value>0xdc40</value>
         <object_component_ref idref="oc-10d"/>
      </symbol>
      <symbol id="sm-5bc">
         <name>_StateSystem</name>
         <value>0xdb83</value>
         <object_component_ref idref="oc-10d"/>
      </symbol>
      <symbol id="sm-5bd">
         <name>_SystemState</name>
         <value>0xdb86</value>
         <object_component_ref idref="oc-10d"/>
      </symbol>
      <symbol id="sm-5be">
         <name>_FlagSystem</name>
         <value>0xdb8a</value>
         <object_component_ref idref="oc-10d"/>
      </symbol>
      <symbol id="sm-5bf">
         <name>_DataMax</name>
         <value>0xdc10</value>
         <object_component_ref idref="oc-10d"/>
      </symbol>
      <symbol id="sm-5c0">
         <name>_DataNormal</name>
         <value>0xdbd0</value>
         <object_component_ref idref="oc-10d"/>
      </symbol>
      <symbol id="sm-5c1">
         <name>_SinTab</name>
         <value>0xe6c0</value>
         <object_component_ref idref="oc-110"/>
      </symbol>
      <symbol id="sm-5c2">
         <name>_SpllRegUFO</name>
         <value>0xf480</value>
         <object_component_ref idref="oc-10f"/>
      </symbol>
      <symbol id="sm-5c3">
         <name>_DataBuf</name>
         <value>0xdbc0</value>
         <object_component_ref idref="oc-10d"/>
      </symbol>
      <symbol id="sm-5c4">
         <name>_NO2IARegs</name>
         <value>0xe000</value>
         <object_component_ref idref="oc-10e"/>
      </symbol>
      <symbol id="sm-5c5">
         <name>_FlagSysInitErr</name>
         <value>0xdb80</value>
         <object_component_ref idref="oc-10d"/>
      </symbol>
      <symbol id="sm-5c6">
         <name>_CanRxPack</name>
         <value>0xdb9e</value>
         <object_component_ref idref="oc-10d"/>
      </symbol>
      <symbol id="sm-5c7">
         <name>_NO2IBRegs</name>
         <value>0xe240</value>
         <object_component_ref idref="oc-10e"/>
      </symbol>
      <symbol id="sm-5c8">
         <name>_ModCTempRegs</name>
         <value>0xe480</value>
         <object_component_ref idref="oc-10e"/>
      </symbol>
      <symbol id="sm-5c9">
         <name>_ConvertState</name>
         <value>0xdb84</value>
         <object_component_ref idref="oc-10d"/>
      </symbol>
      <symbol id="sm-5ca">
         <name>_DataInit</name>
         <value>0x33ad70</value>
         <object_component_ref idref="oc-19b"/>
      </symbol>
      <symbol id="sm-5cb">
         <name>_SpllRegNO1</name>
         <value>0xf240</value>
         <object_component_ref idref="oc-10f"/>
      </symbol>
      <symbol id="sm-5cc">
         <name>_SpllRegNO2</name>
         <value>0xf000</value>
         <object_component_ref idref="oc-10f"/>
      </symbol>
      <symbol id="sm-5cd">
         <name>_NO2ICRegs</name>
         <value>0xe180</value>
         <object_component_ref idref="oc-10e"/>
      </symbol>
      <symbol id="sm-5ce">
         <name>_NO1IARegs</name>
         <value>0xe600</value>
         <object_component_ref idref="oc-10e"/>
      </symbol>
      <symbol id="sm-5cf">
         <name>_FlagSysRunErr</name>
         <value>0xdb82</value>
         <object_component_ref idref="oc-10d"/>
      </symbol>
      <symbol id="sm-5d0">
         <name>_PwmIsrReg</name>
         <value>0xdba6</value>
         <object_component_ref idref="oc-10d"/>
      </symbol>
      <symbol id="sm-5d1">
         <name>_ModATempRegs</name>
         <value>0xe300</value>
         <object_component_ref idref="oc-10e"/>
      </symbol>
      <symbol id="sm-5d2">
         <name>_ScrChannel</name>
         <value>0xdb85</value>
         <object_component_ref idref="oc-10d"/>
      </symbol>
      <symbol id="sm-664">
         <name>_auchCRCLo</name>
         <value>0xed80</value>
         <object_component_ref idref="oc-117"/>
      </symbol>
      <symbol id="sm-665">
         <name>_ModbusCErrReply</name>
         <value>0x3385ed</value>
         <object_component_ref idref="oc-1a8"/>
      </symbol>
      <symbol id="sm-666">
         <name>_ModbusBData</name>
         <value>0xeaca</value>
         <object_component_ref idref="oc-117"/>
      </symbol>
      <symbol id="sm-667">
         <name>_CrcCTempBuf</name>
         <value>0xebc0</value>
         <object_component_ref idref="oc-117"/>
      </symbol>
      <symbol id="sm-668">
         <name>_ModbusCData</name>
         <value>0xead8</value>
         <object_component_ref idref="oc-117"/>
      </symbol>
      <symbol id="sm-669">
         <name>_InitModbusBData</name>
         <value>0x338049</value>
         <object_component_ref idref="oc-1a8"/>
      </symbol>
      <symbol id="sm-66a">
         <name>_ModbusBProcess</name>
         <value>0x3383d2</value>
         <object_component_ref idref="oc-1a8"/>
      </symbol>
      <symbol id="sm-66b">
         <name>_CrcDetect</name>
         <value>0x33802a</value>
         <object_component_ref idref="oc-1a8"/>
      </symbol>
      <symbol id="sm-66c">
         <name>_ModbusCListen</name>
         <value>0x3383fa</value>
         <object_component_ref idref="oc-1a8"/>
      </symbol>
      <symbol id="sm-66d">
         <name>_ModbusBReply</name>
         <value>0x338163</value>
         <object_component_ref idref="oc-1a8"/>
      </symbol>
      <symbol id="sm-66e">
         <name>_ModbusCReply</name>
         <value>0x3384c8</value>
         <object_component_ref idref="oc-1a8"/>
      </symbol>
      <symbol id="sm-66f">
         <name>_EmDataAddrArray</name>
         <value>0xeae6</value>
         <object_component_ref idref="oc-117"/>
      </symbol>
      <symbol id="sm-670">
         <name>_ErrCrcBTempBuf</name>
         <value>0xeac0</value>
         <object_component_ref idref="oc-117"/>
      </symbol>
      <symbol id="sm-671">
         <name>_ModbusBErrReply</name>
         <value>0x3382c4</value>
         <object_component_ref idref="oc-1a8"/>
      </symbol>
      <symbol id="sm-672">
         <name>_ModbusBListen</name>
         <value>0x33806e</value>
         <object_component_ref idref="oc-1a8"/>
      </symbol>
      <symbol id="sm-673">
         <name>_ErrCrcCTempBuf</name>
         <value>0xeac5</value>
         <object_component_ref idref="oc-117"/>
      </symbol>
      <symbol id="sm-674">
         <name>_ModbusCUpdata</name>
         <value>0x338615</value>
         <object_component_ref idref="oc-1a8"/>
      </symbol>
      <symbol id="sm-675">
         <name>_crc16</name>
         <value>0x338000</value>
         <object_component_ref idref="oc-1a8"/>
      </symbol>
      <symbol id="sm-676">
         <name>_ModbusBUpdata</name>
         <value>0x3382ec</value>
         <object_component_ref idref="oc-1a8"/>
      </symbol>
      <symbol id="sm-677">
         <name>_auchCRCHi</name>
         <value>0xec80</value>
         <object_component_ref idref="oc-117"/>
      </symbol>
      <symbol id="sm-678">
         <name>_CrcBTempBuf</name>
         <value>0xeb00</value>
         <object_component_ref idref="oc-117"/>
      </symbol>
      <symbol id="sm-679">
         <name>_StartSaveData</name>
         <value>0x3383f5</value>
         <object_component_ref idref="oc-1a8"/>
      </symbol>
      <symbol id="sm-67a">
         <name>_ModbusCProcess</name>
         <value>0x338699</value>
         <object_component_ref idref="oc-1a8"/>
      </symbol>
      <symbol id="sm-68b">
         <name>_ReadParaFromFlash</name>
         <value>0x33b23b</value>
         <object_component_ref idref="oc-1a9"/>
      </symbol>
      <symbol id="sm-68c">
         <name>_WtiteDefaultToFlash</name>
         <value>0x33b248</value>
         <object_component_ref idref="oc-1a9"/>
      </symbol>
      <symbol id="sm-68d">
         <name>_UpdataParaToFlash</name>
         <value>0x33b317</value>
         <object_component_ref idref="oc-1a9"/>
      </symbol>
      <symbol id="sm-68e">
         <name>_ParaTable</name>
         <value>0xdd00</value>
         <object_component_ref idref="oc-11d"/>
      </symbol>
      <symbol id="sm-6e9">
         <name>_ForceModeChosen</name>
         <value>0x3386bc</value>
         <object_component_ref idref="oc-19a"/>
      </symbol>
      <symbol id="sm-6ea">
         <name>_DelayModeChosen</name>
         <value>0x33879a</value>
         <object_component_ref idref="oc-19a"/>
      </symbol>
      <symbol id="sm-6eb">
         <name>_SCRProtect</name>
         <value>0x3389f3</value>
         <object_component_ref idref="oc-19a"/>
      </symbol>
      <symbol id="sm-6ec">
         <name>_PDPClearFunc</name>
         <value>0x338bf7</value>
         <object_component_ref idref="oc-19a"/>
      </symbol>
      <symbol id="sm-6ed">
         <name>_TempProtect</name>
         <value>0x338b9a</value>
         <object_component_ref idref="oc-19a"/>
      </symbol>
      <symbol id="sm-6ee">
         <name>_InCurProtect</name>
         <value>0x338962</value>
         <object_component_ref idref="oc-19a"/>
      </symbol>
      <symbol id="sm-6ef">
         <name>_InVolProtect</name>
         <value>0x3388cb</value>
         <object_component_ref idref="oc-19a"/>
      </symbol>
      <symbol id="sm-739">
         <name>_TZ1_ISR</name>
         <value>0x33b717</value>
         <object_component_ref idref="oc-12d"/>
      </symbol>
      <symbol id="sm-73a">
         <name>_ePWM1ISR</name>
         <value>0xa5ff</value>
         <object_component_ref idref="oc-12c"/>
      </symbol>
      <symbol id="sm-73b">
         <name>_BreakCloseNo1ToNo2</name>
         <value>0xabd5</value>
         <object_component_ref idref="oc-190"/>
      </symbol>
      <symbol id="sm-73c">
         <name>_NO1CurZeroCrossDetec</name>
         <value>0xacbb</value>
         <object_component_ref idref="oc-190"/>
      </symbol>
      <symbol id="sm-73d">
         <name>_BreakCloseNo2ToNo1</name>
         <value>0xac48</value>
         <object_component_ref idref="oc-190"/>
      </symbol>
      <symbol id="sm-73e">
         <name>_InitT1Var</name>
         <value>0x33adf3</value>
         <object_component_ref idref="oc-1ad"/>
      </symbol>
      <symbol id="sm-73f">
         <name>_SaveT1VarToPara</name>
         <value>0xad36</value>
         <object_component_ref idref="oc-190"/>
      </symbol>
      <symbol id="sm-740">
         <name>_NO2CurZeroCrossDetec</name>
         <value>0xaccd</value>
         <object_component_ref idref="oc-190"/>
      </symbol>
      <symbol id="sm-741">
         <name>_ReadT1VarFromPara</name>
         <value>0xabc6</value>
         <object_component_ref idref="oc-190"/>
      </symbol>
      <symbol id="sm-742">
         <name>_ThetaCalculate</name>
         <value>0xacdf</value>
         <object_component_ref idref="oc-190"/>
      </symbol>
      <symbol id="sm-770">
         <name>_Timer1_ISR</name>
         <value>0x33a558</value>
         <object_component_ref idref="oc-133"/>
      </symbol>
      <symbol id="sm-771">
         <name>_InitT4Var</name>
         <value>0x33a7fc</value>
         <object_component_ref idref="oc-195"/>
      </symbol>
      <symbol id="sm-772">
         <name>_SaveT4VarToPara</name>
         <value>0x33a969</value>
         <object_component_ref idref="oc-195"/>
      </symbol>
      <symbol id="sm-773">
         <name>_FlagInit</name>
         <value>0x33a932</value>
         <object_component_ref idref="oc-195"/>
      </symbol>
      <symbol id="sm-774">
         <name>_ReadT4VarFromPara</name>
         <value>0x33a7ff</value>
         <object_component_ref idref="oc-195"/>
      </symbol>
      <symbol id="sm-775">
         <name>_SysStateLedDisplay</name>
         <value>0x33a920</value>
         <object_component_ref idref="oc-195"/>
      </symbol>
      <symbol id="sm-792">
         <name>_c_int00</name>
         <value>0x33b6c1</value>
         <object_component_ref idref="oc-51"/>
      </symbol>
      <symbol id="sm-793">
         <name>__stack</name>
         <value>0x400</value>
         <object_component_ref idref="oc-138"/>
      </symbol>
      <symbol id="sm-7a9">
         <name>_copy_in</name>
         <value>0x33b7ae</value>
         <object_component_ref idref="oc-18b"/>
      </symbol>
      <symbol id="sm-7b8">
         <name>_ppcopy</name>
         <value>0x33b8b5</value>
         <object_component_ref idref="oc-143"/>
      </symbol>
      <symbol id="sm-7b9">
         <name>_dpcopy</name>
         <value>0x33b8b5</value>
         <object_component_ref idref="oc-143"/>
      </symbol>
      <symbol id="sm-7ba">
         <name>_pdcopy</name>
         <value>0x33b8b5</value>
         <object_component_ref idref="oc-143"/>
      </symbol>
      <symbol id="sm-7bb">
         <name>_ddcopy</name>
         <value>0x33b8b5</value>
         <object_component_ref idref="oc-143"/>
      </symbol>
      <symbol id="sm-7cc">
         <name>_sqrtf</name>
         <value>0x33b870</value>
         <object_component_ref idref="oc-19e"/>
      </symbol>
      <symbol id="sm-7cd">
         <name>_sqrt</name>
         <value>0x33b870</value>
         <object_component_ref idref="oc-19e"/>
      </symbol>
      <symbol id="sm-7d8">
         <name>_errno</name>
         <value>0xdc7f</value>
         <object_component_ref idref="oc-14f"/>
      </symbol>
      <symbol id="sm-7ed">
         <name>C$$EXIT</name>
         <value>0x33b81e</value>
         <object_component_ref idref="oc-18e"/>
      </symbol>
      <symbol id="sm-7ee">
         <name>_exit</name>
         <value>0x33b820</value>
         <object_component_ref idref="oc-18e"/>
      </symbol>
      <symbol id="sm-7ef">
         <name>___TI_cleanup_ptr</name>
         <value>0xdc70</value>
         <object_component_ref idref="oc-153"/>
      </symbol>
      <symbol id="sm-7f0">
         <name>___TI_enable_exit_profile_output</name>
         <value>0xdc6e</value>
         <object_component_ref idref="oc-153"/>
      </symbol>
      <symbol id="sm-7f1">
         <name>_abort</name>
         <value>0x33b81e</value>
         <object_component_ref idref="oc-18e"/>
      </symbol>
      <symbol id="sm-7f2">
         <name>___TI_dtors_ptr</name>
         <value>0xdc72</value>
         <object_component_ref idref="oc-153"/>
      </symbol>
      <symbol id="sm-803">
         <name>FS$$DIV</name>
         <value>0x33b5e1</value>
         <object_component_ref idref="oc-158"/>
      </symbol>
      <symbol id="sm-80f">
         <name>UL$$MOD</name>
         <value>0x33b818</value>
         <object_component_ref idref="oc-15d"/>
      </symbol>
      <symbol id="sm-810">
         <name>L$$MOD</name>
         <value>0x33b803</value>
         <object_component_ref idref="oc-15d"/>
      </symbol>
      <symbol id="sm-811">
         <name>L$$DIV</name>
         <value>0x33b7f4</value>
         <object_component_ref idref="oc-15d"/>
      </symbol>
      <symbol id="sm-812">
         <name>UL$$DIV</name>
         <value>0x33b811</value>
         <object_component_ref idref="oc-15d"/>
      </symbol>
      <symbol id="sm-83e">
         <name>ULL$$MOD</name>
         <value>0x33b0d7</value>
         <object_component_ref idref="oc-162"/>
      </symbol>
      <symbol id="sm-83f">
         <name>ULL$$DIV</name>
         <value>0x33b0a8</value>
         <object_component_ref idref="oc-162"/>
      </symbol>
      <symbol id="sm-840">
         <name>LL$$MOD</name>
         <value>0x33b06e</value>
         <object_component_ref idref="oc-162"/>
      </symbol>
      <symbol id="sm-841">
         <name>LL$$DIV</name>
         <value>0x33b032</value>
         <object_component_ref idref="oc-162"/>
      </symbol>
      <symbol id="sm-850">
         <name>_memset</name>
         <value>0x33b93d</value>
         <object_component_ref idref="oc-1a1"/>
      </symbol>
      <symbol id="sm-85d">
         <name>__system_pre_init</name>
         <value>0x33b95a</value>
         <object_component_ref idref="oc-18a"/>
      </symbol>
      <symbol id="sm-86b">
         <name>_sin</name>
         <value>0x33b669</value>
         <object_component_ref idref="oc-1ae"/>
      </symbol>
      <symbol id="sm-86c">
         <name>_sinf</name>
         <value>0x33b669</value>
         <object_component_ref idref="oc-1ae"/>
      </symbol>
      <symbol id="sm-879">
         <name>__system_post_cinit</name>
         <value>0x33b86f</value>
         <object_component_ref idref="oc-18c"/>
      </symbol>
      <symbol id="sm-886">
         <name>ULL$$TOFS</name>
         <value>0x33b91d</value>
         <object_component_ref idref="oc-17b"/>
      </symbol>
      <symbol id="sm-89b">
         <name>__unlock</name>
         <value>0xdc7c</value>
         <object_component_ref idref="oc-1b3"/>
      </symbol>
      <symbol id="sm-89c">
         <name>__lock</name>
         <value>0xdc7a</value>
         <object_component_ref idref="oc-19c"/>
      </symbol>
      <symbol id="sm-89d">
         <name>__register_lock</name>
         <value>0x33b94d</value>
         <object_component_ref idref="oc-1af"/>
      </symbol>
      <symbol id="sm-89e">
         <name>__nop</name>
         <value>0x33b951</value>
         <object_component_ref idref="oc-1af"/>
      </symbol>
      <symbol id="sm-89f">
         <name>__register_unlock</name>
         <value>0x33b949</value>
         <object_component_ref idref="oc-1af"/>
      </symbol>
      <symbol id="sm-8af">
         <name>__args_main</name>
         <value>0x33b8cf</value>
         <object_component_ref idref="oc-18d"/>
      </symbol>
   </symbol_table>
   <title>Link successful</title>
</link_info>
