******************************************************************************
             TMS320C2000 Linker PC v15.12.3                    
******************************************************************************
>> Linked Fri Sep 21 14:20:13 2018

OUTPUT FILE NAME:   <RT_FPTS_MAIN.out>
ENTRY POINT SYMBOL: "_c_int00"  address: 0033b6c1


MEMORY CONFIGURATION

         name            origin    length      used     unused   attr    fill
----------------------  --------  ---------  --------  --------  ----  --------
PAGE 0:
  ZONE0                 00004000   00001000  00000000  00001000  RWIX
  RAML0                 00008000   00001000  00000004  00000ffc  RWIX
  RAML1                 00009000   00001000  00000000  00001000  RWIX
  RAML23                0000a000   00002000  00000f28  000010d8  RWIX
  FLASHH                00300000   00008000  00000000  00008000  RWIX
  FLASHG                00308000   00008000  00000000  00008000  RWIX
  FLASHF                00310000   00008000  00000000  00008000  RWIX
  FLASHE                00318000   00008000  00000f28  000070d8  RWIX
  FLASHD                00320000   00008000  00000004  00007ffc  RWIX
  FLASHC                00328000   00008000  00000000  00008000  RWIX
  FLASHA                00338000   00007f80  00003d3f  00004241  RWIX
  CSM_RSVD              0033ff80   00000076  00000076  00000000  RWIX
  BEGIN                 0033fff6   00000002  00000002  00000000  RWIX
  CSM_PWL               0033fff8   00000008  00000008  00000000  RWIX
  ADC_CAL               00380080   00000009  00000007  00000002  RWIX
  OTP                   00380400   00000400  00000000  00000400  RWIX
  IQTABLES              003fe000   00000b50  00000000  00000b50  RWIX
  IQTABLES2             003feb50   0000008c  00000000  0000008c  RWIX
  FPUTABLES             003febdc   000006a0  00000000  000006a0  RWIX
  ROM                   003ff27c   00000d44  00000000  00000d44  RWIX
  RESET                 003fffc0   00000002  00000000  00000002  RWIX
  VECTORS               003fffc2   0000003e  00000000  0000003e  RWIX

PAGE 1:
  BOOT_RSVD             00000000   00000050  00000000  00000050  RWIX
  RAMM0                 00000050   000003b0  00000000  000003b0  RWIX
  RAMM1                 00000400   00000400  00000300  00000100  RWIX
  DEV_EMU               00000880   00000180  000000d0  000000b0  RWIX
  FLASH_REGS            00000a80   00000060  00000008  00000058  RWIX
  CSM                   00000ae0   00000010  00000010  00000000  RWIX
  ADC_MIRROR            00000b00   00000010  00000010  00000000  RWIX
  XINTF                 00000b20   00000020  0000001e  00000002  RWIX
  CPU_TIMER0            00000c00   00000008  00000008  00000000  RWIX
  CPU_TIMER1            00000c08   00000008  00000008  00000000  RWIX
  CPU_TIMER2            00000c10   00000008  00000008  00000000  RWIX
  PIE_CTRL              00000ce0   00000020  0000001a  00000006  RWIX
  PIE_VECT              00000d00   00000100  00000100  00000000  RWIX
  DMA                   00001000   00000200  000000e0  00000120  RWIX
  MCBSPA                00005000   00000040  00000025  0000001b  RWIX
  MCBSPB                00005040   00000040  00000025  0000001b  RWIX
  ECANA                 00006000   00000040  00000034  0000000c  RWIX
  ECANA_LAM             00006040   00000040  00000040  00000000  RWIX
  ECANA_MOTS            00006080   00000040  00000040  00000000  RWIX
  ECANA_MOTO            000060c0   00000040  00000040  00000000  RWIX
  ECANA_MBOX            00006100   00000100  00000100  00000000  RWIX
  ECANB                 00006200   00000040  00000034  0000000c  RWIX
  ECANB_LAM             00006240   00000040  00000040  00000000  RWIX
  ECANB_MOTS            00006280   00000040  00000040  00000000  RWIX
  ECANB_MOTO            000062c0   00000040  00000040  00000000  RWIX
  ECANB_MBOX            00006300   00000100  00000100  00000000  RWIX
  EPWM1                 00006800   00000022  00000022  00000000  RWIX
  EPWM2                 00006840   00000022  00000022  00000000  RWIX
  EPWM3                 00006880   00000022  00000022  00000000  RWIX
  EPWM4                 000068c0   00000022  00000022  00000000  RWIX
  EPWM5                 00006900   00000022  00000022  00000000  RWIX
  EPWM6                 00006940   00000022  00000022  00000000  RWIX
  ECAP1                 00006a00   00000020  00000020  00000000  RWIX
  ECAP2                 00006a20   00000020  00000020  00000000  RWIX
  ECAP3                 00006a40   00000020  00000020  00000000  RWIX
  ECAP4                 00006a60   00000020  00000020  00000000  RWIX
  ECAP5                 00006a80   00000020  00000020  00000000  RWIX
  ECAP6                 00006aa0   00000020  00000020  00000000  RWIX
  EQEP1                 00006b00   00000040  00000040  00000000  RWIX
  EQEP2                 00006b40   00000040  00000040  00000000  RWIX
  GPIOCTRL              00006f80   00000040  0000002e  00000012  RWIX
  GPIODAT               00006fc0   00000020  00000020  00000000  RWIX
  GPIOINT               00006fe0   00000020  0000000a  00000016  RWIX
  SYSTEM                00007010   00000020  00000020  00000000  RWIX
  SPIA                  00007040   00000010  00000010  00000000  RWIX
  SCIA                  00007050   00000010  00000010  00000000  RWIX
  XINTRUPT              00007070   00000010  00000010  00000000  RWIX
  ADC                   00007100   00000020  0000001e  00000002  RWIX
  SCIB                  00007750   00000010  00000010  00000000  RWIX
  SCIC                  00007770   00000010  00000010  00000000  RWIX
  I2CA                  00007900   00000040  00000022  0000001e  RWIX
  RAML4                 0000c000   00001000  00000014  00000fec  RWIX
  RAML5                 0000d000   00001000  00000eb4  0000014c  RWIX
  RAML6                 0000e000   00001000  00000e80  00000180  RWIX
  RAML7                 0000f000   00001000  000008ee  00000712  RWIX
  EXRAM_REG             00180000   00004000  00000840  000037c0  RWIX
  EXRAM                 00184000   00014000  00014000  00000000  RWIX
  EMRAM                 001a0000   00020000  00020000  00000000  RWIX
  FLASHB                00330000   00008000  00000000  00008000  RWIX
  CSM_PWL               0033fff8   00000008  00000008  00000000  RWIX


SECTION ALLOCATION MAP

 output                                  attributes/
section   page    origin      length       input sections
--------  ----  ----------  ----------   ----------------
ramcode    0    00318000    00000f28     RUN ADDR = 0000a000
                  00318000    000005ff     USERS_Arithmetic.obj (ramcode)
                  003185ff    0000032c     USERS_T1.obj (ramcode:retain)
                  0031892b    0000029b     USERS_DigitalIo.obj (ramcode)
                  00318bc6    0000027f     USERS_T1.obj (ramcode)
                  00318e45    00000088     USERS_ExRam.obj (ramcode)
                  00318ecd    0000005b     DSP2833x_Adc.obj (ramcode)

ramfuncs   0    00320000    00000004     RUN ADDR = 00008000
                  00320000    00000004     DSP2833x_usDelay.obj (ramfuncs)

.text      0    00338000    0000395c     
                  00338000    000006bc     USERS_Modbus.obj (.text)
                  003386bc    00000558     USERS_Protect.obj (.text)
                  00338c14    00000474     DSP2833x_ECan.obj (.text)
                  00339088    00000442     USERS_EPwm.obj (.text)
                  003394ca    00000432     DSP2833x_DMA.obj (.text)
                  003398fc    00000357     USERS_DigitalIo.obj (.text)
                  00339c53    0000033e     DSP2833x_Sci.obj (.text)
                  00339f91    00000323     DSP2833x_DefaultIsr.obj (.text:retain)
                  0033a2b4    000002a4     DSP2833x_Adc.obj (.text)
                  0033a558    000002a4     USERS_T4.obj (.text:retain)
                  0033a7fc    0000029f     USERS_T4.obj (.text)
                  0033aa9b    000001c9     USERS_Flash.obj (.text)
                  0033ac64    0000018f     USERS_Main.obj (.text)
                  0033adf3    00000133     USERS_T1.obj (.text)
                  0033af26    0000010c     USERS_ExRam.obj (.text)
                  0033b032    00000107     rts2800_fpu32.lib : ll_div.obj (.text)
                  0033b139    00000102     DSP2833x_SysCtrl.obj (.text)
                  0033b23b    000000fb     USERS_ParaTab.obj (.text)
                  0033b336    000000ce     DSP2833x_Xintf.obj (.text)
                  0033b404    000000b8     DSP2833x_Sci.obj (.text:retain)
                  0033b4bc    0000009b     DSP2833x_CpuTimers.obj (.text)
                  0033b557    0000008a     USERS_Cap.obj (.text:retain)
                  0033b5e1    00000088     rts2800_fpu32.lib : fs_div.obj (.text)
                  0033b669    00000058                       : s_sinf.obj (.text)
                  0033b6c1    00000056                       : boot.obj (.text)
                  0033b717    00000050     USERS_T1.obj (.text:retain)
                  0033b767    00000047     USERS_DigitalIo.obj (.text:retain)
                  0033b7ae    00000046     rts2800_fpu32.lib : cpy_tbl.obj (.text)
                  0033b7f4    0000002a                       : l_div.obj (.text)
                  0033b81e    00000029                       : exit.obj (.text)
                  0033b847    00000028     DSP2833x_PieCtrl.obj (.text)
                  0033b86f    00000001     rts2800_fpu32.lib : startup.obj (.text)
                  0033b870    00000025                       : e_sqrtf.obj (.text)
                  0033b895    00000020     DSP2833x_PieVect.obj (.text)
                  0033b8b5    0000001a     rts2800_fpu32.lib : cpy_utils.obj (.text)
                  0033b8cf    00000019                       : args_main.obj (.text)
                  0033b8e8    00000013     DSP2833x_MemCopy.obj (.text)
                  0033b8fb    00000011     USERS_Cpld.obj (.text)
                  0033b90c    00000011     DSP2833x_DMA.obj (.text:retain)
                  0033b91d    00000011     rts2800_fpu32.lib : ull_tofs.obj (.text)
                  0033b92e    0000000f     DSP2833x_Delay.obj (.text)
                  0033b93d    0000000c     rts2800_fpu32.lib : memset.obj (.text)
                  0033b949    00000009                       : _lock.obj (.text)
                  0033b952    00000008     DSP2833x_CodeStartBranch.obj (.text)
                  0033b95a    00000002     rts2800_fpu32.lib : pre_init.obj (.text)

.cinit     0    0033b95c    000002a5     
                  0033b95c    00000206     USERS_Modbus.obj (.cinit)
                  0033bb62    0000002c     DSP2833x_Sci.obj (.cinit)
                  0033bb8e    00000028     DSP2833x_ECan.obj (.cinit)
                  0033bbb6    00000014     USERS_DigitalIo.obj (.cinit)
                  0033bbca    0000000e     rts2800_fpu32.lib : exit.obj (.cinit)
                  0033bbd8    0000000c     USERS_T1.obj (.cinit)
                  0033bbe4    00000005     USERS_Flash.obj (.cinit)
                  0033bbe9    00000005     rts2800_fpu32.lib : _lock.obj (.cinit:__lock)
                  0033bbee    00000005                       : _lock.obj (.cinit:__unlock)
                  0033bbf3    00000004     USERS_Cap.obj (.cinit)
                  0033bbf7    00000004     USERS_Protect.obj (.cinit)
                  0033bbfb    00000004     rts2800_fpu32.lib : errno.obj (.cinit)
                  0033bbff    00000002     --HOLE-- [fill = 0]

.econst    0    0033bc02    00000100     
                  0033bc02    00000100     DSP2833x_PieVect.obj (.econst:_PieVectTableInit)

.switch    0    0033bd02    0000003e     
                  0033bd02    00000022     USERS_DigitalIo.obj (.switch:_ControlGPIOOut)
                  0033bd24    0000001c     USERS_DigitalIo.obj (.switch:_CtrlSCREnable)

csm_rsvd   0    0033ff80    00000076     
                  0033ff80    00000076     DSP2833x_CSMPasswords.obj (csm_rsvd)

codestart 
*          0    0033fff6    00000002     
                  0033fff6    00000002     DSP2833x_CodeStartBranch.obj (codestart)

csmpasswds 
*          0    0033fff8    00000008     
                  0033fff8    00000008     DSP2833x_CSMPasswords.obj (csmpasswds)

.adc_cal   0    00380080    00000007     NOLOAD SECTION
                  00380080    00000007     DSP2833x_ADC_cal.obj (.adc_cal)

.stack     1    00000400    00000300     UNINITIALIZED
                  00000400    00000300     --HOLE--

DevEmuRegsFile 
*          1    00000880    000000d0     UNINITIALIZED
                  00000880    000000d0     DSP2833x_GlobalVariableDefs.obj (DevEmuRegsFile)

FlashRegsFile 
*          1    00000a80    00000008     UNINITIALIZED
                  00000a80    00000008     DSP2833x_GlobalVariableDefs.obj (FlashRegsFile)

CsmRegsFile 
*          1    00000ae0    00000010     UNINITIALIZED
                  00000ae0    00000010     DSP2833x_GlobalVariableDefs.obj (CsmRegsFile)

AdcMirrorFile 
*          1    00000b00    00000010     UNINITIALIZED
                  00000b00    00000010     DSP2833x_GlobalVariableDefs.obj (AdcMirrorFile)

XintfRegsFile 
*          1    00000b20    0000001e     UNINITIALIZED
                  00000b20    0000001e     DSP2833x_GlobalVariableDefs.obj (XintfRegsFile)

CpuTimer0RegsFile 
*          1    00000c00    00000008     UNINITIALIZED
                  00000c00    00000008     DSP2833x_GlobalVariableDefs.obj (CpuTimer0RegsFile)

CpuTimer1RegsFile 
*          1    00000c08    00000008     UNINITIALIZED
                  00000c08    00000008     DSP2833x_GlobalVariableDefs.obj (CpuTimer1RegsFile)

CpuTimer2RegsFile 
*          1    00000c10    00000008     UNINITIALIZED
                  00000c10    00000008     DSP2833x_GlobalVariableDefs.obj (CpuTimer2RegsFile)

PieCtrlRegsFile 
*          1    00000ce0    0000001a     UNINITIALIZED
                  00000ce0    0000001a     DSP2833x_GlobalVariableDefs.obj (PieCtrlRegsFile)

PieVectTableFile 
*          1    00000d00    00000100     UNINITIALIZED
                  00000d00    00000100     DSP2833x_GlobalVariableDefs.obj (PieVectTableFile)

DmaRegsFile 
*          1    00001000    000000e0     UNINITIALIZED
                  00001000    000000e0     DSP2833x_GlobalVariableDefs.obj (DmaRegsFile)

McbspaRegsFile 
*          1    00005000    00000025     UNINITIALIZED
                  00005000    00000025     DSP2833x_GlobalVariableDefs.obj (McbspaRegsFile)

McbspbRegsFile 
*          1    00005040    00000025     UNINITIALIZED
                  00005040    00000025     DSP2833x_GlobalVariableDefs.obj (McbspbRegsFile)

ECanaRegsFile 
*          1    00006000    00000034     UNINITIALIZED
                  00006000    00000034     DSP2833x_GlobalVariableDefs.obj (ECanaRegsFile)

ECanaLAMRegsFile 
*          1    00006040    00000040     UNINITIALIZED
                  00006040    00000040     DSP2833x_GlobalVariableDefs.obj (ECanaLAMRegsFile)

ECanaMOTSRegsFile 
*          1    00006080    00000040     UNINITIALIZED
                  00006080    00000040     DSP2833x_GlobalVariableDefs.obj (ECanaMOTSRegsFile)

ECanaMOTORegsFile 
*          1    000060c0    00000040     UNINITIALIZED
                  000060c0    00000040     DSP2833x_GlobalVariableDefs.obj (ECanaMOTORegsFile)

ECanaMboxesFile 
*          1    00006100    00000100     UNINITIALIZED
                  00006100    00000100     DSP2833x_GlobalVariableDefs.obj (ECanaMboxesFile)

ECanbRegsFile 
*          1    00006200    00000034     UNINITIALIZED
                  00006200    00000034     DSP2833x_GlobalVariableDefs.obj (ECanbRegsFile)

ECanbLAMRegsFile 
*          1    00006240    00000040     UNINITIALIZED
                  00006240    00000040     DSP2833x_GlobalVariableDefs.obj (ECanbLAMRegsFile)

ECanbMOTSRegsFile 
*          1    00006280    00000040     UNINITIALIZED
                  00006280    00000040     DSP2833x_GlobalVariableDefs.obj (ECanbMOTSRegsFile)

ECanbMOTORegsFile 
*          1    000062c0    00000040     UNINITIALIZED
                  000062c0    00000040     DSP2833x_GlobalVariableDefs.obj (ECanbMOTORegsFile)

ECanbMboxesFile 
*          1    00006300    00000100     UNINITIALIZED
                  00006300    00000100     DSP2833x_GlobalVariableDefs.obj (ECanbMboxesFile)

EPwm1RegsFile 
*          1    00006800    00000022     UNINITIALIZED
                  00006800    00000022     DSP2833x_GlobalVariableDefs.obj (EPwm1RegsFile)

EPwm2RegsFile 
*          1    00006840    00000022     UNINITIALIZED
                  00006840    00000022     DSP2833x_GlobalVariableDefs.obj (EPwm2RegsFile)

EPwm3RegsFile 
*          1    00006880    00000022     UNINITIALIZED
                  00006880    00000022     DSP2833x_GlobalVariableDefs.obj (EPwm3RegsFile)

EPwm4RegsFile 
*          1    000068c0    00000022     UNINITIALIZED
                  000068c0    00000022     DSP2833x_GlobalVariableDefs.obj (EPwm4RegsFile)

EPwm5RegsFile 
*          1    00006900    00000022     UNINITIALIZED
                  00006900    00000022     DSP2833x_GlobalVariableDefs.obj (EPwm5RegsFile)

EPwm6RegsFile 
*          1    00006940    00000022     UNINITIALIZED
                  00006940    00000022     DSP2833x_GlobalVariableDefs.obj (EPwm6RegsFile)

ECap1RegsFile 
*          1    00006a00    00000020     UNINITIALIZED
                  00006a00    00000020     DSP2833x_GlobalVariableDefs.obj (ECap1RegsFile)

ECap2RegsFile 
*          1    00006a20    00000020     UNINITIALIZED
                  00006a20    00000020     DSP2833x_GlobalVariableDefs.obj (ECap2RegsFile)

ECap3RegsFile 
*          1    00006a40    00000020     UNINITIALIZED
                  00006a40    00000020     DSP2833x_GlobalVariableDefs.obj (ECap3RegsFile)

ECap4RegsFile 
*          1    00006a60    00000020     UNINITIALIZED
                  00006a60    00000020     DSP2833x_GlobalVariableDefs.obj (ECap4RegsFile)

ECap5RegsFile 
*          1    00006a80    00000020     UNINITIALIZED
                  00006a80    00000020     DSP2833x_GlobalVariableDefs.obj (ECap5RegsFile)

ECap6RegsFile 
*          1    00006aa0    00000020     UNINITIALIZED
                  00006aa0    00000020     DSP2833x_GlobalVariableDefs.obj (ECap6RegsFile)

EQep1RegsFile 
*          1    00006b00    00000040     UNINITIALIZED
                  00006b00    00000040     DSP2833x_GlobalVariableDefs.obj (EQep1RegsFile)

EQep2RegsFile 
*          1    00006b40    00000040     UNINITIALIZED
                  00006b40    00000040     DSP2833x_GlobalVariableDefs.obj (EQep2RegsFile)

GpioCtrlRegsFile 
*          1    00006f80    0000002e     UNINITIALIZED
                  00006f80    0000002e     DSP2833x_GlobalVariableDefs.obj (GpioCtrlRegsFile)

GpioDataRegsFile 
*          1    00006fc0    00000020     UNINITIALIZED
                  00006fc0    00000020     DSP2833x_GlobalVariableDefs.obj (GpioDataRegsFile)

GpioIntRegsFile 
*          1    00006fe0    0000000a     UNINITIALIZED
                  00006fe0    0000000a     DSP2833x_GlobalVariableDefs.obj (GpioIntRegsFile)

SysCtrlRegsFile 
*          1    00007010    00000020     UNINITIALIZED
                  00007010    00000020     DSP2833x_GlobalVariableDefs.obj (SysCtrlRegsFile)

SpiaRegsFile 
*          1    00007040    00000010     UNINITIALIZED
                  00007040    00000010     DSP2833x_GlobalVariableDefs.obj (SpiaRegsFile)

SciaRegsFile 
*          1    00007050    00000010     UNINITIALIZED
                  00007050    00000010     DSP2833x_GlobalVariableDefs.obj (SciaRegsFile)

XIntruptRegsFile 
*          1    00007070    00000010     UNINITIALIZED
                  00007070    00000010     DSP2833x_GlobalVariableDefs.obj (XIntruptRegsFile)

AdcRegsFile 
*          1    00007100    0000001e     UNINITIALIZED
                  00007100    0000001e     DSP2833x_GlobalVariableDefs.obj (AdcRegsFile)

ScibRegsFile 
*          1    00007750    00000010     UNINITIALIZED
                  00007750    00000010     DSP2833x_GlobalVariableDefs.obj (ScibRegsFile)

ScicRegsFile 
*          1    00007770    00000010     UNINITIALIZED
                  00007770    00000010     DSP2833x_GlobalVariableDefs.obj (ScicRegsFile)

I2caRegsFile 
*          1    00007900    00000022     UNINITIALIZED
                  00007900    00000022     DSP2833x_GlobalVariableDefs.obj (I2caRegsFile)

CsmPwlFile 
*          1    0033fff8    00000008     UNINITIALIZED
                  0033fff8    00000008     DSP2833x_GlobalVariableDefs.obj (CsmPwlFile)

.pinit     0    00338000    00000000     UNINITIALIZED

.DMARAML4 
*          1    0000c000    00000014     UNINITIALIZED
                  0000c000    00000014     DSP2833x_DMA.obj (.DMARAML4)

.ebss      1    0000d000    00000cf4     UNINITIALIZED
                  0000d000    00000810     USERS_Cap.obj (.ebss)
                  0000d810    00000018     DSP2833x_CpuTimers.obj (.ebss)
                  0000d828    00000015     USERS_DigitalIo.obj (.ebss)
                  0000d83d    00000003     USERS_T1.obj (.ebss)
                  0000d840    00000340     DSP2833x_Sci.obj (.ebss)
                  0000db80    000000ee     USERS_Main.obj (.ebss)
                  0000dc6e    00000006     rts2800_fpu32.lib : exit.obj (.ebss)
                  0000dc74    00000004     DSP2833x_DMA.obj (.ebss)
                  0000dc78    00000002     USERS_Flash.obj (.ebss)
                  0000dc7a    00000002     rts2800_fpu32.lib : _lock.obj (.ebss:__lock)
                  0000dc7c    00000002                       : _lock.obj (.ebss:__unlock)
                  0000dc7e    00000001     USERS_Protect.obj (.ebss)
                  0000dc7f    00000001     rts2800_fpu32.lib : errno.obj (.ebss)
                  0000dc80    00000074     DSP2833x_ECan.obj (.ebss)

.ParaTab   1    0000dd00    000001c0     UNINITIALIZED
                  0000dd00    000001c0     USERS_ParaTab.obj (.ParaTab)

.URmsReg   1    0000e000    0000068a     UNINITIALIZED
                  0000e000    0000068a     USERS_Main.obj (.URmsReg)

.SinTab    1    0000e6c0    00000400     UNINITIALIZED
                  0000e6c0    00000400     USERS_Main.obj (.SinTab)

.SciData   1    0000eac0    000003f6     UNINITIALIZED
                  0000eac0    000003c0     USERS_Modbus.obj (.SciData)
                  0000ee80    00000036     USERS_ExRam.obj (.SciData)

.SPLLData 
*          1    0000f000    000008ee     UNINITIALIZED
                  0000f000    000008ee     USERS_Main.obj (.SPLLData)

.ExRamCtrl 
*          1    00180000    00000840     UNINITIALIZED
                  00180000    00000840     USERS_ExRam.obj (.ExRamCtrl)

.ExRamData 
*          1    00184000    00014000     UNINITIALIZED
                  00184000    00014000     USERS_ExRam.obj (.ExRamData)

.EmRamData 
*          1    001a0000    00020000     UNINITIALIZED
                  001a0000    00020000     USERS_ExRam.obj (.EmRamData)

.reset     0    003fffc0    00000002     DSECT
                  003fffc0    00000002     rts2800_fpu32.lib : boot.obj (.reset)

vectors    0    003fffc2    00000000     DSECT

MODULE SUMMARY

       Module                            code    ro data   rw data
       ------                            ----    -------   -------
    .\source\
       USERS_ExRam.obj                   540     0         215158 
       USERS_Main.obj                    399     0         5222   
       USERS_T1.obj                      3289    0         15     
       USERS_Modbus.obj                  1724    0         1478   
       USERS_Arithmetic.obj              3070    0         0      
       DSP2833x_GlobalVariableDefs.obj   0       0         2678   
       USERS_DigitalIo.obj               2260    0         103    
       USERS_Cap.obj                     138     0         2068   
       DSP2833x_Sci.obj                  1014    0         876    
       USERS_Protect.obj                 1368    0         5      
       USERS_T4.obj                      1347    0         0      
       DSP2833x_ECan.obj                 1140    0         156    
       DSP2833x_DMA.obj                  1091    0         24     
       USERS_EPwm.obj                    1090    0         0      
       DSP2833x_Adc.obj                  858     0         0      
       DSP2833x_DefaultIsr.obj           803     0         0      
       USERS_ParaTab.obj                 251     0         448    
       USERS_Flash.obj                   457     0         7      
       DSP2833x_PieVect.obj              32      0         256    
       DSP2833x_SysCtrl.obj              258     0         0      
       DSP2833x_Xintf.obj                206     0         0      
       DSP2833x_CpuTimers.obj            155     0         24     
       DSP2833x_CSMPasswords.obj         0       0         126    
       DSP2833x_PieCtrl.obj              40      0         0      
       DSP2833x_MemCopy.obj              19      0         0      
       USERS_Cpld.obj                    17      0         0      
       DSP2833x_Delay.obj                15      0         0      
       DSP2833x_CodeStartBranch.obj      10      0         0      
       DSP2833x_usDelay.obj              8       0         0      
       DSP2833x_ADC_cal.obj              7       0         0      
    +--+---------------------------------+-------+---------+---------+
       Total:                            21606   0         228644 
                                                                  
    C:\ti\ccsv6\tools\compiler\c2000_15.12.3.LTS\lib\rts2800_fpu32.lib
       ll_div.obj                        263     0         0      
       fs_div.obj                        136     0         0      
       s_sinf.obj                        88      0         0      
       boot.obj                          86      0         0      
       cpy_tbl.obj                       70      0         0      
       exit.obj                          41      0         20     
       l_div.obj                         42      0         0      
       e_sqrtf.obj                       37      0         0      
       cpy_utils.obj                     26      0         0      
       args_main.obj                     25      0         0      
       _lock.obj                         9       0         14     
       ull_tofs.obj                      17      0         0      
       memset.obj                        12      0         0      
       errno.obj                         0       0         5      
       pre_init.obj                      2       0         0      
       startup.obj                       1       0         0      
    +--+---------------------------------+-------+---------+---------+
       Total:                            855     0         39     
                                                                  
       Stack:                            0       0         768    
    +--+---------------------------------+-------+---------+---------+
       Grand Total:                      22461   0         229451 


GLOBAL DATA SYMBOLS: SORTED BY DATA PAGE

address     data page           name
--------    ----------------    ----
00000400      10 (00000400)     __stack

00000880      22 (00000880)     _DevEmuRegs

00000a80      2a (00000a80)     _FlashRegs

00000ae0      2b (00000ac0)     _CsmRegs

00000b00      2c (00000b00)     _AdcMirror
00000b20      2c (00000b00)     _XintfRegs

00000c00      30 (00000c00)     _CpuTimer0Regs
00000c08      30 (00000c00)     _CpuTimer1Regs
00000c10      30 (00000c00)     _CpuTimer2Regs

00000ce0      33 (00000cc0)     _PieCtrlRegs

00000d00      34 (00000d00)     _PieVectTable

00001000      40 (00001000)     _DmaRegs

00005000     140 (00005000)     _McbspaRegs

00005040     141 (00005040)     _McbspbRegs

00006000     180 (00006000)     _ECanaRegs

00006040     181 (00006040)     _ECanaLAMRegs

00006080     182 (00006080)     _ECanaMOTSRegs

000060c0     183 (000060c0)     _ECanaMOTORegs

00006100     184 (00006100)     _ECanaMboxes

00006200     188 (00006200)     _ECanbRegs

00006240     189 (00006240)     _ECanbLAMRegs

00006280     18a (00006280)     _ECanbMOTSRegs

000062c0     18b (000062c0)     _ECanbMOTORegs

00006300     18c (00006300)     _ECanbMboxes

00006800     1a0 (00006800)     _EPwm1Regs

00006840     1a1 (00006840)     _EPwm2Regs

00006880     1a2 (00006880)     _EPwm3Regs

000068c0     1a3 (000068c0)     _EPwm4Regs

00006900     1a4 (00006900)     _EPwm5Regs

00006940     1a5 (00006940)     _EPwm6Regs

00006a00     1a8 (00006a00)     _ECap1Regs
00006a20     1a8 (00006a00)     _ECap2Regs

00006a40     1a9 (00006a40)     _ECap3Regs
00006a60     1a9 (00006a40)     _ECap4Regs

00006a80     1aa (00006a80)     _ECap5Regs
00006aa0     1aa (00006a80)     _ECap6Regs

00006b00     1ac (00006b00)     _EQep1Regs

00006b40     1ad (00006b40)     _EQep2Regs

00006f80     1be (00006f80)     _GpioCtrlRegs

00006fc0     1bf (00006fc0)     _GpioDataRegs
00006fe0     1bf (00006fc0)     _GpioIntRegs

00007010     1c0 (00007000)     _SysCtrlRegs

00007040     1c1 (00007040)     _SpiaRegs
00007050     1c1 (00007040)     _SciaRegs
00007070     1c1 (00007040)     _XIntruptRegs

00007100     1c4 (00007100)     _AdcRegs

00007750     1dd (00007740)     _ScibRegs
00007770     1dd (00007740)     _ScicRegs

00007900     1e4 (00007900)     _I2caRegs

0000c000     300 (0000c000)     _DMABuf

0000d002     340 (0000d000)     _t7
0000d004     340 (0000d000)     _t8
0000d006     340 (0000d000)     _t5
0000d008     340 (0000d000)     _t6
0000d00a     340 (0000d000)     _T3
0000d00c     340 (0000d000)     _T4
0000d00e     340 (0000d000)     _T1
0000d010     340 (0000d000)     _T2
0000d012     340 (0000d000)     _t2
0000d014     340 (0000d000)     _t1
0000d016     340 (0000d000)     _t4
0000d018     340 (0000d000)     _t3

0000d040     341 (0000d040)     _Cap_data

0000d810     360 (0000d800)     _CpuTimer1
0000d818     360 (0000d800)     _CpuTimer2
0000d820     360 (0000d800)     _CpuTimer0
0000d82d     360 (0000d800)     _CountGpioInDown
0000d835     360 (0000d800)     _CountGpioInUp

0000d840     361 (0000d840)     _scic_rcv_counter
0000d841     361 (0000d840)     _scic_timeout_cnt
0000d842     361 (0000d840)     _FlagSciBRcvOK
0000d843     361 (0000d840)     _scia_timeout_cnt
0000d844     361 (0000d840)     _scia_rcv_counter
0000d845     361 (0000d840)     _scib_rcv_counter
0000d846     361 (0000d840)     _FlagSciCRcvOK
0000d847     361 (0000d840)     _scib_timeout_cnt

0000d880     362 (0000d880)     _RX_BUFB

0000d980     366 (0000d980)     _RX_BUFA

0000da80     36a (0000da80)     _RX_BUFC

0000db80     36e (0000db80)     _FlagSysInitErr
0000db81     36e (0000db80)     _FlagGpioIn
0000db82     36e (0000db80)     _FlagSysRunErr
0000db83     36e (0000db80)     _StateSystem
0000db84     36e (0000db80)     _ConvertState
0000db85     36e (0000db80)     _ScrChannel
0000db86     36e (0000db80)     _SystemState
0000db88     36e (0000db80)     _FlagSysAlarm
0000db8a     36e (0000db80)     _FlagSystem
0000db8e     36e (0000db80)     _CanTxPack1
0000db96     36e (0000db80)     _CanTxPack2
0000db9e     36e (0000db80)     _CanRxPack
0000dba6     36e (0000db80)     _PwmIsrReg

0000dbc0     36f (0000dbc0)     _DataBuf
0000dbd0     36f (0000dbc0)     _DataNormal
0000dbe0     36f (0000dbc0)     _DataFactor
0000dbf0     36f (0000dbc0)     _DataZero

0000dc00     370 (0000dc00)     _DataInst
0000dc10     370 (0000dc00)     _DataMax

0000dc40     371 (0000dc40)     _CountSystem
0000dc6e     371 (0000dc40)     ___TI_enable_exit_profile_output
0000dc70     371 (0000dc40)     ___TI_cleanup_ptr
0000dc72     371 (0000dc40)     ___TI_dtors_ptr
0000dc74     371 (0000dc40)     _DMADest
0000dc76     371 (0000dc40)     _DMASource
0000dc78     371 (0000dc40)     _FlashStart
0000dc7a     371 (0000dc40)     __lock
0000dc7c     371 (0000dc40)     __unlock
0000dc7f     371 (0000dc40)     _errno

0000dcc0     373 (0000dcc0)     _ECanbShadow

0000dd00     374 (0000dd00)     _ParaTable

0000e000     380 (0000e000)     _NO2IARegs

0000e0c0     383 (0000e0c0)     _NO1ICRegs

0000e180     386 (0000e180)     _NO2ICRegs

0000e240     389 (0000e240)     _NO2IBRegs

0000e300     38c (0000e300)     _ModATempRegs

0000e3c0     38f (0000e3c0)     _ModBTempRegs

0000e480     392 (0000e480)     _ModCTempRegs

0000e540     395 (0000e540)     _NO1IBRegs

0000e600     398 (0000e600)     _NO1IARegs

0000e6c0     39b (0000e6c0)     _SinTab

0000eac0     3ab (0000eac0)     _ErrCrcBTempBuf
0000eac5     3ab (0000eac0)     _ErrCrcCTempBuf
0000eaca     3ab (0000eac0)     _ModbusBData
0000ead8     3ab (0000eac0)     _ModbusCData
0000eae6     3ab (0000eac0)     _EmDataAddrArray

0000eb00     3ac (0000eb00)     _CrcBTempBuf

0000ebc0     3af (0000ebc0)     _CrcCTempBuf

0000ec80     3b2 (0000ec80)     _auchCRCHi

0000ed80     3b6 (0000ed80)     _auchCRCLo

0000ee80     3ba (0000ee80)     _ExRamReg
0000ee9b     3ba (0000ee80)     _EmgcRamReg

0000f000     3c0 (0000f000)     _SpllRegNO2

0000f240     3c9 (0000f240)     _SpllRegNO1

0000f480     3d2 (0000f480)     _SpllRegUFO

0000f6c0     3db (0000f6c0)     _SpllRegOut

00180000    6000 (00180000)     _ExRamCtrl

00180340    600d (00180340)     _EmgcRamCtrl

00184000    6100 (00184000)     _ExRamData

001a0000    6800 (001a0000)     _EmRamData

0033bc02    cef0 (0033bc00)     _PieVectTableInit

0033fff8    cfff (0033ffc0)     _CsmPwl


GLOBAL SYMBOLS: SORTED ALPHABETICALLY BY Name 

page  address   name                            
----  -------   ----                            
0     00338000  .text                           
0     0033b81e  C$$EXIT                         
0     0033b5e1  FS$$DIV                         
0     0033b7f4  L$$DIV                          
0     0033b803  L$$MOD                          
0     0033b032  LL$$DIV                         
0     0033b06e  LL$$MOD                         
0     0033b811  UL$$DIV                         
0     0033b818  UL$$MOD                         
0     0033b0a8  ULL$$DIV                        
0     0033b0d7  ULL$$MOD                        
0     0033b91d  ULL$$TOFS                       
0     0033a4b9  _ADAdjustOfDMA                  
0     0033a3ed  _ADAdjustOfSOC                  
0     0033a077  _ADCINT_ISR                     
0     00380080  _ADC_cal                        
0     0000aecd  _ADSampleOfDMA                  
0     0033a383  _ADSampleOfSOC                  
0     0033a37e  _ADStart                        
1     00000b00  _AdcMirror                      
1     00007100  _AdcRegs                        
0     0033ab09  _BlockErase                     
0     0000abd5  _BreakCloseNo1ToNo2             
0     0000ac48  _BreakCloseNo2ToNo1             
0     0033903d  _CanDataDealInIdlesse           
0     00339077  _CanDataDealInRun               
0     00338e32  _CanDataRecv                    
0     00338ea6  _CanDataSave                    
1     0000db9e  _CanRxPack                      
1     0000db8e  _CanTxPack1                     
1     0000db96  _CanTxPack2                     
1     0000d040  _Cap_data                       
0     0033ab7a  _ChipErase                      
0     0033b8ff  _ClrCPLD_STS                    
0     0033b519  _ConfigCpuTimer                 
0     0000a92b  _ControlGPIOOut                 
0     0000aa0f  _ControlSCROut                  
1     0000db84  _ConvertState                   
0     0033af68  _CopyData                       
1     0000d82d  _CountGpioInDown                
1     0000d835  _CountGpioInUp                  
1     0000dc40  _CountSystem                    
1     0000d820  _CpuTimer0                      
1     00000c00  _CpuTimer0Regs                  
1     0000d810  _CpuTimer1                      
1     00000c08  _CpuTimer1Regs                  
1     0000d818  _CpuTimer2                      
1     00000c10  _CpuTimer2Regs                  
1     0000eb00  _CrcBTempBuf                    
1     0000ebc0  _CrcCTempBuf                    
0     0033802a  _CrcDetect                      
1     0033fff8  _CsmPwl                         
1     00000ae0  _CsmRegs                        
0     0033b20a  _CsmUnlock                      
0     0000ab09  _CtrlSCRDisable                 
0     0000aa6d  _CtrlSCREnable                  
0     00339fa5  _DATALOG_ISR                    
0     0033a199  _DINTCH1_ISR                    
0     0033a1a3  _DINTCH2_ISR                    
0     0033a1ad  _DINTCH3_ISR                    
0     0033a1b7  _DINTCH4_ISR                    
0     0033a1c1  _DINTCH5_ISR                    
0     0033a1cb  _DINTCH6_ISR                    
1     0000c000  _DMABuf                         
0     0033951e  _DMACH1AddrConfig               
0     0033952e  _DMACH1BurstConfig              
0     00339561  _DMACH1ModeConfig               
0     0033953e  _DMACH1TransferConfig           
0     0033954e  _DMACH1WrapConfig               
0     003395c3  _DMACH2AddrConfig               
0     003395d3  _DMACH2BurstConfig              
0     00339606  _DMACH2ModeConfig               
0     003395e3  _DMACH2TransferConfig           
0     003395f3  _DMACH2WrapConfig               
0     00339668  _DMACH3AddrConfig               
0     00339678  _DMACH3BurstConfig              
0     003396ab  _DMACH3ModeConfig               
0     00339688  _DMACH3TransferConfig           
0     00339698  _DMACH3WrapConfig               
0     0033970d  _DMACH4AddrConfig               
0     0033971d  _DMACH4BurstConfig              
0     00339750  _DMACH4ModeConfig               
0     0033972d  _DMACH4TransferConfig           
0     0033973d  _DMACH4WrapConfig               
0     003397b2  _DMACH5AddrConfig               
0     003397c2  _DMACH5BurstConfig              
0     003397f5  _DMACH5ModeConfig               
0     003397d2  _DMACH5TransferConfig           
0     003397e2  _DMACH5WrapConfig               
0     00339857  _DMACH6AddrConfig               
0     00339867  _DMACH6BurstConfig              
0     0033989a  _DMACH6ModeConfig               
0     00339877  _DMACH6TransferConfig           
0     00339887  _DMACH6WrapConfig               
1     0000dc74  _DMADest                        
1     0000dc76  _DMASource                      
0     00008000  _DSP28x_usDelay                 
1     0000dbc0  _DataBuf                        
1     0000dbe0  _DataFactor                     
0     0033ad70  _DataInit                       
1     0000dc00  _DataInst                       
1     0000dc10  _DataMax                        
1     0000dbd0  _DataNormal                     
1     0000dbf0  _DataZero                       
0     0033879a  _DelayModeChosen                
0     0033b92e  _DelayUs                        
1     00000880  _DevEmuRegs                     
0     0033b156  _DisableDog                     
0     003393f0  _DisablePWM                     
0     003390d0  _Disable_TZ                     
1     00001000  _DmaRegs                        
0     0033a225  _ECAN0INTA_ISR                  
0     0033a239  _ECAN0INTB_ISR                  
0     0033a22f  _ECAN1INTA_ISR                  
0     0033a243  _ECAN1INTB_ISR                  
0     0033a10d  _ECAP1_INT_ISR                  
0     0033a117  _ECAP2_INT_ISR                  
0     0033a121  _ECAP3_INT_ISR                  
0     0033a12b  _ECAP4_INT_ISR                  
0     0033a135  _ECAP5_INT_ISR                  
0     0033a13f  _ECAP6_INT_ISR                  
1     00006040  _ECanaLAMRegs                   
1     000060c0  _ECanaMOTORegs                  
1     00006080  _ECanaMOTSRegs                  
1     00006100  _ECanaMboxes                    
1     00006000  _ECanaRegs                      
1     00006240  _ECanbLAMRegs                   
1     000062c0  _ECanbMOTORegs                  
1     00006280  _ECanbMOTSRegs                  
1     00006300  _ECanbMboxes                    
1     00006200  _ECanbRegs                      
1     0000dcc0  _ECanbShadow                    
1     00006a00  _ECap1Regs                      
1     00006a20  _ECap2Regs                      
1     00006a40  _ECap3Regs                      
1     00006a60  _ECap4Regs                      
1     00006a80  _ECap5Regs                      
1     00006aa0  _ECap6Regs                      
0     0033a293  _EMPTY_ISR                      
0     00339fb9  _EMUINT_ISR                     
0     0033a0d1  _EPWM1_INT_ISR                  
0     0033a095  _EPWM1_TZINT_ISR                
0     0033a0db  _EPWM2_INT_ISR                  
0     0033a09f  _EPWM2_TZINT_ISR                
0     0033a0e5  _EPWM3_INT_ISR                  
0     0033a0a9  _EPWM3_TZINT_ISR                
0     0033a0ef  _EPWM4_INT_ISR                  
0     0033a0b3  _EPWM4_TZINT_ISR                
0     0033a0f9  _EPWM5_INT_ISR                  
0     0033a0bd  _EPWM5_TZINT_ISR                
0     0033a103  _EPWM6_INT_ISR                  
0     0033a0c7  _EPWM6_TZINT_ISR                
1     00006800  _EPwm1Regs                      
1     00006840  _EPwm2Regs                      
1     00006880  _EPwm3Regs                      
1     000068c0  _EPwm4Regs                      
1     00006900  _EPwm5Regs                      
1     00006940  _EPwm6Regs                      
0     0033a149  _EQEP1_INT_ISR                  
0     0033a153  _EQEP2_INT_ISR                  
1     00006b00  _EQep1Regs                      
1     00006b40  _EQep2Regs                      
1     0000eae6  _EmDataAddrArray                
0     0033af8a  _EmDataWriteToFlash             
1     001a0000  _EmRamData                      
1     00180340  _EmgcRamCtrl                    
1     0000ee9b  _EmgcRamReg                     
0     0033b866  _EnableInterrupts               
0     003392fb  _EnablePWM                      
0     003390b4  _EnableTZ                       
1     0000eac0  _ErrCrcBTempBuf                 
1     0000eac5  _ErrCrcCTempBuf                 
1     00180000  _ExRamCtrl                      
1     00184000  _ExRamData                      
1     0000ee80  _ExRamReg                       
1     0000db81  _FlagGpioIn                     
0     0033a932  _FlagInit                       
1     0000d842  _FlagSciBRcvOK                  
1     0000d846  _FlagSciCRcvOK                  
1     0000db88  _FlagSysAlarm                   
1     0000db80  _FlagSysInitErr                 
1     0000db82  _FlagSysRunErr                  
1     0000db8a  _FlagSystem                     
0     0033ac49  _FlashRead                      
1     00000a80  _FlashRegs                      
1     0000dc78  _FlashStart                     
0     0033abf0  _FlashWrite                     
0     003386bc  _ForceModeChosen                
1     00006f80  _GpioCtrlRegs                   
1     00006fc0  _GpioDataRegs                   
1     00006fe0  _GpioIntRegs                    
0     00339b49  _GpioRead                       
0     00339b92  _GpioTest                       
0     0000a2e5  _HalfCycleUrmsCalc              
0     0033a1d5  _I2CINT1A_ISR                   
0     0033a1df  _I2CINT2A_ISR                   
1     00007900  _I2caRegs                       
0     00339fcd  _ILLEGAL_ISR                    
0     00339f91  _INT13_ISR                      
0     00339f9b  _INT14_ISR                      
0     0033b557  _ISRCap1                        
0     0033b588  _ISRCap2                        
0     00338962  _InCurProtect                   
0     003388cb  _InVolProtect                   
0     0033a2b4  _InitADCOfDMA                   
0     0033a31c  _InitADCOfSOC                   
0     00338daf  _InitCANData                    
0     0033b4bc  _InitCpuTimers                  
0     003394ca  _InitDMA                        
0     00338c14  _InitECanaGpio                  
0     00338c3e  _InitECanbGpio                  
0     00339088  _InitEPWM                       
0     003390e6  _InitEPwm1                      
0     00339153  _InitEPwm2                      
0     003391b1  _InitEPwm3                      
0     0033922f  _InitEPwm56                     
0     0033af26  _InitExRam                      
0     003398fc  _InitGpio                       
0     00338049  _InitModbusBData                
0     00339211  _InitPWM4                       
0     0033b1af  _InitPeripheralClocks           
0     0033b847  _InitPieCtrl                    
0     0033b895  _InitPieVectTable               
0     0033b15e  _InitPll                        
0     00339a02  _InitSCRGpio                    
0     0033b139  _InitSysCtrl                    
0     0033adf3  _InitT1Var                      
0     0033a7fc  _InitT4Var                      
0     003394bb  _InitTzGpio                     
0     003399dd  _InitXint                       
0     0033b336  _InitXintf                      
0     0033b3aa  _InitXintf16Gpio                
0     0033b363  _InitXintf32Gpio                
0     00338c8e  _IniteCANB                      
0     0033a289  _LUF_ISR                        
0     0033a27f  _LVF_ISR                        
0     0033b90c  _Local_DINTCH1_ISR              
0     0033a185  _MRINTA_ISR                     
0     0033a171  _MRINTB_ISR                     
0     0033a18f  _MXINTA_ISR                     
0     0033a17b  _MXINTB_ISR                     
1     00005000  _McbspaRegs                     
1     00005040  _McbspbRegs                     
0     0033b8e8  _MemCopy                        
1     0000e300  _ModATempRegs                   
1     0000e3c0  _ModBTempRegs                   
1     0000e480  _ModCTempRegs                   
1     0000eaca  _ModbusBData                    
0     003382c4  _ModbusBErrReply                
0     0033806e  _ModbusBListen                  
0     003383d2  _ModbusBProcess                 
0     00338163  _ModbusBReply                   
0     003382ec  _ModbusBUpdata                  
1     0000ead8  _ModbusCData                    
0     003385ed  _ModbusCErrReply                
0     003383fa  _ModbusCListen                  
0     00338699  _ModbusCProcess                 
0     003384c8  _ModbusCReply                   
0     00338615  _ModbusCUpdata                  
0     00339b5a  _MotorPhaseCtrl                 
0     0000ab48  _MotorSoftStart                 
0     00339fc3  _NMI_ISR                        
0     0000acbb  _NO1CurZeroCrossDetec           
1     0000e600  _NO1IARegs                      
1     0000e540  _NO1IBRegs                      
1     0000e0c0  _NO1ICRegs                      
0     0000accd  _NO2CurZeroCrossDetec           
1     0000e000  _NO2IARegs                      
1     0000e240  _NO2IBRegs                      
1     0000e180  _NO2ICRegs                      
0     00338bf7  _PDPClearFunc                   
0     0000a59d  _PICal                          
0     0033a2a0  _PIE_RESERVED                   
1     0000dd00  _ParaTable                      
1     00000ce0  _PieCtrlRegs                    
1     00000d00  _PieVectTable                   
0     0033bc02  _PieVectTableInit               
1     0000dba6  _PwmIsrReg                      
0     00339faf  _RTOSINT_ISR                    
1     0000d980  _RX_BUFA                        
1     0000d880  _RX_BUFB                        
1     0000da80  _RX_BUFC                        
0     00320004  _RamfuncsLoadEnd                
0     00320000  _RamfuncsLoadStart              
0     00008000  _RamfuncsRunStart               
0     0033b8fb  _ReadCPLD_STS                   
0     0033afc5  _ReadEmDataFromFlash            
0     00339a45  _ReadGPIOIn1                    
0     00339a64  _ReadGPIOIn2                    
0     00339a89  _ReadGPIOIn3                    
0     00339aa8  _ReadGPIOIn4                    
0     00339ac7  _ReadGPIOIn5                    
0     00339aec  _ReadGPIOIn6                    
0     00339b0b  _ReadGPIOIn7                    
0     00339b2a  _ReadGPIOIn8                    
0     0033b23b  _ReadParaFromFlash              
0     0000abc6  _ReadT1VarFromPara              
0     0033a7ff  _ReadT4VarFromPara              
0     00339e0d  _SCIA_DataInit                  
0     00339e1c  _SCIA_DeInit                    
0     00339c53  _SCIA_Init                      
0     0033b404  _SCIA_RXINT_ISR                 
0     00339e2b  _SCIA_SendByte                  
0     00339e76  _SCIA_SendStr                   
0     00339ce5  _SCIBInit                       
0     00339ea9  _SCIBRcvDeal                    
0     00339e12  _SCIB_DataInit                  
0     00339e21  _SCIB_DeInit                    
0     0033b442  _SCIB_RXINT_ISR                 
0     00339e44  _SCIB_SendByte                  
0     00339e87  _SCIB_SendStr                   
0     00339d99  _SCICInit                       
0     00339f1d  _SCICRcvDeal                    
0     00339e17  _SCIC_DataInit                  
0     00339e26  _SCIC_DeInit                    
0     0033b47e  _SCIC_RXINT_ISR                 
0     00339e5d  _SCIC_SendByte                  
0     00339e98  _SCIC_SendStr                   
0     0033a1fd  _SCIRXINTA_ISR                  
0     0033a211  _SCIRXINTB_ISR                  
0     0033a1e9  _SCIRXINTC_ISR                  
0     0033a207  _SCITXINTA_ISR                  
0     0033a21b  _SCITXINTB_ISR                  
0     0033a1f3  _SCITXINTC_ISR                  
0     003389f3  _SCRProtect                     
0     0033a04f  _SEQ1INT_ISR                    
0     0033a059  _SEQ2INT_ISR                    
0     0033a15d  _SPIRXINTA_ISR                  
0     0033a167  _SPITXINTA_ISR                  
0     0000ad36  _SaveT1VarToPara                
0     0033a969  _SaveT4VarToPara                
1     00007050  _SciaRegs                       
1     00007750  _ScibRegs                       
1     00007770  _ScicRegs                       
1     0000db85  _ScrChannel                     
0     0033aa9b  _SectorErase                    
0     0033b14c  _ServiceDog                     
1     0000e6c0  _SinTab                         
1     00007040  _SpiaRegs                       
0     0000a000  _SpllCalc                       
1     0000f240  _SpllRegNO1                     
1     0000f000  _SpllRegNO2                     
1     0000f6c0  _SpllRegOut                     
1     0000f480  _SpllRegUFO                     
0     003395bb  _StartDMACH1                    
0     00339660  _StartDMACH2                    
0     00339705  _StartDMACH3                    
0     003397aa  _StartDMACH4                    
0     0033984f  _StartDMACH5                    
0     003398f4  _StartDMACH6                    
0     003383f5  _StartSaveData                  
1     0000db83  _StateSystem                    
1     00007010  _SysCtrlRegs                    
0     0033a920  _SysStateLedDisplay             
1     0000db86  _SystemState                    
1     0000d00e  _T1                             
0     0000ae89  _T1EmergencySave                
0     0000ae45  _T1VarSave                      
1     0000d010  _T2                             
1     0000d00a  _T3                             
1     0000d00c  _T4                             
0     0033a081  _TINT0_ISR                      
0     0033b717  _TZ1_ISR                        
0     00338b9a  _TempProtect                    
0     0000acdf  _ThetaCalculate                 
0     0033a558  _Timer1_ISR                     
0     0000a21a  _URmsCalc                       
0     0033a031  _USER10_ISR                     
0     0033a03b  _USER11_ISR                     
0     0033a045  _USER12_ISR                     
0     00339fd7  _USER1_ISR                      
0     00339fe1  _USER2_ISR                      
0     00339feb  _USER3_ISR                      
0     00339ff5  _USER4_ISR                      
0     00339fff  _USER5_ISR                      
0     0033a009  _USER6_ISR                      
0     0033a013  _USER7_ISR                      
0     0033a01d  _USER8_ISR                      
0     0033a027  _USER9_ISR                      
0     0033b317  _UpdataParaToFlash              
0     0033a08b  _WAKEINT_ISR                    
0     0033b248  _WtiteDefaultToFlash            
0     0033b767  _XINT1ISR                       
0     0033a063  _XINT1_ISR                      
0     0033a06d  _XINT2_ISR                      
0     0033a24d  _XINT3_ISR                      
0     0033a257  _XINT4_ISR                      
0     0033a261  _XINT5_ISR                      
0     0033a26b  _XINT6_ISR                      
0     0033a275  _XINT7_ISR                      
1     00007070  _XIntruptRegs                   
0     00339b85  _XintIORelease                  
1     00000b20  _XintfRegs                      
1     00000700  __STACK_END                     
abs   00000300  __STACK_SIZE                    
1     0000dc70  ___TI_cleanup_ptr               
1     0000dc72  ___TI_dtors_ptr                 
1     0000dc6e  ___TI_enable_exit_profile_output
abs   ffffffff  ___TI_pprof_out_hndl            
abs   ffffffff  ___TI_prof_data_size            
abs   ffffffff  ___TI_prof_data_start           
abs   ffffffff  ___binit__                      
abs   ffffffff  ___c_args__                     
0     0033b95c  ___cinit__                      
0     0033b95c  ___etext__                      
abs   ffffffff  ___pinit__                      
0     00338000  ___text__                       
0     0033b8cf  __args_main                     
1     0000dc7a  __lock                          
0     0033b951  __nop                           
0     0033b94d  __register_lock                 
0     0033b949  __register_unlock               
1     00000400  __stack                         
0     0033b86f  __system_post_cinit             
0     0033b95a  __system_pre_init               
1     0000dc7c  __unlock                        
0     0033b81e  _abort                          
1     0000ec80  _auchCRCHi                      
1     0000ed80  _auchCRCLo                      
0     0033b6c1  _c_int00                        
0     0033b7ae  _copy_in                        
0     00338000  _crc16                          
0     0033b8b5  _ddcopy                         
0     0033b8b5  _dpcopy                         
0     00338dbd  _eCANReset                      
0     00338dc4  _eCANSend                       
0     0000a5ff  _ePWM1ISR                       
1     0000dc7f  _errno                          
0     0033b820  _exit                           
0     0033ac64  _main                           
0     0033b93d  _memset                         
0     0033b8b5  _pdcopy                         
0     0033b8b5  _ppcopy                         
0     00318f28  _ramLoadEnd                     
0     00318000  _ramLoadStart                   
0     0000a000  _ramRunStart                    
0     0033a2aa  _rsvd_ISR                       
1     0000d844  _scia_rcv_counter               
1     0000d843  _scia_timeout_cnt               
1     0000d845  _scib_rcv_counter               
1     0000d847  _scib_timeout_cnt               
1     0000d840  _scic_rcv_counter               
1     0000d841  _scic_timeout_cnt               
0     0033b669  _sin                            
0     0033b669  _sinf                           
0     0033b870  _sqrt                           
0     0033b870  _sqrtf                          
1     0000d014  _t1                             
1     0000d012  _t2                             
1     0000d018  _t3                             
1     0000d016  _t4                             
1     0000d006  _t5                             
1     0000d008  _t6                             
1     0000d002  _t7                             
1     0000d004  _t8                             
abs   ffffffff  binit                           
0     0033b95c  cinit                           
0     0033fff6  code_start                      
0     0033b95c  etext                           
abs   ffffffff  pinit                           


GLOBAL SYMBOLS: SORTED BY Symbol Address 

page  address   name                            
----  -------   ----                            
0     00008000  _DSP28x_usDelay                 
0     00008000  _RamfuncsRunStart               
0     0000a000  _SpllCalc                       
0     0000a000  _ramRunStart                    
0     0000a21a  _URmsCalc                       
0     0000a2e5  _HalfCycleUrmsCalc              
0     0000a59d  _PICal                          
0     0000a5ff  _ePWM1ISR                       
0     0000a92b  _ControlGPIOOut                 
0     0000aa0f  _ControlSCROut                  
0     0000aa6d  _CtrlSCREnable                  
0     0000ab09  _CtrlSCRDisable                 
0     0000ab48  _MotorSoftStart                 
0     0000abc6  _ReadT1VarFromPara              
0     0000abd5  _BreakCloseNo1ToNo2             
0     0000ac48  _BreakCloseNo2ToNo1             
0     0000acbb  _NO1CurZeroCrossDetec           
0     0000accd  _NO2CurZeroCrossDetec           
0     0000acdf  _ThetaCalculate                 
0     0000ad36  _SaveT1VarToPara                
0     0000ae45  _T1VarSave                      
0     0000ae89  _T1EmergencySave                
0     0000aecd  _ADSampleOfDMA                  
0     00318000  _ramLoadStart                   
0     00318f28  _ramLoadEnd                     
0     00320000  _RamfuncsLoadStart              
0     00320004  _RamfuncsLoadEnd                
0     00338000  .text                           
0     00338000  ___text__                       
0     00338000  _crc16                          
0     0033802a  _CrcDetect                      
0     00338049  _InitModbusBData                
0     0033806e  _ModbusBListen                  
0     00338163  _ModbusBReply                   
0     003382c4  _ModbusBErrReply                
0     003382ec  _ModbusBUpdata                  
0     003383d2  _ModbusBProcess                 
0     003383f5  _StartSaveData                  
0     003383fa  _ModbusCListen                  
0     003384c8  _ModbusCReply                   
0     003385ed  _ModbusCErrReply                
0     00338615  _ModbusCUpdata                  
0     00338699  _ModbusCProcess                 
0     003386bc  _ForceModeChosen                
0     0033879a  _DelayModeChosen                
0     003388cb  _InVolProtect                   
0     00338962  _InCurProtect                   
0     003389f3  _SCRProtect                     
0     00338b9a  _TempProtect                    
0     00338bf7  _PDPClearFunc                   
0     00338c14  _InitECanaGpio                  
0     00338c3e  _InitECanbGpio                  
0     00338c8e  _IniteCANB                      
0     00338daf  _InitCANData                    
0     00338dbd  _eCANReset                      
0     00338dc4  _eCANSend                       
0     00338e32  _CanDataRecv                    
0     00338ea6  _CanDataSave                    
0     0033903d  _CanDataDealInIdlesse           
0     00339077  _CanDataDealInRun               
0     00339088  _InitEPWM                       
0     003390b4  _EnableTZ                       
0     003390d0  _Disable_TZ                     
0     003390e6  _InitEPwm1                      
0     00339153  _InitEPwm2                      
0     003391b1  _InitEPwm3                      
0     00339211  _InitPWM4                       
0     0033922f  _InitEPwm56                     
0     003392fb  _EnablePWM                      
0     003393f0  _DisablePWM                     
0     003394bb  _InitTzGpio                     
0     003394ca  _InitDMA                        
0     0033951e  _DMACH1AddrConfig               
0     0033952e  _DMACH1BurstConfig              
0     0033953e  _DMACH1TransferConfig           
0     0033954e  _DMACH1WrapConfig               
0     00339561  _DMACH1ModeConfig               
0     003395bb  _StartDMACH1                    
0     003395c3  _DMACH2AddrConfig               
0     003395d3  _DMACH2BurstConfig              
0     003395e3  _DMACH2TransferConfig           
0     003395f3  _DMACH2WrapConfig               
0     00339606  _DMACH2ModeConfig               
0     00339660  _StartDMACH2                    
0     00339668  _DMACH3AddrConfig               
0     00339678  _DMACH3BurstConfig              
0     00339688  _DMACH3TransferConfig           
0     00339698  _DMACH3WrapConfig               
0     003396ab  _DMACH3ModeConfig               
0     00339705  _StartDMACH3                    
0     0033970d  _DMACH4AddrConfig               
0     0033971d  _DMACH4BurstConfig              
0     0033972d  _DMACH4TransferConfig           
0     0033973d  _DMACH4WrapConfig               
0     00339750  _DMACH4ModeConfig               
0     003397aa  _StartDMACH4                    
0     003397b2  _DMACH5AddrConfig               
0     003397c2  _DMACH5BurstConfig              
0     003397d2  _DMACH5TransferConfig           
0     003397e2  _DMACH5WrapConfig               
0     003397f5  _DMACH5ModeConfig               
0     0033984f  _StartDMACH5                    
0     00339857  _DMACH6AddrConfig               
0     00339867  _DMACH6BurstConfig              
0     00339877  _DMACH6TransferConfig           
0     00339887  _DMACH6WrapConfig               
0     0033989a  _DMACH6ModeConfig               
0     003398f4  _StartDMACH6                    
0     003398fc  _InitGpio                       
0     003399dd  _InitXint                       
0     00339a02  _InitSCRGpio                    
0     00339a45  _ReadGPIOIn1                    
0     00339a64  _ReadGPIOIn2                    
0     00339a89  _ReadGPIOIn3                    
0     00339aa8  _ReadGPIOIn4                    
0     00339ac7  _ReadGPIOIn5                    
0     00339aec  _ReadGPIOIn6                    
0     00339b0b  _ReadGPIOIn7                    
0     00339b2a  _ReadGPIOIn8                    
0     00339b49  _GpioRead                       
0     00339b5a  _MotorPhaseCtrl                 
0     00339b85  _XintIORelease                  
0     00339b92  _GpioTest                       
0     00339c53  _SCIA_Init                      
0     00339ce5  _SCIBInit                       
0     00339d99  _SCICInit                       
0     00339e0d  _SCIA_DataInit                  
0     00339e12  _SCIB_DataInit                  
0     00339e17  _SCIC_DataInit                  
0     00339e1c  _SCIA_DeInit                    
0     00339e21  _SCIB_DeInit                    
0     00339e26  _SCIC_DeInit                    
0     00339e2b  _SCIA_SendByte                  
0     00339e44  _SCIB_SendByte                  
0     00339e5d  _SCIC_SendByte                  
0     00339e76  _SCIA_SendStr                   
0     00339e87  _SCIB_SendStr                   
0     00339e98  _SCIC_SendStr                   
0     00339ea9  _SCIBRcvDeal                    
0     00339f1d  _SCICRcvDeal                    
0     00339f91  _INT13_ISR                      
0     00339f9b  _INT14_ISR                      
0     00339fa5  _DATALOG_ISR                    
0     00339faf  _RTOSINT_ISR                    
0     00339fb9  _EMUINT_ISR                     
0     00339fc3  _NMI_ISR                        
0     00339fcd  _ILLEGAL_ISR                    
0     00339fd7  _USER1_ISR                      
0     00339fe1  _USER2_ISR                      
0     00339feb  _USER3_ISR                      
0     00339ff5  _USER4_ISR                      
0     00339fff  _USER5_ISR                      
0     0033a009  _USER6_ISR                      
0     0033a013  _USER7_ISR                      
0     0033a01d  _USER8_ISR                      
0     0033a027  _USER9_ISR                      
0     0033a031  _USER10_ISR                     
0     0033a03b  _USER11_ISR                     
0     0033a045  _USER12_ISR                     
0     0033a04f  _SEQ1INT_ISR                    
0     0033a059  _SEQ2INT_ISR                    
0     0033a063  _XINT1_ISR                      
0     0033a06d  _XINT2_ISR                      
0     0033a077  _ADCINT_ISR                     
0     0033a081  _TINT0_ISR                      
0     0033a08b  _WAKEINT_ISR                    
0     0033a095  _EPWM1_TZINT_ISR                
0     0033a09f  _EPWM2_TZINT_ISR                
0     0033a0a9  _EPWM3_TZINT_ISR                
0     0033a0b3  _EPWM4_TZINT_ISR                
0     0033a0bd  _EPWM5_TZINT_ISR                
0     0033a0c7  _EPWM6_TZINT_ISR                
0     0033a0d1  _EPWM1_INT_ISR                  
0     0033a0db  _EPWM2_INT_ISR                  
0     0033a0e5  _EPWM3_INT_ISR                  
0     0033a0ef  _EPWM4_INT_ISR                  
0     0033a0f9  _EPWM5_INT_ISR                  
0     0033a103  _EPWM6_INT_ISR                  
0     0033a10d  _ECAP1_INT_ISR                  
0     0033a117  _ECAP2_INT_ISR                  
0     0033a121  _ECAP3_INT_ISR                  
0     0033a12b  _ECAP4_INT_ISR                  
0     0033a135  _ECAP5_INT_ISR                  
0     0033a13f  _ECAP6_INT_ISR                  
0     0033a149  _EQEP1_INT_ISR                  
0     0033a153  _EQEP2_INT_ISR                  
0     0033a15d  _SPIRXINTA_ISR                  
0     0033a167  _SPITXINTA_ISR                  
0     0033a171  _MRINTB_ISR                     
0     0033a17b  _MXINTB_ISR                     
0     0033a185  _MRINTA_ISR                     
0     0033a18f  _MXINTA_ISR                     
0     0033a199  _DINTCH1_ISR                    
0     0033a1a3  _DINTCH2_ISR                    
0     0033a1ad  _DINTCH3_ISR                    
0     0033a1b7  _DINTCH4_ISR                    
0     0033a1c1  _DINTCH5_ISR                    
0     0033a1cb  _DINTCH6_ISR                    
0     0033a1d5  _I2CINT1A_ISR                   
0     0033a1df  _I2CINT2A_ISR                   
0     0033a1e9  _SCIRXINTC_ISR                  
0     0033a1f3  _SCITXINTC_ISR                  
0     0033a1fd  _SCIRXINTA_ISR                  
0     0033a207  _SCITXINTA_ISR                  
0     0033a211  _SCIRXINTB_ISR                  
0     0033a21b  _SCITXINTB_ISR                  
0     0033a225  _ECAN0INTA_ISR                  
0     0033a22f  _ECAN1INTA_ISR                  
0     0033a239  _ECAN0INTB_ISR                  
0     0033a243  _ECAN1INTB_ISR                  
0     0033a24d  _XINT3_ISR                      
0     0033a257  _XINT4_ISR                      
0     0033a261  _XINT5_ISR                      
0     0033a26b  _XINT6_ISR                      
0     0033a275  _XINT7_ISR                      
0     0033a27f  _LVF_ISR                        
0     0033a289  _LUF_ISR                        
0     0033a293  _EMPTY_ISR                      
0     0033a2a0  _PIE_RESERVED                   
0     0033a2aa  _rsvd_ISR                       
0     0033a2b4  _InitADCOfDMA                   
0     0033a31c  _InitADCOfSOC                   
0     0033a37e  _ADStart                        
0     0033a383  _ADSampleOfSOC                  
0     0033a3ed  _ADAdjustOfSOC                  
0     0033a4b9  _ADAdjustOfDMA                  
0     0033a558  _Timer1_ISR                     
0     0033a7fc  _InitT4Var                      
0     0033a7ff  _ReadT4VarFromPara              
0     0033a920  _SysStateLedDisplay             
0     0033a932  _FlagInit                       
0     0033a969  _SaveT4VarToPara                
0     0033aa9b  _SectorErase                    
0     0033ab09  _BlockErase                     
0     0033ab7a  _ChipErase                      
0     0033abf0  _FlashWrite                     
0     0033ac49  _FlashRead                      
0     0033ac64  _main                           
0     0033ad70  _DataInit                       
0     0033adf3  _InitT1Var                      
0     0033af26  _InitExRam                      
0     0033af68  _CopyData                       
0     0033af8a  _EmDataWriteToFlash             
0     0033afc5  _ReadEmDataFromFlash            
0     0033b032  LL$$DIV                         
0     0033b06e  LL$$MOD                         
0     0033b0a8  ULL$$DIV                        
0     0033b0d7  ULL$$MOD                        
0     0033b139  _InitSysCtrl                    
0     0033b14c  _ServiceDog                     
0     0033b156  _DisableDog                     
0     0033b15e  _InitPll                        
0     0033b1af  _InitPeripheralClocks           
0     0033b20a  _CsmUnlock                      
0     0033b23b  _ReadParaFromFlash              
0     0033b248  _WtiteDefaultToFlash            
0     0033b317  _UpdataParaToFlash              
0     0033b336  _InitXintf                      
0     0033b363  _InitXintf32Gpio                
0     0033b3aa  _InitXintf16Gpio                
0     0033b404  _SCIA_RXINT_ISR                 
0     0033b442  _SCIB_RXINT_ISR                 
0     0033b47e  _SCIC_RXINT_ISR                 
0     0033b4bc  _InitCpuTimers                  
0     0033b519  _ConfigCpuTimer                 
0     0033b557  _ISRCap1                        
0     0033b588  _ISRCap2                        
0     0033b5e1  FS$$DIV                         
0     0033b669  _sin                            
0     0033b669  _sinf                           
0     0033b6c1  _c_int00                        
0     0033b717  _TZ1_ISR                        
0     0033b767  _XINT1ISR                       
0     0033b7ae  _copy_in                        
0     0033b7f4  L$$DIV                          
0     0033b803  L$$MOD                          
0     0033b811  UL$$DIV                         
0     0033b818  UL$$MOD                         
0     0033b81e  C$$EXIT                         
0     0033b81e  _abort                          
0     0033b820  _exit                           
0     0033b847  _InitPieCtrl                    
0     0033b866  _EnableInterrupts               
0     0033b86f  __system_post_cinit             
0     0033b870  _sqrt                           
0     0033b870  _sqrtf                          
0     0033b895  _InitPieVectTable               
0     0033b8b5  _ddcopy                         
0     0033b8b5  _dpcopy                         
0     0033b8b5  _pdcopy                         
0     0033b8b5  _ppcopy                         
0     0033b8cf  __args_main                     
0     0033b8e8  _MemCopy                        
0     0033b8fb  _ReadCPLD_STS                   
0     0033b8ff  _ClrCPLD_STS                    
0     0033b90c  _Local_DINTCH1_ISR              
0     0033b91d  ULL$$TOFS                       
0     0033b92e  _DelayUs                        
0     0033b93d  _memset                         
0     0033b949  __register_unlock               
0     0033b94d  __register_lock                 
0     0033b951  __nop                           
0     0033b95a  __system_pre_init               
0     0033b95c  ___cinit__                      
0     0033b95c  ___etext__                      
0     0033b95c  cinit                           
0     0033b95c  etext                           
0     0033bc02  _PieVectTableInit               
0     0033fff6  code_start                      
0     00380080  _ADC_cal                        
1     00000400  __stack                         
1     00000700  __STACK_END                     
1     00000880  _DevEmuRegs                     
1     00000a80  _FlashRegs                      
1     00000ae0  _CsmRegs                        
1     00000b00  _AdcMirror                      
1     00000b20  _XintfRegs                      
1     00000c00  _CpuTimer0Regs                  
1     00000c08  _CpuTimer1Regs                  
1     00000c10  _CpuTimer2Regs                  
1     00000ce0  _PieCtrlRegs                    
1     00000d00  _PieVectTable                   
1     00001000  _DmaRegs                        
1     00005000  _McbspaRegs                     
1     00005040  _McbspbRegs                     
1     00006000  _ECanaRegs                      
1     00006040  _ECanaLAMRegs                   
1     00006080  _ECanaMOTSRegs                  
1     000060c0  _ECanaMOTORegs                  
1     00006100  _ECanaMboxes                    
1     00006200  _ECanbRegs                      
1     00006240  _ECanbLAMRegs                   
1     00006280  _ECanbMOTSRegs                  
1     000062c0  _ECanbMOTORegs                  
1     00006300  _ECanbMboxes                    
1     00006800  _EPwm1Regs                      
1     00006840  _EPwm2Regs                      
1     00006880  _EPwm3Regs                      
1     000068c0  _EPwm4Regs                      
1     00006900  _EPwm5Regs                      
1     00006940  _EPwm6Regs                      
1     00006a00  _ECap1Regs                      
1     00006a20  _ECap2Regs                      
1     00006a40  _ECap3Regs                      
1     00006a60  _ECap4Regs                      
1     00006a80  _ECap5Regs                      
1     00006aa0  _ECap6Regs                      
1     00006b00  _EQep1Regs                      
1     00006b40  _EQep2Regs                      
1     00006f80  _GpioCtrlRegs                   
1     00006fc0  _GpioDataRegs                   
1     00006fe0  _GpioIntRegs                    
1     00007010  _SysCtrlRegs                    
1     00007040  _SpiaRegs                       
1     00007050  _SciaRegs                       
1     00007070  _XIntruptRegs                   
1     00007100  _AdcRegs                        
1     00007750  _ScibRegs                       
1     00007770  _ScicRegs                       
1     00007900  _I2caRegs                       
1     0000c000  _DMABuf                         
1     0000d002  _t7                             
1     0000d004  _t8                             
1     0000d006  _t5                             
1     0000d008  _t6                             
1     0000d00a  _T3                             
1     0000d00c  _T4                             
1     0000d00e  _T1                             
1     0000d010  _T2                             
1     0000d012  _t2                             
1     0000d014  _t1                             
1     0000d016  _t4                             
1     0000d018  _t3                             
1     0000d040  _Cap_data                       
1     0000d810  _CpuTimer1                      
1     0000d818  _CpuTimer2                      
1     0000d820  _CpuTimer0                      
1     0000d82d  _CountGpioInDown                
1     0000d835  _CountGpioInUp                  
1     0000d840  _scic_rcv_counter               
1     0000d841  _scic_timeout_cnt               
1     0000d842  _FlagSciBRcvOK                  
1     0000d843  _scia_timeout_cnt               
1     0000d844  _scia_rcv_counter               
1     0000d845  _scib_rcv_counter               
1     0000d846  _FlagSciCRcvOK                  
1     0000d847  _scib_timeout_cnt               
1     0000d880  _RX_BUFB                        
1     0000d980  _RX_BUFA                        
1     0000da80  _RX_BUFC                        
1     0000db80  _FlagSysInitErr                 
1     0000db81  _FlagGpioIn                     
1     0000db82  _FlagSysRunErr                  
1     0000db83  _StateSystem                    
1     0000db84  _ConvertState                   
1     0000db85  _ScrChannel                     
1     0000db86  _SystemState                    
1     0000db88  _FlagSysAlarm                   
1     0000db8a  _FlagSystem                     
1     0000db8e  _CanTxPack1                     
1     0000db96  _CanTxPack2                     
1     0000db9e  _CanRxPack                      
1     0000dba6  _PwmIsrReg                      
1     0000dbc0  _DataBuf                        
1     0000dbd0  _DataNormal                     
1     0000dbe0  _DataFactor                     
1     0000dbf0  _DataZero                       
1     0000dc00  _DataInst                       
1     0000dc10  _DataMax                        
1     0000dc40  _CountSystem                    
1     0000dc6e  ___TI_enable_exit_profile_output
1     0000dc70  ___TI_cleanup_ptr               
1     0000dc72  ___TI_dtors_ptr                 
1     0000dc74  _DMADest                        
1     0000dc76  _DMASource                      
1     0000dc78  _FlashStart                     
1     0000dc7a  __lock                          
1     0000dc7c  __unlock                        
1     0000dc7f  _errno                          
1     0000dcc0  _ECanbShadow                    
1     0000dd00  _ParaTable                      
1     0000e000  _NO2IARegs                      
1     0000e0c0  _NO1ICRegs                      
1     0000e180  _NO2ICRegs                      
1     0000e240  _NO2IBRegs                      
1     0000e300  _ModATempRegs                   
1     0000e3c0  _ModBTempRegs                   
1     0000e480  _ModCTempRegs                   
1     0000e540  _NO1IBRegs                      
1     0000e600  _NO1IARegs                      
1     0000e6c0  _SinTab                         
1     0000eac0  _ErrCrcBTempBuf                 
1     0000eac5  _ErrCrcCTempBuf                 
1     0000eaca  _ModbusBData                    
1     0000ead8  _ModbusCData                    
1     0000eae6  _EmDataAddrArray                
1     0000eb00  _CrcBTempBuf                    
1     0000ebc0  _CrcCTempBuf                    
1     0000ec80  _auchCRCHi                      
1     0000ed80  _auchCRCLo                      
1     0000ee80  _ExRamReg                       
1     0000ee9b  _EmgcRamReg                     
1     0000f000  _SpllRegNO2                     
1     0000f240  _SpllRegNO1                     
1     0000f480  _SpllRegUFO                     
1     0000f6c0  _SpllRegOut                     
1     00180000  _ExRamCtrl                      
1     00180340  _EmgcRamCtrl                    
1     00184000  _ExRamData                      
1     001a0000  _EmRamData                      
1     0033fff8  _CsmPwl                         
abs   00000300  __STACK_SIZE                    
abs   ffffffff  ___TI_pprof_out_hndl            
abs   ffffffff  ___TI_prof_data_size            
abs   ffffffff  ___TI_prof_data_start           
abs   ffffffff  ___binit__                      
abs   ffffffff  ___c_args__                     
abs   ffffffff  ___pinit__                      
abs   ffffffff  binit                           
abs   ffffffff  pinit                           

[460 symbols]
