<?xml version="1.0"?>
<link_info>
   <banner>TMS320C2000 Linker PC v15.12.1.LTS</banner>
   <copyright>Copyright (c) 1996-2015 Texas Instruments Incorporated</copyright>
   <link_time>0x5b9f5bc0</link_time>
   <link_errors>0x0</link_errors>
   <output_file>RT-DBP-SM.out</output_file>
   <entry_point>
      <name>_c_int00</name>
      <address>0x33a988</address>
   </entry_point>
   <input_file_list>
      <input_file id="fl-2">
         <path>.\source\</path>
         <kind>object</kind>
         <file>DSP2833x_ADC_cal.obj</file>
         <name>DSP2833x_ADC_cal.obj</name>
      </input_file>
      <input_file id="fl-3">
         <path>.\source\</path>
         <kind>object</kind>
         <file>DSP2833x_Adc.obj</file>
         <name>DSP2833x_Adc.obj</name>
      </input_file>
      <input_file id="fl-4">
         <path>.\source\</path>
         <kind>object</kind>
         <file>DSP2833x_CSMPasswords.obj</file>
         <name>DSP2833x_CSMPasswords.obj</name>
      </input_file>
      <input_file id="fl-5">
         <path>.\source\</path>
         <kind>object</kind>
         <file>DSP2833x_CodeStartBranch.obj</file>
         <name>DSP2833x_CodeStartBranch.obj</name>
      </input_file>
      <input_file id="fl-6">
         <path>.\source\</path>
         <kind>object</kind>
         <file>DSP2833x_CpuTimers.obj</file>
         <name>DSP2833x_CpuTimers.obj</name>
      </input_file>
      <input_file id="fl-7">
         <path>.\source\</path>
         <kind>object</kind>
         <file>DSP2833x_DMA.obj</file>
         <name>DSP2833x_DMA.obj</name>
      </input_file>
      <input_file id="fl-8">
         <path>.\source\</path>
         <kind>object</kind>
         <file>DSP2833x_DefaultIsr.obj</file>
         <name>DSP2833x_DefaultIsr.obj</name>
      </input_file>
      <input_file id="fl-9">
         <path>.\source\</path>
         <kind>object</kind>
         <file>DSP2833x_Delay.obj</file>
         <name>DSP2833x_Delay.obj</name>
      </input_file>
      <input_file id="fl-a">
         <path>.\source\</path>
         <kind>object</kind>
         <file>DSP2833x_ECan.obj</file>
         <name>DSP2833x_ECan.obj</name>
      </input_file>
      <input_file id="fl-b">
         <path>.\source\</path>
         <kind>object</kind>
         <file>DSP2833x_GlobalVariableDefs.obj</file>
         <name>DSP2833x_GlobalVariableDefs.obj</name>
      </input_file>
      <input_file id="fl-c">
         <path>.\source\</path>
         <kind>object</kind>
         <file>DSP2833x_MemCopy.obj</file>
         <name>DSP2833x_MemCopy.obj</name>
      </input_file>
      <input_file id="fl-d">
         <path>.\source\</path>
         <kind>object</kind>
         <file>DSP2833x_PieCtrl.obj</file>
         <name>DSP2833x_PieCtrl.obj</name>
      </input_file>
      <input_file id="fl-e">
         <path>.\source\</path>
         <kind>object</kind>
         <file>DSP2833x_PieVect.obj</file>
         <name>DSP2833x_PieVect.obj</name>
      </input_file>
      <input_file id="fl-f">
         <path>.\source\</path>
         <kind>object</kind>
         <file>DSP2833x_Sci.obj</file>
         <name>DSP2833x_Sci.obj</name>
      </input_file>
      <input_file id="fl-10">
         <path>.\source\</path>
         <kind>object</kind>
         <file>DSP2833x_SysCtrl.obj</file>
         <name>DSP2833x_SysCtrl.obj</name>
      </input_file>
      <input_file id="fl-11">
         <path>.\source\</path>
         <kind>object</kind>
         <file>DSP2833x_Xintf.obj</file>
         <name>DSP2833x_Xintf.obj</name>
      </input_file>
      <input_file id="fl-12">
         <path>.\source\</path>
         <kind>object</kind>
         <file>DSP2833x_usDelay.obj</file>
         <name>DSP2833x_usDelay.obj</name>
      </input_file>
      <input_file id="fl-13">
         <path>.\source\</path>
         <kind>object</kind>
         <file>USERS_Arithmetic.obj</file>
         <name>USERS_Arithmetic.obj</name>
      </input_file>
      <input_file id="fl-14">
         <path>.\source\</path>
         <kind>object</kind>
         <file>USERS_Cap.obj</file>
         <name>USERS_Cap.obj</name>
      </input_file>
      <input_file id="fl-15">
         <path>.\source\</path>
         <kind>object</kind>
         <file>USERS_Cpld.obj</file>
         <name>USERS_Cpld.obj</name>
      </input_file>
      <input_file id="fl-16">
         <path>.\source\</path>
         <kind>object</kind>
         <file>USERS_DigitalIo.obj</file>
         <name>USERS_DigitalIo.obj</name>
      </input_file>
      <input_file id="fl-17">
         <path>.\source\</path>
         <kind>object</kind>
         <file>USERS_EPwm.obj</file>
         <name>USERS_EPwm.obj</name>
      </input_file>
      <input_file id="fl-18">
         <path>.\source\</path>
         <kind>object</kind>
         <file>USERS_ExRam.obj</file>
         <name>USERS_ExRam.obj</name>
      </input_file>
      <input_file id="fl-19">
         <path>.\source\</path>
         <kind>object</kind>
         <file>USERS_Flash.obj</file>
         <name>USERS_Flash.obj</name>
      </input_file>
      <input_file id="fl-1a">
         <path>.\source\</path>
         <kind>object</kind>
         <file>USERS_Main.obj</file>
         <name>USERS_Main.obj</name>
      </input_file>
      <input_file id="fl-1b">
         <path>.\source\</path>
         <kind>object</kind>
         <file>USERS_Modbus.obj</file>
         <name>USERS_Modbus.obj</name>
      </input_file>
      <input_file id="fl-1c">
         <path>.\source\</path>
         <kind>object</kind>
         <file>USERS_ParaTab.obj</file>
         <name>USERS_ParaTab.obj</name>
      </input_file>
      <input_file id="fl-1d">
         <path>.\source\</path>
         <kind>object</kind>
         <file>USERS_Protect.obj</file>
         <name>USERS_Protect.obj</name>
      </input_file>
      <input_file id="fl-1e">
         <path>.\source\</path>
         <kind>object</kind>
         <file>USERS_T1.obj</file>
         <name>USERS_T1.obj</name>
      </input_file>
      <input_file id="fl-1f">
         <path>.\source\</path>
         <kind>object</kind>
         <file>USERS_T4.obj</file>
         <name>USERS_T4.obj</name>
      </input_file>
      <input_file id="fl-2f">
         <path>C:\ti\ccsv6\tools\compiler\ti-cgt-c2000_15.12.1.LTS\lib\</path>
         <kind>archive</kind>
         <file>rts2800_fpu32.lib</file>
         <name>boot.obj</name>
      </input_file>
      <input_file id="fl-30">
         <path>C:\ti\ccsv6\tools\compiler\ti-cgt-c2000_15.12.1.LTS\lib\</path>
         <kind>archive</kind>
         <file>rts2800_fpu32.lib</file>
         <name>cpy_tbl.obj</name>
      </input_file>
      <input_file id="fl-31">
         <path>C:\ti\ccsv6\tools\compiler\ti-cgt-c2000_15.12.1.LTS\lib\</path>
         <kind>archive</kind>
         <file>rts2800_fpu32.lib</file>
         <name>cpy_utils.obj</name>
      </input_file>
      <input_file id="fl-32">
         <path>C:\ti\ccsv6\tools\compiler\ti-cgt-c2000_15.12.1.LTS\lib\</path>
         <kind>archive</kind>
         <file>rts2800_fpu32.lib</file>
         <name>e_sqrtf.obj</name>
      </input_file>
      <input_file id="fl-33">
         <path>C:\ti\ccsv6\tools\compiler\ti-cgt-c2000_15.12.1.LTS\lib\</path>
         <kind>archive</kind>
         <file>rts2800_fpu32.lib</file>
         <name>errno.obj</name>
      </input_file>
      <input_file id="fl-34">
         <path>C:\ti\ccsv6\tools\compiler\ti-cgt-c2000_15.12.1.LTS\lib\</path>
         <kind>archive</kind>
         <file>rts2800_fpu32.lib</file>
         <name>exit.obj</name>
      </input_file>
      <input_file id="fl-35">
         <path>C:\ti\ccsv6\tools\compiler\ti-cgt-c2000_15.12.1.LTS\lib\</path>
         <kind>archive</kind>
         <file>rts2800_fpu32.lib</file>
         <name>fs_div.obj</name>
      </input_file>
      <input_file id="fl-36">
         <path>C:\ti\ccsv6\tools\compiler\ti-cgt-c2000_15.12.1.LTS\lib\</path>
         <kind>archive</kind>
         <file>rts2800_fpu32.lib</file>
         <name>l_div.obj</name>
      </input_file>
      <input_file id="fl-37">
         <path>C:\ti\ccsv6\tools\compiler\ti-cgt-c2000_15.12.1.LTS\lib\</path>
         <kind>archive</kind>
         <file>rts2800_fpu32.lib</file>
         <name>ll_div.obj</name>
      </input_file>
      <input_file id="fl-38">
         <path>C:\ti\ccsv6\tools\compiler\ti-cgt-c2000_15.12.1.LTS\lib\</path>
         <kind>archive</kind>
         <file>rts2800_fpu32.lib</file>
         <name>memset.obj</name>
      </input_file>
      <input_file id="fl-39">
         <path>C:\ti\ccsv6\tools\compiler\ti-cgt-c2000_15.12.1.LTS\lib\</path>
         <kind>archive</kind>
         <file>rts2800_fpu32.lib</file>
         <name>pre_init.obj</name>
      </input_file>
      <input_file id="fl-3a">
         <path>C:\ti\ccsv6\tools\compiler\ti-cgt-c2000_15.12.1.LTS\lib\</path>
         <kind>archive</kind>
         <file>rts2800_fpu32.lib</file>
         <name>s_sinf.obj</name>
      </input_file>
      <input_file id="fl-3b">
         <path>C:\ti\ccsv6\tools\compiler\ti-cgt-c2000_15.12.1.LTS\lib\</path>
         <kind>archive</kind>
         <file>rts2800_fpu32.lib</file>
         <name>startup.obj</name>
      </input_file>
      <input_file id="fl-3c">
         <path>C:\ti\ccsv6\tools\compiler\ti-cgt-c2000_15.12.1.LTS\lib\</path>
         <kind>archive</kind>
         <file>rts2800_fpu32.lib</file>
         <name>ull_tofs.obj</name>
      </input_file>
      <input_file id="fl-3d">
         <path>C:\ti\ccsv6\tools\compiler\ti-cgt-c2000_15.12.1.LTS\lib\</path>
         <kind>archive</kind>
         <file>rts2800_fpu32.lib</file>
         <name>_lock.obj</name>
      </input_file>
      <input_file id="fl-3e">
         <path>C:\ti\ccsv6\tools\compiler\ti-cgt-c2000_15.12.1.LTS\lib\</path>
         <kind>archive</kind>
         <file>rts2800_fpu32.lib</file>
         <name>args_main.obj</name>
      </input_file>
   </input_file_list>
   <object_component_list>
      <object_component id="oc-b6">
         <name>PieVectTableFile</name>
         <uninitialized>true</uninitialized>
         <run_address>0xd00</run_address>
         <size>0x100</size>
         <input_file_ref idref="fl-b"/>
      </object_component>
      <object_component id="oc-b2">
         <name>DevEmuRegsFile</name>
         <uninitialized>true</uninitialized>
         <run_address>0x880</run_address>
         <size>0xd0</size>
         <input_file_ref idref="fl-b"/>
      </object_component>
      <object_component id="oc-88">
         <name>FlashRegsFile</name>
         <uninitialized>true</uninitialized>
         <run_address>0xa80</run_address>
         <size>0x8</size>
         <input_file_ref idref="fl-b"/>
      </object_component>
      <object_component id="oc-92">
         <name>CsmRegsFile</name>
         <uninitialized>true</uninitialized>
         <run_address>0xae0</run_address>
         <size>0x10</size>
         <input_file_ref idref="fl-b"/>
      </object_component>
      <object_component id="oc-91">
         <name>AdcMirrorFile</name>
         <uninitialized>true</uninitialized>
         <run_address>0xb00</run_address>
         <size>0x10</size>
         <input_file_ref idref="fl-b"/>
      </object_component>
      <object_component id="oc-95">
         <name>XintfRegsFile</name>
         <uninitialized>true</uninitialized>
         <run_address>0xb20</run_address>
         <size>0x1e</size>
         <input_file_ref idref="fl-b"/>
      </object_component>
      <object_component id="oc-89">
         <name>CpuTimer0RegsFile</name>
         <uninitialized>true</uninitialized>
         <run_address>0xc00</run_address>
         <size>0x8</size>
         <input_file_ref idref="fl-b"/>
      </object_component>
      <object_component id="oc-87">
         <name>CpuTimer1RegsFile</name>
         <uninitialized>true</uninitialized>
         <run_address>0xc08</run_address>
         <size>0x8</size>
         <input_file_ref idref="fl-b"/>
      </object_component>
      <object_component id="oc-86">
         <name>CpuTimer2RegsFile</name>
         <uninitialized>true</uninitialized>
         <run_address>0xc10</run_address>
         <size>0x8</size>
         <input_file_ref idref="fl-b"/>
      </object_component>
      <object_component id="oc-93">
         <name>PieCtrlRegsFile</name>
         <uninitialized>true</uninitialized>
         <run_address>0xce0</run_address>
         <size>0x1a</size>
         <input_file_ref idref="fl-b"/>
      </object_component>
      <object_component id="oc-b3">
         <name>DmaRegsFile</name>
         <uninitialized>true</uninitialized>
         <run_address>0x1000</run_address>
         <size>0xe0</size>
         <input_file_ref idref="fl-b"/>
      </object_component>
      <object_component id="oc-a5">
         <name>McbspaRegsFile</name>
         <uninitialized>true</uninitialized>
         <run_address>0x5000</run_address>
         <size>0x25</size>
         <input_file_ref idref="fl-b"/>
      </object_component>
      <object_component id="oc-a6">
         <name>McbspbRegsFile</name>
         <uninitialized>true</uninitialized>
         <run_address>0x5040</run_address>
         <size>0x25</size>
         <input_file_ref idref="fl-b"/>
      </object_component>
      <object_component id="oc-a9">
         <name>ECanaRegsFile</name>
         <uninitialized>true</uninitialized>
         <run_address>0x6000</run_address>
         <size>0x34</size>
         <input_file_ref idref="fl-b"/>
      </object_component>
      <object_component id="oc-ac">
         <name>ECanaLAMRegsFile</name>
         <uninitialized>true</uninitialized>
         <run_address>0x6040</run_address>
         <size>0x40</size>
         <input_file_ref idref="fl-b"/>
      </object_component>
      <object_component id="oc-b5">
         <name>ECanaMboxesFile</name>
         <uninitialized>true</uninitialized>
         <run_address>0x6100</run_address>
         <size>0x100</size>
         <input_file_ref idref="fl-b"/>
      </object_component>
      <object_component id="oc-ad">
         <name>ECanaMOTSRegsFile</name>
         <uninitialized>true</uninitialized>
         <run_address>0x6080</run_address>
         <size>0x40</size>
         <input_file_ref idref="fl-b"/>
      </object_component>
      <object_component id="oc-aa">
         <name>ECanaMOTORegsFile</name>
         <uninitialized>true</uninitialized>
         <run_address>0x60c0</run_address>
         <size>0x40</size>
         <input_file_ref idref="fl-b"/>
      </object_component>
      <object_component id="oc-a8">
         <name>ECanbRegsFile</name>
         <uninitialized>true</uninitialized>
         <run_address>0x6200</run_address>
         <size>0x34</size>
         <input_file_ref idref="fl-b"/>
      </object_component>
      <object_component id="oc-b0">
         <name>ECanbLAMRegsFile</name>
         <uninitialized>true</uninitialized>
         <run_address>0x6240</run_address>
         <size>0x40</size>
         <input_file_ref idref="fl-b"/>
      </object_component>
      <object_component id="oc-b4">
         <name>ECanbMboxesFile</name>
         <uninitialized>true</uninitialized>
         <run_address>0x6300</run_address>
         <size>0x100</size>
         <input_file_ref idref="fl-b"/>
      </object_component>
      <object_component id="oc-ab">
         <name>ECanbMOTSRegsFile</name>
         <uninitialized>true</uninitialized>
         <run_address>0x6280</run_address>
         <size>0x40</size>
         <input_file_ref idref="fl-b"/>
      </object_component>
      <object_component id="oc-ae">
         <name>ECanbMOTORegsFile</name>
         <uninitialized>true</uninitialized>
         <run_address>0x62c0</run_address>
         <size>0x40</size>
         <input_file_ref idref="fl-b"/>
      </object_component>
      <object_component id="oc-a0">
         <name>EPwm1RegsFile</name>
         <uninitialized>true</uninitialized>
         <run_address>0x6800</run_address>
         <size>0x22</size>
         <input_file_ref idref="fl-b"/>
      </object_component>
      <object_component id="oc-9f">
         <name>EPwm2RegsFile</name>
         <uninitialized>true</uninitialized>
         <run_address>0x6840</run_address>
         <size>0x22</size>
         <input_file_ref idref="fl-b"/>
      </object_component>
      <object_component id="oc-a1">
         <name>EPwm3RegsFile</name>
         <uninitialized>true</uninitialized>
         <run_address>0x6880</run_address>
         <size>0x22</size>
         <input_file_ref idref="fl-b"/>
      </object_component>
      <object_component id="oc-a3">
         <name>EPwm4RegsFile</name>
         <uninitialized>true</uninitialized>
         <run_address>0x68c0</run_address>
         <size>0x22</size>
         <input_file_ref idref="fl-b"/>
      </object_component>
      <object_component id="oc-a2">
         <name>EPwm5RegsFile</name>
         <uninitialized>true</uninitialized>
         <run_address>0x6900</run_address>
         <size>0x22</size>
         <input_file_ref idref="fl-b"/>
      </object_component>
      <object_component id="oc-a4">
         <name>EPwm6RegsFile</name>
         <uninitialized>true</uninitialized>
         <run_address>0x6940</run_address>
         <size>0x22</size>
         <input_file_ref idref="fl-b"/>
      </object_component>
      <object_component id="oc-9c">
         <name>ECap1RegsFile</name>
         <uninitialized>true</uninitialized>
         <run_address>0x6a00</run_address>
         <size>0x20</size>
         <input_file_ref idref="fl-b"/>
      </object_component>
      <object_component id="oc-98">
         <name>ECap2RegsFile</name>
         <uninitialized>true</uninitialized>
         <run_address>0x6a20</run_address>
         <size>0x20</size>
         <input_file_ref idref="fl-b"/>
      </object_component>
      <object_component id="oc-99">
         <name>ECap3RegsFile</name>
         <uninitialized>true</uninitialized>
         <run_address>0x6a40</run_address>
         <size>0x20</size>
         <input_file_ref idref="fl-b"/>
      </object_component>
      <object_component id="oc-96">
         <name>ECap4RegsFile</name>
         <uninitialized>true</uninitialized>
         <run_address>0x6a60</run_address>
         <size>0x20</size>
         <input_file_ref idref="fl-b"/>
      </object_component>
      <object_component id="oc-97">
         <name>ECap5RegsFile</name>
         <uninitialized>true</uninitialized>
         <run_address>0x6a80</run_address>
         <size>0x20</size>
         <input_file_ref idref="fl-b"/>
      </object_component>
      <object_component id="oc-9d">
         <name>ECap6RegsFile</name>
         <uninitialized>true</uninitialized>
         <run_address>0x6aa0</run_address>
         <size>0x20</size>
         <input_file_ref idref="fl-b"/>
      </object_component>
      <object_component id="oc-b1">
         <name>EQep1RegsFile</name>
         <uninitialized>true</uninitialized>
         <run_address>0x6b00</run_address>
         <size>0x40</size>
         <input_file_ref idref="fl-b"/>
      </object_component>
      <object_component id="oc-af">
         <name>EQep2RegsFile</name>
         <uninitialized>true</uninitialized>
         <run_address>0x6b40</run_address>
         <size>0x40</size>
         <input_file_ref idref="fl-b"/>
      </object_component>
      <object_component id="oc-a7">
         <name>GpioCtrlRegsFile</name>
         <uninitialized>true</uninitialized>
         <run_address>0x6f80</run_address>
         <size>0x2e</size>
         <input_file_ref idref="fl-b"/>
      </object_component>
      <object_component id="oc-9a">
         <name>GpioDataRegsFile</name>
         <uninitialized>true</uninitialized>
         <run_address>0x6fc0</run_address>
         <size>0x20</size>
         <input_file_ref idref="fl-b"/>
      </object_component>
      <object_component id="oc-8b">
         <name>GpioIntRegsFile</name>
         <uninitialized>true</uninitialized>
         <run_address>0x6fe0</run_address>
         <size>0xa</size>
         <input_file_ref idref="fl-b"/>
      </object_component>
      <object_component id="oc-9b">
         <name>SysCtrlRegsFile</name>
         <uninitialized>true</uninitialized>
         <run_address>0x7010</run_address>
         <size>0x20</size>
         <input_file_ref idref="fl-b"/>
      </object_component>
      <object_component id="oc-8e">
         <name>SpiaRegsFile</name>
         <uninitialized>true</uninitialized>
         <run_address>0x7040</run_address>
         <size>0x10</size>
         <input_file_ref idref="fl-b"/>
      </object_component>
      <object_component id="oc-8f">
         <name>SciaRegsFile</name>
         <uninitialized>true</uninitialized>
         <run_address>0x7050</run_address>
         <size>0x10</size>
         <input_file_ref idref="fl-b"/>
      </object_component>
      <object_component id="oc-90">
         <name>XIntruptRegsFile</name>
         <uninitialized>true</uninitialized>
         <run_address>0x7070</run_address>
         <size>0x10</size>
         <input_file_ref idref="fl-b"/>
      </object_component>
      <object_component id="oc-94">
         <name>AdcRegsFile</name>
         <uninitialized>true</uninitialized>
         <run_address>0x7100</run_address>
         <size>0x1e</size>
         <input_file_ref idref="fl-b"/>
      </object_component>
      <object_component id="oc-8d">
         <name>ScibRegsFile</name>
         <uninitialized>true</uninitialized>
         <run_address>0x7750</run_address>
         <size>0x10</size>
         <input_file_ref idref="fl-b"/>
      </object_component>
      <object_component id="oc-8c">
         <name>ScicRegsFile</name>
         <uninitialized>true</uninitialized>
         <run_address>0x7770</run_address>
         <size>0x10</size>
         <input_file_ref idref="fl-b"/>
      </object_component>
      <object_component id="oc-9e">
         <name>I2caRegsFile</name>
         <uninitialized>true</uninitialized>
         <run_address>0x7900</run_address>
         <size>0x22</size>
         <input_file_ref idref="fl-b"/>
      </object_component>
      <object_component id="oc-8a">
         <name>CsmPwlFile</name>
         <uninitialized>true</uninitialized>
         <run_address>0x33fff8</run_address>
         <size>0x8</size>
         <input_file_ref idref="fl-b"/>
      </object_component>
      <object_component id="oc-119">
         <name>.cinit</name>
         <load_address>0x33abc1</load_address>
         <run_address>0x33abc1</run_address>
         <size>0x206</size>
         <input_file_ref idref="fl-1b"/>
      </object_component>
      <object_component id="oc-c8">
         <name>.cinit</name>
         <load_address>0x33adc7</load_address>
         <run_address>0x33adc7</run_address>
         <size>0x2c</size>
         <input_file_ref idref="fl-f"/>
      </object_component>
      <object_component id="oc-7f">
         <name>.cinit</name>
         <load_address>0x33adf3</load_address>
         <run_address>0x33adf3</run_address>
         <size>0x28</size>
         <input_file_ref idref="fl-a"/>
      </object_component>
      <object_component id="oc-154">
         <name>.cinit</name>
         <load_address>0x33ae1b</load_address>
         <run_address>0x33ae1b</run_address>
         <size>0xe</size>
         <input_file_ref idref="fl-34"/>
      </object_component>
      <object_component id="oc-f3">
         <name>.cinit</name>
         <load_address>0x33ae29</load_address>
         <run_address>0x33ae29</run_address>
         <size>0xc</size>
         <input_file_ref idref="fl-16"/>
      </object_component>
      <object_component id="oc-108">
         <name>.cinit</name>
         <load_address>0x33ae35</load_address>
         <run_address>0x33ae35</run_address>
         <size>0x5</size>
         <input_file_ref idref="fl-19"/>
      </object_component>
      <object_component id="oc-1a0">
         <name>.cinit:__lock</name>
         <load_address>0x33ae3a</load_address>
         <run_address>0x33ae3a</run_address>
         <size>0x5</size>
         <input_file_ref idref="fl-3d"/>
      </object_component>
      <object_component id="oc-1b1">
         <name>.cinit:__unlock</name>
         <load_address>0x33ae3f</load_address>
         <run_address>0x33ae3f</run_address>
         <size>0x5</size>
         <input_file_ref idref="fl-3d"/>
      </object_component>
      <object_component id="oc-e4">
         <name>.cinit</name>
         <load_address>0x33ae44</load_address>
         <run_address>0x33ae44</run_address>
         <size>0x4</size>
         <input_file_ref idref="fl-14"/>
      </object_component>
      <object_component id="oc-ec">
         <name>.cinit</name>
         <load_address>0x33ae48</load_address>
         <run_address>0x33ae48</run_address>
         <size>0x4</size>
         <input_file_ref idref="fl-15"/>
      </object_component>
      <object_component id="oc-126">
         <name>.cinit</name>
         <load_address>0x33ae4c</load_address>
         <run_address>0x33ae4c</run_address>
         <size>0x4</size>
         <input_file_ref idref="fl-1d"/>
      </object_component>
      <object_component id="oc-150">
         <name>.cinit</name>
         <load_address>0x33ae50</load_address>
         <run_address>0x33ae50</run_address>
         <size>0x4</size>
         <input_file_ref idref="fl-33"/>
      </object_component>
      <object_component id="oc-1a8">
         <name>.text</name>
         <load_address>0x338000</load_address>
         <run_address>0x338000</run_address>
         <size>0x6ae</size>
         <input_file_ref idref="fl-1b"/>
      </object_component>
      <object_component id="oc-1aa">
         <name>.text</name>
         <load_address>0x3386ae</load_address>
         <run_address>0x3386ae</run_address>
         <size>0x432</size>
         <input_file_ref idref="fl-7"/>
      </object_component>
      <object_component id="oc-19c">
         <name>.text</name>
         <load_address>0x338ae0</load_address>
         <run_address>0x338ae0</run_address>
         <size>0x33e</size>
         <input_file_ref idref="fl-f"/>
      </object_component>
      <object_component id="oc-74">
         <name>.text:retain</name>
         <load_address>0x338e1e</load_address>
         <run_address>0x338e1e</run_address>
         <size>0x323</size>
         <input_file_ref idref="fl-8"/>
      </object_component>
      <object_component id="oc-1ad">
         <name>.text</name>
         <load_address>0x339141</load_address>
         <run_address>0x339141</run_address>
         <size>0x2d5</size>
         <input_file_ref idref="fl-17"/>
      </object_component>
      <object_component id="oc-19b">
         <name>.text</name>
         <load_address>0x339416</load_address>
         <run_address>0x339416</run_address>
         <size>0x2ad</size>
         <input_file_ref idref="fl-a"/>
      </object_component>
      <object_component id="oc-1ab">
         <name>.text</name>
         <load_address>0x3396c3</load_address>
         <run_address>0x3396c3</run_address>
         <size>0x24b</size>
         <input_file_ref idref="fl-3"/>
      </object_component>
      <object_component id="oc-19a">
         <name>.text</name>
         <load_address>0x33990e</load_address>
         <run_address>0x33990e</run_address>
         <size>0x1e9</size>
         <input_file_ref idref="fl-16"/>
      </object_component>
      <object_component id="oc-1a4">
         <name>.text</name>
         <load_address>0x339af7</load_address>
         <run_address>0x339af7</run_address>
         <size>0x1c8</size>
         <input_file_ref idref="fl-19"/>
      </object_component>
      <object_component id="oc-198">
         <name>.text</name>
         <load_address>0x339cbf</load_address>
         <run_address>0x339cbf</run_address>
         <size>0x1be</size>
         <input_file_ref idref="fl-1f"/>
      </object_component>
      <object_component id="oc-135">
         <name>.text:retain</name>
         <load_address>0x339e7d</load_address>
         <run_address>0x339e7d</run_address>
         <size>0x174</size>
         <input_file_ref idref="fl-1f"/>
      </object_component>
      <object_component id="oc-1a9">
         <name>.text</name>
         <load_address>0x339ff1</load_address>
         <run_address>0x339ff1</run_address>
         <size>0x132</size>
         <input_file_ref idref="fl-1c"/>
      </object_component>
      <object_component id="oc-199">
         <name>.text</name>
         <load_address>0x33a123</load_address>
         <run_address>0x33a123</run_address>
         <size>0x10c</size>
         <input_file_ref idref="fl-18"/>
      </object_component>
      <object_component id="oc-19e">
         <name>.text</name>
         <load_address>0x33a22f</load_address>
         <run_address>0x33a22f</run_address>
         <size>0x10b</size>
         <input_file_ref idref="fl-1a"/>
      </object_component>
      <object_component id="oc-164">
         <name>.text</name>
         <load_address>0x33a33a</load_address>
         <run_address>0x33a33a</run_address>
         <size>0x107</size>
         <input_file_ref idref="fl-37"/>
      </object_component>
      <object_component id="oc-1a5">
         <name>.text</name>
         <load_address>0x33a441</load_address>
         <run_address>0x33a441</run_address>
         <size>0x102</size>
         <input_file_ref idref="fl-10"/>
      </object_component>
      <object_component id="oc-1a7">
         <name>.text</name>
         <load_address>0x33a543</load_address>
         <run_address>0x33a543</run_address>
         <size>0xce</size>
         <input_file_ref idref="fl-11"/>
      </object_component>
      <object_component id="oc-ca">
         <name>.text:retain</name>
         <load_address>0x33a611</load_address>
         <run_address>0x33a611</run_address>
         <size>0xb6</size>
         <input_file_ref idref="fl-f"/>
      </object_component>
      <object_component id="oc-1ac">
         <name>.text</name>
         <load_address>0x33a6c7</load_address>
         <run_address>0x33a6c7</run_address>
         <size>0x9b</size>
         <input_file_ref idref="fl-6"/>
      </object_component>
      <object_component id="oc-e6">
         <name>.text:retain</name>
         <load_address>0x33a762</load_address>
         <run_address>0x33a762</run_address>
         <size>0x8a</size>
         <input_file_ref idref="fl-14"/>
      </object_component>
      <object_component id="oc-15a">
         <name>.text</name>
         <load_address>0x33a7ec</load_address>
         <run_address>0x33a7ec</run_address>
         <size>0x88</size>
         <input_file_ref idref="fl-35"/>
      </object_component>
      <object_component id="oc-197">
         <name>.text</name>
         <load_address>0x33a874</load_address>
         <run_address>0x33a874</run_address>
         <size>0x62</size>
         <input_file_ref idref="fl-15"/>
      </object_component>
      <object_component id="oc-12e">
         <name>.text:retain</name>
         <load_address>0x33a8d6</load_address>
         <run_address>0x33a8d6</run_address>
         <size>0x5a</size>
         <input_file_ref idref="fl-1e"/>
      </object_component>
      <object_component id="oc-1af">
         <name>.text</name>
         <load_address>0x33a930</load_address>
         <run_address>0x33a930</run_address>
         <size>0x58</size>
         <input_file_ref idref="fl-3a"/>
      </object_component>
      <object_component id="oc-52">
         <name>.text</name>
         <load_address>0x33a988</load_address>
         <run_address>0x33a988</run_address>
         <size>0x56</size>
         <input_file_ref idref="fl-2f"/>
      </object_component>
      <object_component id="oc-18d">
         <name>.text</name>
         <load_address>0x33a9de</load_address>
         <run_address>0x33a9de</run_address>
         <size>0x46</size>
         <input_file_ref idref="fl-30"/>
      </object_component>
      <object_component id="oc-15f">
         <name>.text</name>
         <load_address>0x33aa24</load_address>
         <run_address>0x33aa24</run_address>
         <size>0x2a</size>
         <input_file_ref idref="fl-36"/>
      </object_component>
      <object_component id="oc-190">
         <name>.text</name>
         <load_address>0x33aa4e</load_address>
         <run_address>0x33aa4e</run_address>
         <size>0x29</size>
         <input_file_ref idref="fl-34"/>
      </object_component>
      <object_component id="oc-1b2">
         <name>.text</name>
         <load_address>0x33aa77</load_address>
         <run_address>0x33aa77</run_address>
         <size>0x28</size>
         <input_file_ref idref="fl-d"/>
      </object_component>
      <object_component id="oc-1ae">
         <name>.text</name>
         <load_address>0x33aa9f</load_address>
         <run_address>0x33aa9f</run_address>
         <size>0x25</size>
         <input_file_ref idref="fl-1e"/>
      </object_component>
      <object_component id="oc-1a1">
         <name>.text</name>
         <load_address>0x33aac4</load_address>
         <run_address>0x33aac4</run_address>
         <size>0x25</size>
         <input_file_ref idref="fl-32"/>
      </object_component>
      <object_component id="oc-19d">
         <name>.text</name>
         <load_address>0x33aae9</load_address>
         <run_address>0x33aae9</run_address>
         <size>0x21</size>
         <input_file_ref idref="fl-1d"/>
      </object_component>
      <object_component id="oc-1b3">
         <name>.text</name>
         <load_address>0x33ab0a</load_address>
         <run_address>0x33ab0a</run_address>
         <size>0x20</size>
         <input_file_ref idref="fl-e"/>
      </object_component>
      <object_component id="oc-145">
         <name>.text</name>
         <load_address>0x33ab2a</load_address>
         <run_address>0x33ab2a</run_address>
         <size>0x1a</size>
         <input_file_ref idref="fl-31"/>
      </object_component>
      <object_component id="oc-18f">
         <name>.text</name>
         <load_address>0x33ab44</load_address>
         <run_address>0x33ab44</run_address>
         <size>0x19</size>
         <input_file_ref idref="fl-3e"/>
      </object_component>
      <object_component id="oc-1a6">
         <name>.text</name>
         <load_address>0x33ab5d</load_address>
         <run_address>0x33ab5d</run_address>
         <size>0x13</size>
         <input_file_ref idref="fl-c"/>
      </object_component>
      <object_component id="oc-6e">
         <name>.text:retain</name>
         <load_address>0x33ab70</load_address>
         <run_address>0x33ab70</run_address>
         <size>0x11</size>
         <input_file_ref idref="fl-7"/>
      </object_component>
      <object_component id="oc-17d">
         <name>.text</name>
         <load_address>0x33ab81</load_address>
         <run_address>0x33ab81</run_address>
         <size>0x11</size>
         <input_file_ref idref="fl-3c"/>
      </object_component>
      <object_component id="oc-1a2">
         <name>.text</name>
         <load_address>0x33ab92</load_address>
         <run_address>0x33ab92</run_address>
         <size>0xf</size>
         <input_file_ref idref="fl-9"/>
      </object_component>
      <object_component id="oc-1a3">
         <name>.text</name>
         <load_address>0x33aba1</load_address>
         <run_address>0x33aba1</run_address>
         <size>0xc</size>
         <input_file_ref idref="fl-38"/>
      </object_component>
      <object_component id="oc-1b0">
         <name>.text</name>
         <load_address>0x33abad</load_address>
         <run_address>0x33abad</run_address>
         <size>0x9</size>
         <input_file_ref idref="fl-3d"/>
      </object_component>
      <object_component id="oc-5f">
         <name>.text</name>
         <load_address>0x33abb6</load_address>
         <run_address>0x33abb6</run_address>
         <size>0x8</size>
         <input_file_ref idref="fl-5"/>
      </object_component>
      <object_component id="oc-18c">
         <name>.text</name>
         <load_address>0x33abbe</load_address>
         <run_address>0x33abbe</run_address>
         <size>0x2</size>
         <input_file_ref idref="fl-39"/>
      </object_component>
      <object_component id="oc-18e">
         <name>.text</name>
         <load_address>0x33abc0</load_address>
         <run_address>0x33abc0</run_address>
         <size>0x1</size>
         <input_file_ref idref="fl-3b"/>
      </object_component>
      <object_component id="oc-60">
         <name>codestart</name>
         <load_address>0x33fff6</load_address>
         <run_address>0x33fff6</run_address>
         <size>0x2</size>
         <input_file_ref idref="fl-5"/>
      </object_component>
      <object_component id="oc-d9">
         <name>ramfuncs</name>
         <load_address>0x320000</load_address>
         <run_address>0x8000</run_address>
         <size>0x4</size>
         <input_file_ref idref="fl-12"/>
      </object_component>
      <object_component id="oc-194">
         <name>ramcode</name>
         <load_address>0x318000</load_address>
         <run_address>0xa000</run_address>
         <size>0x5a9</size>
         <input_file_ref idref="fl-13"/>
      </object_component>
      <object_component id="oc-195">
         <name>ramcode</name>
         <load_address>0x3185a9</load_address>
         <run_address>0xa5a9</run_address>
         <size>0x296</size>
         <input_file_ref idref="fl-17"/>
      </object_component>
      <object_component id="oc-12d">
         <name>ramcode:retain</name>
         <load_address>0x31883f</load_address>
         <run_address>0xa83f</run_address>
         <size>0x120</size>
         <input_file_ref idref="fl-1e"/>
      </object_component>
      <object_component id="oc-196">
         <name>ramcode</name>
         <load_address>0x31895f</load_address>
         <run_address>0xa95f</run_address>
         <size>0xf5</size>
         <input_file_ref idref="fl-16"/>
      </object_component>
      <object_component id="oc-192">
         <name>ramcode</name>
         <load_address>0x318a54</load_address>
         <run_address>0xaa54</run_address>
         <size>0xe4</size>
         <input_file_ref idref="fl-1e"/>
      </object_component>
      <object_component id="oc-193">
         <name>ramcode</name>
         <load_address>0x318b38</load_address>
         <run_address>0xab38</run_address>
         <size>0x85</size>
         <input_file_ref idref="fl-18"/>
      </object_component>
      <object_component id="oc-191">
         <name>ramcode</name>
         <load_address>0x318bbd</load_address>
         <run_address>0xabbd</run_address>
         <size>0x3d</size>
         <input_file_ref idref="fl-3"/>
      </object_component>
      <object_component id="oc-5d">
         <name>csmpasswds</name>
         <load_address>0x33fff8</load_address>
         <run_address>0x33fff8</run_address>
         <size>0x8</size>
         <input_file_ref idref="fl-4"/>
      </object_component>
      <object_component id="oc-5e">
         <name>csm_rsvd</name>
         <load_address>0x33ff80</load_address>
         <run_address>0x33ff80</run_address>
         <size>0x76</size>
         <input_file_ref idref="fl-4"/>
      </object_component>
      <object_component id="oc-13a">
         <name>.stack</name>
         <uninitialized>true</uninitialized>
         <run_address>0x400</run_address>
         <size>0x0</size>
         <input_file_ref idref="fl-2f"/>
      </object_component>
      <object_component id="oc-212">
         <name>.stack</name>
         <uninitialized>true</uninitialized>
         <run_address>0x400</run_address>
         <size>0x0</size>
      </object_component>
      <object_component id="oc-6d">
         <name>.DMARAML4</name>
         <uninitialized>true</uninitialized>
         <run_address>0xc000</run_address>
         <size>0x14</size>
         <input_file_ref idref="fl-7"/>
      </object_component>
      <object_component id="oc-66">
         <name>.ebss</name>
         <uninitialized>true</uninitialized>
         <run_address>0xd810</run_address>
         <size>0x18</size>
         <input_file_ref idref="fl-6"/>
      </object_component>
      <object_component id="oc-6c">
         <name>.ebss</name>
         <uninitialized>true</uninitialized>
         <run_address>0xd83c</run_address>
         <size>0x4</size>
         <input_file_ref idref="fl-7"/>
      </object_component>
      <object_component id="oc-80">
         <name>.ebss</name>
         <uninitialized>true</uninitialized>
         <run_address>0xdc40</run_address>
         <size>0x74</size>
         <input_file_ref idref="fl-a"/>
      </object_component>
      <object_component id="oc-c9">
         <name>.ebss</name>
         <uninitialized>true</uninitialized>
         <run_address>0xd840</run_address>
         <size>0x340</size>
         <input_file_ref idref="fl-f"/>
      </object_component>
      <object_component id="oc-e5">
         <name>.ebss</name>
         <uninitialized>true</uninitialized>
         <run_address>0xd000</run_address>
         <size>0x810</size>
         <input_file_ref idref="fl-14"/>
      </object_component>
      <object_component id="oc-ed">
         <name>.ebss</name>
         <uninitialized>true</uninitialized>
         <run_address>0xd83b</run_address>
         <size>0x1</size>
         <input_file_ref idref="fl-15"/>
      </object_component>
      <object_component id="oc-f4">
         <name>.ebss</name>
         <uninitialized>true</uninitialized>
         <run_address>0xd828</run_address>
         <size>0x13</size>
         <input_file_ref idref="fl-16"/>
      </object_component>
      <object_component id="oc-109">
         <name>.ebss</name>
         <uninitialized>true</uninitialized>
         <run_address>0xdc1e</run_address>
         <size>0x2</size>
         <input_file_ref idref="fl-19"/>
      </object_component>
      <object_component id="oc-10f">
         <name>.ebss</name>
         <uninitialized>true</uninitialized>
         <run_address>0xdb80</run_address>
         <size>0x97</size>
         <input_file_ref idref="fl-1a"/>
      </object_component>
      <object_component id="oc-127">
         <name>.ebss</name>
         <uninitialized>true</uninitialized>
         <run_address>0xdc17</run_address>
         <size>0x1</size>
         <input_file_ref idref="fl-1d"/>
      </object_component>
      <object_component id="oc-134">
         <name>.ebss</name>
         <uninitialized>true</uninitialized>
         <run_address>0xdc24</run_address>
         <size>0x1</size>
         <input_file_ref idref="fl-1f"/>
      </object_component>
      <object_component id="oc-151">
         <name>.ebss</name>
         <uninitialized>true</uninitialized>
         <run_address>0xdc25</run_address>
         <size>0x1</size>
         <input_file_ref idref="fl-33"/>
      </object_component>
      <object_component id="oc-155">
         <name>.ebss</name>
         <uninitialized>true</uninitialized>
         <run_address>0xdc18</run_address>
         <size>0x6</size>
         <input_file_ref idref="fl-34"/>
      </object_component>
      <object_component id="oc-1b4">
         <name>.ebss:__unlock</name>
         <uninitialized>true</uninitialized>
         <run_address>0xdc22</run_address>
         <size>0x2</size>
         <input_file_ref idref="fl-3d"/>
      </object_component>
      <object_component id="oc-19f">
         <name>.ebss:__lock</name>
         <uninitialized>true</uninitialized>
         <run_address>0xdc20</run_address>
         <size>0x2</size>
         <input_file_ref idref="fl-3d"/>
      </object_component>
      <object_component id="oc-120">
         <name>.ParaTab</name>
         <uninitialized>true</uninitialized>
         <run_address>0xdcc0</run_address>
         <size>0x1c0</size>
         <input_file_ref idref="fl-1c"/>
      </object_component>
      <object_component id="oc-ff">
         <name>.SciData</name>
         <uninitialized>true</uninitialized>
         <run_address>0xe7c0</run_address>
         <size>0x36</size>
         <input_file_ref idref="fl-18"/>
      </object_component>
      <object_component id="oc-11a">
         <name>.SciData</name>
         <uninitialized>true</uninitialized>
         <run_address>0xe400</run_address>
         <size>0x3c0</size>
         <input_file_ref idref="fl-1b"/>
      </object_component>
      <object_component id="oc-113">
         <name>.SinTab</name>
         <uninitialized>true</uninitialized>
         <run_address>0xe000</run_address>
         <size>0x400</size>
         <input_file_ref idref="fl-1a"/>
      </object_component>
      <object_component id="oc-112">
         <name>.PowerRmsReg</name>
         <uninitialized>true</uninitialized>
         <run_address>0xf000</run_address>
         <size>0x12a</size>
         <input_file_ref idref="fl-1a"/>
      </object_component>
      <object_component id="oc-110">
         <name>.VVVFReg</name>
         <uninitialized>true</uninitialized>
         <run_address>0xf140</run_address>
         <size>0x6</size>
         <input_file_ref idref="fl-1a"/>
      </object_component>
      <object_component id="oc-111">
         <name>.SVPWMData</name>
         <uninitialized>true</uninitialized>
         <run_address>0xf12a</run_address>
         <size>0x16</size>
         <input_file_ref idref="fl-1a"/>
      </object_component>
      <object_component id="oc-100">
         <name>.ExRamCtrl</name>
         <uninitialized>true</uninitialized>
         <run_address>0x180000</run_address>
         <size>0x840</size>
         <input_file_ref idref="fl-18"/>
      </object_component>
      <object_component id="oc-101">
         <name>.ExRamData</name>
         <uninitialized>true</uninitialized>
         <run_address>0x184000</run_address>
         <size>0x14000</size>
         <input_file_ref idref="fl-18"/>
      </object_component>
      <object_component id="oc-102">
         <name>.EmRamData</name>
         <uninitialized>true</uninitialized>
         <run_address>0x1a0000</run_address>
         <size>0x20000</size>
         <input_file_ref idref="fl-18"/>
      </object_component>
      <object_component id="oc-1b5">
         <name>.econst:_PieVectTableInit</name>
         <load_address>0x33ae56</load_address>
         <run_address>0x33ae56</run_address>
         <size>0x100</size>
         <input_file_ref idref="fl-e"/>
      </object_component>
      <object_component id="oc-13b">
         <name>.reset</name>
         <load_address>0x3fffc0</load_address>
         <run_address>0x3fffc0</run_address>
         <size>0x2</size>
         <input_file_ref idref="fl-2f"/>
      </object_component>
      <object_component id="oc-53">
         <name>.adc_cal</name>
         <load_address>0x380080</load_address>
         <run_address>0x380080</run_address>
         <size>0x7</size>
         <input_file_ref idref="fl-2"/>
      </object_component>
      <object_component id="oc-54">
         <name>.debug_info</name>
         <load_address>0x0</load_address>
         <run_address>0x0</run_address>
         <size>0x10d</size>
         <input_file_ref idref="fl-2"/>
      </object_component>
      <object_component id="oc-58">
         <name>.debug_info</name>
         <load_address>0x10d</load_address>
         <run_address>0x10d</run_address>
         <size>0x1ab9</size>
         <input_file_ref idref="fl-3"/>
      </object_component>
      <object_component id="oc-61">
         <name>.debug_info</name>
         <load_address>0x1bc6</load_address>
         <run_address>0x1bc6</run_address>
         <size>0x14b</size>
         <input_file_ref idref="fl-5"/>
      </object_component>
      <object_component id="oc-65">
         <name>.debug_info</name>
         <load_address>0x1d11</load_address>
         <run_address>0x1d11</run_address>
         <size>0x1899</size>
         <input_file_ref idref="fl-6"/>
      </object_component>
      <object_component id="oc-6b">
         <name>.debug_info</name>
         <load_address>0x35aa</load_address>
         <run_address>0x35aa</run_address>
         <size>0x4ff8</size>
         <input_file_ref idref="fl-7"/>
      </object_component>
      <object_component id="oc-73">
         <name>.debug_info</name>
         <load_address>0x85a2</load_address>
         <run_address>0x85a2</run_address>
         <size>0x24ea</size>
         <input_file_ref idref="fl-8"/>
      </object_component>
      <object_component id="oc-79">
         <name>.debug_info</name>
         <load_address>0xaa8c</load_address>
         <run_address>0xaa8c</run_address>
         <size>0x405</size>
         <input_file_ref idref="fl-9"/>
      </object_component>
      <object_component id="oc-7e">
         <name>.debug_info</name>
         <load_address>0xae91</load_address>
         <run_address>0xae91</run_address>
         <size>0x88fd</size>
         <input_file_ref idref="fl-a"/>
      </object_component>
      <object_component id="oc-85">
         <name>.debug_info</name>
         <load_address>0x1378e</load_address>
         <run_address>0x1378e</run_address>
         <size>0x1323a</size>
         <input_file_ref idref="fl-b"/>
      </object_component>
      <object_component id="oc-b8">
         <name>.debug_info</name>
         <load_address>0x269c8</load_address>
         <run_address>0x269c8</run_address>
         <size>0x490</size>
         <input_file_ref idref="fl-c"/>
      </object_component>
      <object_component id="oc-bd">
         <name>.debug_info</name>
         <load_address>0x26e58</load_address>
         <run_address>0x26e58</run_address>
         <size>0xb7f</size>
         <input_file_ref idref="fl-d"/>
      </object_component>
      <object_component id="oc-c2">
         <name>.debug_info</name>
         <load_address>0x279d7</load_address>
         <run_address>0x279d7</run_address>
         <size>0x22e3</size>
         <input_file_ref idref="fl-e"/>
      </object_component>
      <object_component id="oc-c7">
         <name>.debug_info</name>
         <load_address>0x29cba</load_address>
         <run_address>0x29cba</run_address>
         <size>0x4c02</size>
         <input_file_ref idref="fl-f"/>
      </object_component>
      <object_component id="oc-cf">
         <name>.debug_info</name>
         <load_address>0x2e8bc</load_address>
         <run_address>0x2e8bc</run_address>
         <size>0x2037</size>
         <input_file_ref idref="fl-10"/>
      </object_component>
      <object_component id="oc-d4">
         <name>.debug_info</name>
         <load_address>0x308f3</load_address>
         <run_address>0x308f3</run_address>
         <size>0x2298</size>
         <input_file_ref idref="fl-11"/>
      </object_component>
      <object_component id="oc-da">
         <name>.debug_info</name>
         <load_address>0x32b8b</load_address>
         <run_address>0x32b8b</run_address>
         <size>0x10d</size>
         <input_file_ref idref="fl-12"/>
      </object_component>
      <object_component id="oc-de">
         <name>.debug_info</name>
         <load_address>0x32c98</load_address>
         <run_address>0x32c98</run_address>
         <size>0x1c3b</size>
         <input_file_ref idref="fl-13"/>
      </object_component>
      <object_component id="oc-e3">
         <name>.debug_info</name>
         <load_address>0x348d3</load_address>
         <run_address>0x348d3</run_address>
         <size>0x44e5</size>
         <input_file_ref idref="fl-14"/>
      </object_component>
      <object_component id="oc-eb">
         <name>.debug_info</name>
         <load_address>0x38db8</load_address>
         <run_address>0x38db8</run_address>
         <size>0x566</size>
         <input_file_ref idref="fl-15"/>
      </object_component>
      <object_component id="oc-f2">
         <name>.debug_info</name>
         <load_address>0x3931e</load_address>
         <run_address>0x3931e</run_address>
         <size>0x2902</size>
         <input_file_ref idref="fl-16"/>
      </object_component>
      <object_component id="oc-f9">
         <name>.debug_info</name>
         <load_address>0x3bc20</load_address>
         <run_address>0x3bc20</run_address>
         <size>0x5787</size>
         <input_file_ref idref="fl-17"/>
      </object_component>
      <object_component id="oc-fe">
         <name>.debug_info</name>
         <load_address>0x413a7</load_address>
         <run_address>0x413a7</run_address>
         <size>0x32fa</size>
         <input_file_ref idref="fl-18"/>
      </object_component>
      <object_component id="oc-107">
         <name>.debug_info</name>
         <load_address>0x446a1</load_address>
         <run_address>0x446a1</run_address>
         <size>0x80b</size>
         <input_file_ref idref="fl-19"/>
      </object_component>
      <object_component id="oc-10e">
         <name>.debug_info</name>
         <load_address>0x44eac</load_address>
         <run_address>0x44eac</run_address>
         <size>0x46c8</size>
         <input_file_ref idref="fl-1a"/>
      </object_component>
      <object_component id="oc-118">
         <name>.debug_info</name>
         <load_address>0x49574</load_address>
         <run_address>0x49574</run_address>
         <size>0x360a</size>
         <input_file_ref idref="fl-1b"/>
      </object_component>
      <object_component id="oc-11f">
         <name>.debug_info</name>
         <load_address>0x4cb7e</load_address>
         <run_address>0x4cb7e</run_address>
         <size>0x255b</size>
         <input_file_ref idref="fl-1c"/>
      </object_component>
      <object_component id="oc-125">
         <name>.debug_info</name>
         <load_address>0x4f0d9</load_address>
         <run_address>0x4f0d9</run_address>
         <size>0x103f</size>
         <input_file_ref idref="fl-1d"/>
      </object_component>
      <object_component id="oc-12c">
         <name>.debug_info</name>
         <load_address>0x50118</load_address>
         <run_address>0x50118</run_address>
         <size>0x583c</size>
         <input_file_ref idref="fl-1e"/>
      </object_component>
      <object_component id="oc-133">
         <name>.debug_info</name>
         <load_address>0x55954</load_address>
         <run_address>0x55954</run_address>
         <size>0x5ecb</size>
         <input_file_ref idref="fl-1f"/>
      </object_component>
      <object_component id="oc-13c">
         <name>.debug_info</name>
         <load_address>0x5b81f</load_address>
         <run_address>0x5b81f</run_address>
         <size>0x187</size>
         <input_file_ref idref="fl-2f"/>
      </object_component>
      <object_component id="oc-140">
         <name>.debug_info</name>
         <load_address>0x5b9a6</load_address>
         <run_address>0x5b9a6</run_address>
         <size>0x643</size>
         <input_file_ref idref="fl-30"/>
      </object_component>
      <object_component id="oc-146">
         <name>.debug_info</name>
         <load_address>0x5bfe9</load_address>
         <run_address>0x5bfe9</run_address>
         <size>0x12e</size>
         <input_file_ref idref="fl-31"/>
      </object_component>
      <object_component id="oc-14a">
         <name>.debug_info</name>
         <load_address>0x5c117</load_address>
         <run_address>0x5c117</run_address>
         <size>0x456</size>
         <input_file_ref idref="fl-32"/>
      </object_component>
      <object_component id="oc-14f">
         <name>.debug_info</name>
         <load_address>0x5c56d</load_address>
         <run_address>0x5c56d</run_address>
         <size>0x1d7</size>
         <input_file_ref idref="fl-33"/>
      </object_component>
      <object_component id="oc-153">
         <name>.debug_info</name>
         <load_address>0x5c744</load_address>
         <run_address>0x5c744</run_address>
         <size>0x5c7</size>
         <input_file_ref idref="fl-34"/>
      </object_component>
      <object_component id="oc-15b">
         <name>.debug_info</name>
         <load_address>0x5cd0b</load_address>
         <run_address>0x5cd0b</run_address>
         <size>0x128</size>
         <input_file_ref idref="fl-35"/>
      </object_component>
      <object_component id="oc-160">
         <name>.debug_info</name>
         <load_address>0x5ce33</load_address>
         <run_address>0x5ce33</run_address>
         <size>0x1b9</size>
         <input_file_ref idref="fl-36"/>
      </object_component>
      <object_component id="oc-165">
         <name>.debug_info</name>
         <load_address>0x5cfec</load_address>
         <run_address>0x5cfec</run_address>
         <size>0x245</size>
         <input_file_ref idref="fl-37"/>
      </object_component>
      <object_component id="oc-169">
         <name>.debug_info</name>
         <load_address>0x5d231</load_address>
         <run_address>0x5d231</run_address>
         <size>0x579</size>
         <input_file_ref idref="fl-38"/>
      </object_component>
      <object_component id="oc-16e">
         <name>.debug_info</name>
         <load_address>0x5d7aa</load_address>
         <run_address>0x5d7aa</run_address>
         <size>0x3fe</size>
         <input_file_ref idref="fl-39"/>
      </object_component>
      <object_component id="oc-173">
         <name>.debug_info</name>
         <load_address>0x5dba8</load_address>
         <run_address>0x5dba8</run_address>
         <size>0x450</size>
         <input_file_ref idref="fl-3a"/>
      </object_component>
      <object_component id="oc-178">
         <name>.debug_info</name>
         <load_address>0x5dff8</load_address>
         <run_address>0x5dff8</run_address>
         <size>0x3fb</size>
         <input_file_ref idref="fl-3b"/>
      </object_component>
      <object_component id="oc-17e">
         <name>.debug_info</name>
         <load_address>0x5e3f3</load_address>
         <run_address>0x5e3f3</run_address>
         <size>0x135</size>
         <input_file_ref idref="fl-3c"/>
      </object_component>
      <object_component id="oc-182">
         <name>.debug_info</name>
         <load_address>0x5e528</load_address>
         <run_address>0x5e528</run_address>
         <size>0x51d</size>
         <input_file_ref idref="fl-3d"/>
      </object_component>
      <object_component id="oc-187">
         <name>.debug_info</name>
         <load_address>0x5ea45</load_address>
         <run_address>0x5ea45</run_address>
         <size>0x4ea</size>
         <input_file_ref idref="fl-3e"/>
      </object_component>
      <object_component id="oc-213">
         <name>.debug_info</name>
         <load_address>0x5ef2f</load_address>
         <run_address>0x5ef2f</run_address>
         <size>0xb8</size>
      </object_component>
      <object_component id="oc-55">
         <name>.debug_line</name>
         <load_address>0x0</load_address>
         <run_address>0x0</run_address>
         <size>0x50</size>
         <input_file_ref idref="fl-2"/>
      </object_component>
      <object_component id="oc-5a">
         <name>.debug_line</name>
         <load_address>0x50</load_address>
         <run_address>0x50</run_address>
         <size>0x291</size>
         <input_file_ref idref="fl-3"/>
      </object_component>
      <object_component id="oc-62">
         <name>.debug_line</name>
         <load_address>0x2e1</load_address>
         <run_address>0x2e1</run_address>
         <size>0x68</size>
         <input_file_ref idref="fl-5"/>
      </object_component>
      <object_component id="oc-68">
         <name>.debug_line</name>
         <load_address>0x349</load_address>
         <run_address>0x349</run_address>
         <size>0x9b</size>
         <input_file_ref idref="fl-6"/>
      </object_component>
      <object_component id="oc-70">
         <name>.debug_line</name>
         <load_address>0x3e4</load_address>
         <run_address>0x3e4</run_address>
         <size>0x4fb</size>
         <input_file_ref idref="fl-7"/>
      </object_component>
      <object_component id="oc-76">
         <name>.debug_line</name>
         <load_address>0x8df</load_address>
         <run_address>0x8df</run_address>
         <size>0x769</size>
         <input_file_ref idref="fl-8"/>
      </object_component>
      <object_component id="oc-7b">
         <name>.debug_line</name>
         <load_address>0x1048</load_address>
         <run_address>0x1048</run_address>
         <size>0x57</size>
         <input_file_ref idref="fl-9"/>
      </object_component>
      <object_component id="oc-82">
         <name>.debug_line</name>
         <load_address>0x109f</load_address>
         <run_address>0x109f</run_address>
         <size>0x248</size>
         <input_file_ref idref="fl-a"/>
      </object_component>
      <object_component id="oc-ba">
         <name>.debug_line</name>
         <load_address>0x12e7</load_address>
         <run_address>0x12e7</run_address>
         <size>0x5e</size>
         <input_file_ref idref="fl-c"/>
      </object_component>
      <object_component id="oc-bf">
         <name>.debug_line</name>
         <load_address>0x1345</load_address>
         <run_address>0x1345</run_address>
         <size>0x8d</size>
         <input_file_ref idref="fl-d"/>
      </object_component>
      <object_component id="oc-c4">
         <name>.debug_line</name>
         <load_address>0x13d2</load_address>
         <run_address>0x13d2</run_address>
         <size>0x6f</size>
         <input_file_ref idref="fl-e"/>
      </object_component>
      <object_component id="oc-cc">
         <name>.debug_line</name>
         <load_address>0x1441</load_address>
         <run_address>0x1441</run_address>
         <size>0x4c7</size>
         <input_file_ref idref="fl-f"/>
      </object_component>
      <object_component id="oc-d1">
         <name>.debug_line</name>
         <load_address>0x1908</load_address>
         <run_address>0x1908</run_address>
         <size>0x153</size>
         <input_file_ref idref="fl-10"/>
      </object_component>
      <object_component id="oc-d6">
         <name>.debug_line</name>
         <load_address>0x1a5b</load_address>
         <run_address>0x1a5b</run_address>
         <size>0xea</size>
         <input_file_ref idref="fl-11"/>
      </object_component>
      <object_component id="oc-db">
         <name>.debug_line</name>
         <load_address>0x1b45</load_address>
         <run_address>0x1b45</run_address>
         <size>0x4f</size>
         <input_file_ref idref="fl-12"/>
      </object_component>
      <object_component id="oc-e0">
         <name>.debug_line</name>
         <load_address>0x1b94</load_address>
         <run_address>0x1b94</run_address>
         <size>0x2f2</size>
         <input_file_ref idref="fl-13"/>
      </object_component>
      <object_component id="oc-e8">
         <name>.debug_line</name>
         <load_address>0x1e86</load_address>
         <run_address>0x1e86</run_address>
         <size>0x94</size>
         <input_file_ref idref="fl-14"/>
      </object_component>
      <object_component id="oc-ef">
         <name>.debug_line</name>
         <load_address>0x1f1a</load_address>
         <run_address>0x1f1a</run_address>
         <size>0x9a</size>
         <input_file_ref idref="fl-15"/>
      </object_component>
      <object_component id="oc-f6">
         <name>.debug_line</name>
         <load_address>0x1fb4</load_address>
         <run_address>0x1fb4</run_address>
         <size>0x323</size>
         <input_file_ref idref="fl-16"/>
      </object_component>
      <object_component id="oc-fb">
         <name>.debug_line</name>
         <load_address>0x22d7</load_address>
         <run_address>0x22d7</run_address>
         <size>0x533</size>
         <input_file_ref idref="fl-17"/>
      </object_component>
      <object_component id="oc-104">
         <name>.debug_line</name>
         <load_address>0x280a</load_address>
         <run_address>0x280a</run_address>
         <size>0x19b</size>
         <input_file_ref idref="fl-18"/>
      </object_component>
      <object_component id="oc-10b">
         <name>.debug_line</name>
         <load_address>0x29a5</load_address>
         <run_address>0x29a5</run_address>
         <size>0x196</size>
         <input_file_ref idref="fl-19"/>
      </object_component>
      <object_component id="oc-115">
         <name>.debug_line</name>
         <load_address>0x2b3b</load_address>
         <run_address>0x2b3b</run_address>
         <size>0xf1</size>
         <input_file_ref idref="fl-1a"/>
      </object_component>
      <object_component id="oc-11c">
         <name>.debug_line</name>
         <load_address>0x2c2c</load_address>
         <run_address>0x2c2c</run_address>
         <size>0x6c0</size>
         <input_file_ref idref="fl-1b"/>
      </object_component>
      <object_component id="oc-122">
         <name>.debug_line</name>
         <load_address>0x32ec</load_address>
         <run_address>0x32ec</run_address>
         <size>0x10d</size>
         <input_file_ref idref="fl-1c"/>
      </object_component>
      <object_component id="oc-129">
         <name>.debug_line</name>
         <load_address>0x33f9</load_address>
         <run_address>0x33f9</run_address>
         <size>0xae</size>
         <input_file_ref idref="fl-1d"/>
      </object_component>
      <object_component id="oc-130">
         <name>.debug_line</name>
         <load_address>0x34a7</load_address>
         <run_address>0x34a7</run_address>
         <size>0x152</size>
         <input_file_ref idref="fl-1e"/>
      </object_component>
      <object_component id="oc-137">
         <name>.debug_line</name>
         <load_address>0x35f9</load_address>
         <run_address>0x35f9</run_address>
         <size>0x338</size>
         <input_file_ref idref="fl-1f"/>
      </object_component>
      <object_component id="oc-13d">
         <name>.debug_line</name>
         <load_address>0x3931</load_address>
         <run_address>0x3931</run_address>
         <size>0x7e</size>
         <input_file_ref idref="fl-2f"/>
      </object_component>
      <object_component id="oc-142">
         <name>.debug_line</name>
         <load_address>0x39af</load_address>
         <run_address>0x39af</run_address>
         <size>0x6a</size>
         <input_file_ref idref="fl-30"/>
      </object_component>
      <object_component id="oc-147">
         <name>.debug_line</name>
         <load_address>0x3a19</load_address>
         <run_address>0x3a19</run_address>
         <size>0x50</size>
         <input_file_ref idref="fl-31"/>
      </object_component>
      <object_component id="oc-14c">
         <name>.debug_line</name>
         <load_address>0x3a69</load_address>
         <run_address>0x3a69</run_address>
         <size>0x57</size>
         <input_file_ref idref="fl-32"/>
      </object_component>
      <object_component id="oc-157">
         <name>.debug_line</name>
         <load_address>0x3ac0</load_address>
         <run_address>0x3ac0</run_address>
         <size>0x65</size>
         <input_file_ref idref="fl-34"/>
      </object_component>
      <object_component id="oc-15c">
         <name>.debug_line</name>
         <load_address>0x3b25</load_address>
         <run_address>0x3b25</run_address>
         <size>0xad</size>
         <input_file_ref idref="fl-35"/>
      </object_component>
      <object_component id="oc-161">
         <name>.debug_line</name>
         <load_address>0x3bd2</load_address>
         <run_address>0x3bd2</run_address>
         <size>0x8e</size>
         <input_file_ref idref="fl-36"/>
      </object_component>
      <object_component id="oc-166">
         <name>.debug_line</name>
         <load_address>0x3c60</load_address>
         <run_address>0x3c60</run_address>
         <size>0x16b</size>
         <input_file_ref idref="fl-37"/>
      </object_component>
      <object_component id="oc-16b">
         <name>.debug_line</name>
         <load_address>0x3dcb</load_address>
         <run_address>0x3dcb</run_address>
         <size>0xc4</size>
         <input_file_ref idref="fl-38"/>
      </object_component>
      <object_component id="oc-170">
         <name>.debug_line</name>
         <load_address>0x3e8f</load_address>
         <run_address>0x3e8f</run_address>
         <size>0x3e</size>
         <input_file_ref idref="fl-39"/>
      </object_component>
      <object_component id="oc-175">
         <name>.debug_line</name>
         <load_address>0x3ecd</load_address>
         <run_address>0x3ecd</run_address>
         <size>0x63</size>
         <input_file_ref idref="fl-3a"/>
      </object_component>
      <object_component id="oc-17a">
         <name>.debug_line</name>
         <load_address>0x3f30</load_address>
         <run_address>0x3f30</run_address>
         <size>0x3a</size>
         <input_file_ref idref="fl-3b"/>
      </object_component>
      <object_component id="oc-17f">
         <name>.debug_line</name>
         <load_address>0x3f6a</load_address>
         <run_address>0x3f6a</run_address>
         <size>0x4d</size>
         <input_file_ref idref="fl-3c"/>
      </object_component>
      <object_component id="oc-184">
         <name>.debug_line</name>
         <load_address>0x3fb7</load_address>
         <run_address>0x3fb7</run_address>
         <size>0x5e</size>
         <input_file_ref idref="fl-3d"/>
      </object_component>
      <object_component id="oc-189">
         <name>.debug_line</name>
         <load_address>0x4015</load_address>
         <run_address>0x4015</run_address>
         <size>0x55</size>
         <input_file_ref idref="fl-3e"/>
      </object_component>
      <object_component id="oc-56">
         <name>.debug_abbrev</name>
         <load_address>0x0</load_address>
         <run_address>0x0</run_address>
         <size>0x2f</size>
         <input_file_ref idref="fl-2"/>
      </object_component>
      <object_component id="oc-5b">
         <name>.debug_abbrev</name>
         <load_address>0x2f</load_address>
         <run_address>0x2f</run_address>
         <size>0x16b</size>
         <input_file_ref idref="fl-3"/>
      </object_component>
      <object_component id="oc-63">
         <name>.debug_abbrev</name>
         <load_address>0x19a</load_address>
         <run_address>0x19a</run_address>
         <size>0x21</size>
         <input_file_ref idref="fl-5"/>
      </object_component>
      <object_component id="oc-69">
         <name>.debug_abbrev</name>
         <load_address>0x1bb</load_address>
         <run_address>0x1bb</run_address>
         <size>0x12b</size>
         <input_file_ref idref="fl-6"/>
      </object_component>
      <object_component id="oc-71">
         <name>.debug_abbrev</name>
         <load_address>0x2e6</load_address>
         <run_address>0x2e6</run_address>
         <size>0x1a9</size>
         <input_file_ref idref="fl-7"/>
      </object_component>
      <object_component id="oc-77">
         <name>.debug_abbrev</name>
         <load_address>0x48f</load_address>
         <run_address>0x48f</run_address>
         <size>0xde</size>
         <input_file_ref idref="fl-8"/>
      </object_component>
      <object_component id="oc-7c">
         <name>.debug_abbrev</name>
         <load_address>0x56d</load_address>
         <run_address>0x56d</run_address>
         <size>0x8f</size>
         <input_file_ref idref="fl-9"/>
      </object_component>
      <object_component id="oc-83">
         <name>.debug_abbrev</name>
         <load_address>0x5fc</load_address>
         <run_address>0x5fc</run_address>
         <size>0x178</size>
         <input_file_ref idref="fl-a"/>
      </object_component>
      <object_component id="oc-b7">
         <name>.debug_abbrev</name>
         <load_address>0x774</load_address>
         <run_address>0x774</run_address>
         <size>0xb7</size>
         <input_file_ref idref="fl-b"/>
      </object_component>
      <object_component id="oc-bb">
         <name>.debug_abbrev</name>
         <load_address>0x82b</load_address>
         <run_address>0x82b</run_address>
         <size>0x93</size>
         <input_file_ref idref="fl-c"/>
      </object_component>
      <object_component id="oc-c0">
         <name>.debug_abbrev</name>
         <load_address>0x8be</load_address>
         <run_address>0x8be</run_address>
         <size>0xc8</size>
         <input_file_ref idref="fl-d"/>
      </object_component>
      <object_component id="oc-c5">
         <name>.debug_abbrev</name>
         <load_address>0x986</load_address>
         <run_address>0x986</run_address>
         <size>0x116</size>
         <input_file_ref idref="fl-e"/>
      </object_component>
      <object_component id="oc-cd">
         <name>.debug_abbrev</name>
         <load_address>0xa9c</load_address>
         <run_address>0xa9c</run_address>
         <size>0x211</size>
         <input_file_ref idref="fl-f"/>
      </object_component>
      <object_component id="oc-d2">
         <name>.debug_abbrev</name>
         <load_address>0xcad</load_address>
         <run_address>0xcad</run_address>
         <size>0x17b</size>
         <input_file_ref idref="fl-10"/>
      </object_component>
      <object_component id="oc-d7">
         <name>.debug_abbrev</name>
         <load_address>0xe28</load_address>
         <run_address>0xe28</run_address>
         <size>0xea</size>
         <input_file_ref idref="fl-11"/>
      </object_component>
      <object_component id="oc-dc">
         <name>.debug_abbrev</name>
         <load_address>0xf12</load_address>
         <run_address>0xf12</run_address>
         <size>0x2f</size>
         <input_file_ref idref="fl-12"/>
      </object_component>
      <object_component id="oc-e1">
         <name>.debug_abbrev</name>
         <load_address>0xf41</load_address>
         <run_address>0xf41</run_address>
         <size>0x191</size>
         <input_file_ref idref="fl-13"/>
      </object_component>
      <object_component id="oc-e9">
         <name>.debug_abbrev</name>
         <load_address>0x10d2</load_address>
         <run_address>0x10d2</run_address>
         <size>0x196</size>
         <input_file_ref idref="fl-14"/>
      </object_component>
      <object_component id="oc-f0">
         <name>.debug_abbrev</name>
         <load_address>0x1268</load_address>
         <run_address>0x1268</run_address>
         <size>0xda</size>
         <input_file_ref idref="fl-15"/>
      </object_component>
      <object_component id="oc-f7">
         <name>.debug_abbrev</name>
         <load_address>0x1342</load_address>
         <run_address>0x1342</run_address>
         <size>0x196</size>
         <input_file_ref idref="fl-16"/>
      </object_component>
      <object_component id="oc-fc">
         <name>.debug_abbrev</name>
         <load_address>0x14d8</load_address>
         <run_address>0x14d8</run_address>
         <size>0x17d</size>
         <input_file_ref idref="fl-17"/>
      </object_component>
      <object_component id="oc-105">
         <name>.debug_abbrev</name>
         <load_address>0x1655</load_address>
         <run_address>0x1655</run_address>
         <size>0x1ad</size>
         <input_file_ref idref="fl-18"/>
      </object_component>
      <object_component id="oc-10c">
         <name>.debug_abbrev</name>
         <load_address>0x1802</load_address>
         <run_address>0x1802</run_address>
         <size>0xcc</size>
         <input_file_ref idref="fl-19"/>
      </object_component>
      <object_component id="oc-116">
         <name>.debug_abbrev</name>
         <load_address>0x18ce</load_address>
         <run_address>0x18ce</run_address>
         <size>0x18b</size>
         <input_file_ref idref="fl-1a"/>
      </object_component>
      <object_component id="oc-11d">
         <name>.debug_abbrev</name>
         <load_address>0x1a59</load_address>
         <run_address>0x1a59</run_address>
         <size>0x216</size>
         <input_file_ref idref="fl-1b"/>
      </object_component>
      <object_component id="oc-123">
         <name>.debug_abbrev</name>
         <load_address>0x1c6f</load_address>
         <run_address>0x1c6f</run_address>
         <size>0x182</size>
         <input_file_ref idref="fl-1c"/>
      </object_component>
      <object_component id="oc-12a">
         <name>.debug_abbrev</name>
         <load_address>0x1df1</load_address>
         <run_address>0x1df1</run_address>
         <size>0x110</size>
         <input_file_ref idref="fl-1d"/>
      </object_component>
      <object_component id="oc-131">
         <name>.debug_abbrev</name>
         <load_address>0x1f01</load_address>
         <run_address>0x1f01</run_address>
         <size>0x1ba</size>
         <input_file_ref idref="fl-1e"/>
      </object_component>
      <object_component id="oc-138">
         <name>.debug_abbrev</name>
         <load_address>0x20bb</load_address>
         <run_address>0x20bb</run_address>
         <size>0x1ef</size>
         <input_file_ref idref="fl-1f"/>
      </object_component>
      <object_component id="oc-13e">
         <name>.debug_abbrev</name>
         <load_address>0x22aa</load_address>
         <run_address>0x22aa</run_address>
         <size>0x46</size>
         <input_file_ref idref="fl-2f"/>
      </object_component>
      <object_component id="oc-143">
         <name>.debug_abbrev</name>
         <load_address>0x22f0</load_address>
         <run_address>0x22f0</run_address>
         <size>0xfa</size>
         <input_file_ref idref="fl-30"/>
      </object_component>
      <object_component id="oc-148">
         <name>.debug_abbrev</name>
         <load_address>0x23ea</load_address>
         <run_address>0x23ea</run_address>
         <size>0x32</size>
         <input_file_ref idref="fl-31"/>
      </object_component>
      <object_component id="oc-14d">
         <name>.debug_abbrev</name>
         <load_address>0x241c</load_address>
         <run_address>0x241c</run_address>
         <size>0xbd</size>
         <input_file_ref idref="fl-32"/>
      </object_component>
      <object_component id="oc-152">
         <name>.debug_abbrev</name>
         <load_address>0x24d9</load_address>
         <run_address>0x24d9</run_address>
         <size>0x31</size>
         <input_file_ref idref="fl-33"/>
      </object_component>
      <object_component id="oc-158">
         <name>.debug_abbrev</name>
         <load_address>0x250a</load_address>
         <run_address>0x250a</run_address>
         <size>0x142</size>
         <input_file_ref idref="fl-34"/>
      </object_component>
      <object_component id="oc-15d">
         <name>.debug_abbrev</name>
         <load_address>0x264c</load_address>
         <run_address>0x264c</run_address>
         <size>0x38</size>
         <input_file_ref idref="fl-35"/>
      </object_component>
      <object_component id="oc-162">
         <name>.debug_abbrev</name>
         <load_address>0x2684</load_address>
         <run_address>0x2684</run_address>
         <size>0x38</size>
         <input_file_ref idref="fl-36"/>
      </object_component>
      <object_component id="oc-167">
         <name>.debug_abbrev</name>
         <load_address>0x26bc</load_address>
         <run_address>0x26bc</run_address>
         <size>0x5f</size>
         <input_file_ref idref="fl-37"/>
      </object_component>
      <object_component id="oc-16c">
         <name>.debug_abbrev</name>
         <load_address>0x271b</load_address>
         <run_address>0x271b</run_address>
         <size>0xa8</size>
         <input_file_ref idref="fl-38"/>
      </object_component>
      <object_component id="oc-171">
         <name>.debug_abbrev</name>
         <load_address>0x27c3</load_address>
         <run_address>0x27c3</run_address>
         <size>0x68</size>
         <input_file_ref idref="fl-39"/>
      </object_component>
      <object_component id="oc-176">
         <name>.debug_abbrev</name>
         <load_address>0x282b</load_address>
         <run_address>0x282b</run_address>
         <size>0x9d</size>
         <input_file_ref idref="fl-3a"/>
      </object_component>
      <object_component id="oc-17b">
         <name>.debug_abbrev</name>
[...]
         <value>0x3391a7</value>
         <object_component_ref idref="oc-1ad"/>
      </symbol>
      <symbol id="sm-4d4">
         <name>_InitEPwm2</name>
         <value>0x33920f</value>
         <object_component_ref idref="oc-1ad"/>
      </symbol>
      <symbol id="sm-4d5">
         <name>_InitEPwm3</name>
         <value>0x33926d</value>
         <object_component_ref idref="oc-1ad"/>
      </symbol>
      <symbol id="sm-501">
         <name>_ExRamCtrl</name>
         <value>0x180000</value>
         <object_component_ref idref="oc-100"/>
      </symbol>
      <symbol id="sm-502">
         <name>_ReadEmDataFromFlash</name>
         <value>0x33a1c2</value>
         <object_component_ref idref="oc-199"/>
      </symbol>
      <symbol id="sm-503">
         <name>_CopyData</name>
         <value>0x33a165</value>
         <object_component_ref idref="oc-199"/>
      </symbol>
      <symbol id="sm-504">
         <name>_EmgcRamReg</name>
         <value>0xe7db</value>
         <object_component_ref idref="oc-ff"/>
      </symbol>
      <symbol id="sm-505">
         <name>_T1VarSave</name>
         <value>0xab38</value>
         <object_component_ref idref="oc-193"/>
      </symbol>
      <symbol id="sm-506">
         <name>_InitExRam</name>
         <value>0x33a123</value>
         <object_component_ref idref="oc-199"/>
      </symbol>
      <symbol id="sm-507">
         <name>_ExRamReg</name>
         <value>0xe7c0</value>
         <object_component_ref idref="oc-ff"/>
      </symbol>
      <symbol id="sm-508">
         <name>_EmRamData</name>
         <value>0x1a0000</value>
         <object_component_ref idref="oc-102"/>
      </symbol>
      <symbol id="sm-509">
         <name>_T1EmergencySave</name>
         <value>0xab79</value>
         <object_component_ref idref="oc-193"/>
      </symbol>
      <symbol id="sm-50a">
         <name>_EmDataWriteToFlash</name>
         <value>0x33a187</value>
         <object_component_ref idref="oc-199"/>
      </symbol>
      <symbol id="sm-50b">
         <name>_ExRamData</name>
         <value>0x184000</value>
         <object_component_ref idref="oc-101"/>
      </symbol>
      <symbol id="sm-50c">
         <name>_EmgcRamCtrl</name>
         <value>0x180340</value>
         <object_component_ref idref="oc-100"/>
      </symbol>
      <symbol id="sm-542">
         <name>_FlashWrite</name>
         <value>0x339c4b</value>
         <object_component_ref idref="oc-1a4"/>
      </symbol>
      <symbol id="sm-543">
         <name>_FlashRead</name>
         <value>0x339ca4</value>
         <object_component_ref idref="oc-1a4"/>
      </symbol>
      <symbol id="sm-544">
         <name>_ChipErase</name>
         <value>0x339bd5</value>
         <object_component_ref idref="oc-1a4"/>
      </symbol>
      <symbol id="sm-545">
         <name>_FlashStart</name>
         <value>0xdc1e</value>
         <object_component_ref idref="oc-109"/>
      </symbol>
      <symbol id="sm-546">
         <name>_SectorErase</name>
         <value>0x339af7</value>
         <object_component_ref idref="oc-1a4"/>
      </symbol>
      <symbol id="sm-547">
         <name>_BlockErase</name>
         <value>0x339b65</value>
         <object_component_ref idref="oc-1a4"/>
      </symbol>
      <symbol id="sm-565">
         <name>_VVVFReg</name>
         <value>0xf140</value>
         <object_component_ref idref="oc-110"/>
      </symbol>
      <symbol id="sm-566">
         <name>_main</name>
         <value>0x33a22f</value>
         <object_component_ref idref="oc-19e"/>
      </symbol>
      <symbol id="sm-567">
         <name>_FlagSysAlarm</name>
         <value>0xdb88</value>
         <object_component_ref idref="oc-10f"/>
      </symbol>
      <symbol id="sm-568">
         <name>_PowerInst</name>
         <value>0xf000</value>
         <object_component_ref idref="oc-112"/>
      </symbol>
      <symbol id="sm-569">
         <name>_FlagSysPDPErr</name>
         <value>0xdb80</value>
         <object_component_ref idref="oc-10f"/>
      </symbol>
      <symbol id="sm-56a">
         <name>_DataFactor</name>
         <value>0xdbe8</value>
         <object_component_ref idref="oc-10f"/>
      </symbol>
      <symbol id="sm-56b">
         <name>_DataInst</name>
         <value>0xdbc0</value>
         <object_component_ref idref="oc-10f"/>
      </symbol>
      <symbol id="sm-56c">
         <name>_FlagGpioIn</name>
         <value>0xdb81</value>
         <object_component_ref idref="oc-10f"/>
      </symbol>
      <symbol id="sm-56d">
         <name>_DataZero</name>
         <value>0xdbb5</value>
         <object_component_ref idref="oc-10f"/>
      </symbol>
      <symbol id="sm-56e">
         <name>_CanTxPack3</name>
         <value>0xdb94</value>
         <object_component_ref idref="oc-10f"/>
      </symbol>
      <symbol id="sm-56f">
         <name>_CanTxPack2</name>
         <value>0xdba4</value>
         <object_component_ref idref="oc-10f"/>
      </symbol>
      <symbol id="sm-570">
         <name>_CanTxPack1</name>
         <value>0xdb8c</value>
         <object_component_ref idref="oc-10f"/>
      </symbol>
      <symbol id="sm-571">
         <name>_CountSystem</name>
         <value>0xdc00</value>
         <object_component_ref idref="oc-10f"/>
      </symbol>
      <symbol id="sm-572">
         <name>_SvpwmReg</name>
         <value>0xf12a</value>
         <object_component_ref idref="oc-111"/>
      </symbol>
      <symbol id="sm-573">
         <name>_SystemState</name>
         <value>0xdb83</value>
         <object_component_ref idref="oc-10f"/>
      </symbol>
      <symbol id="sm-574">
         <name>_FlagSystem</name>
         <value>0xdb86</value>
         <object_component_ref idref="oc-10f"/>
      </symbol>
      <symbol id="sm-575">
         <name>_DataMax</name>
         <value>0xdbd4</value>
         <object_component_ref idref="oc-10f"/>
      </symbol>
      <symbol id="sm-576">
         <name>_DataNormal</name>
         <value>0xdbde</value>
         <object_component_ref idref="oc-10f"/>
      </symbol>
      <symbol id="sm-577">
         <name>_SinTab</name>
         <value>0xe000</value>
         <object_component_ref idref="oc-113"/>
      </symbol>
      <symbol id="sm-578">
         <name>_DataBuf</name>
         <value>0xdbca</value>
         <object_component_ref idref="oc-10f"/>
      </symbol>
      <symbol id="sm-579">
         <name>_RegSystem</name>
         <value>0xdbac</value>
         <object_component_ref idref="oc-10f"/>
      </symbol>
      <symbol id="sm-57a">
         <name>_FlagSysInitErr</name>
         <value>0xdb84</value>
         <object_component_ref idref="oc-10f"/>
      </symbol>
      <symbol id="sm-57b">
         <name>_CanRxPack</name>
         <value>0xdb9c</value>
         <object_component_ref idref="oc-10f"/>
      </symbol>
      <symbol id="sm-57c">
         <name>_DataInit</name>
         <value>0x33a2ec</value>
         <object_component_ref idref="oc-19e"/>
      </symbol>
      <symbol id="sm-57d">
         <name>_FlagSysRunErr</name>
         <value>0xdb82</value>
         <object_component_ref idref="oc-10f"/>
      </symbol>
      <symbol id="sm-60f">
         <name>_auchCRCLo</name>
         <value>0xe6c0</value>
         <object_component_ref idref="oc-11a"/>
      </symbol>
      <symbol id="sm-610">
         <name>_ModbusCErrReply</name>
         <value>0x3385e9</value>
         <object_component_ref idref="oc-1a8"/>
      </symbol>
      <symbol id="sm-611">
         <name>_ModbusBData</name>
         <value>0xe40a</value>
         <object_component_ref idref="oc-11a"/>
      </symbol>
      <symbol id="sm-612">
         <name>_CrcCTempBuf</name>
         <value>0xe500</value>
         <object_component_ref idref="oc-11a"/>
      </symbol>
      <symbol id="sm-613">
         <name>_ModbusCData</name>
         <value>0xe418</value>
         <object_component_ref idref="oc-11a"/>
      </symbol>
      <symbol id="sm-614">
         <name>_InitModbusBData</name>
         <value>0x338049</value>
         <object_component_ref idref="oc-1a8"/>
      </symbol>
      <symbol id="sm-615">
         <name>_ModbusBProcess</name>
         <value>0x3383d3</value>
         <object_component_ref idref="oc-1a8"/>
      </symbol>
      <symbol id="sm-616">
         <name>_CrcDetect</name>
         <value>0x33802a</value>
         <object_component_ref idref="oc-1a8"/>
      </symbol>
      <symbol id="sm-617">
         <name>_ModbusCListen</name>
         <value>0x3383f6</value>
         <object_component_ref idref="oc-1a8"/>
      </symbol>
      <symbol id="sm-618">
         <name>_ModbusBReply</name>
         <value>0x338163</value>
         <object_component_ref idref="oc-1a8"/>
      </symbol>
      <symbol id="sm-619">
         <name>_ModbusCReply</name>
         <value>0x3384c4</value>
         <object_component_ref idref="oc-1a8"/>
      </symbol>
      <symbol id="sm-61a">
         <name>_EmDataAddrArray</name>
         <value>0xe426</value>
         <object_component_ref idref="oc-11a"/>
      </symbol>
      <symbol id="sm-61b">
         <name>_ErrCrcBTempBuf</name>
         <value>0xe400</value>
         <object_component_ref idref="oc-11a"/>
      </symbol>
      <symbol id="sm-61c">
         <name>_ModbusBErrReply</name>
         <value>0x3382c4</value>
         <object_component_ref idref="oc-1a8"/>
      </symbol>
      <symbol id="sm-61d">
         <name>_ModbusBListen</name>
         <value>0x33806e</value>
         <object_component_ref idref="oc-1a8"/>
      </symbol>
      <symbol id="sm-61e">
         <name>_ErrCrcCTempBuf</name>
         <value>0xe405</value>
         <object_component_ref idref="oc-11a"/>
      </symbol>
      <symbol id="sm-61f">
         <name>_ModbusCUpdata</name>
         <value>0x338611</value>
         <object_component_ref idref="oc-1a8"/>
      </symbol>
      <symbol id="sm-620">
         <name>_crc16</name>
         <value>0x338000</value>
         <object_component_ref idref="oc-1a8"/>
      </symbol>
      <symbol id="sm-621">
         <name>_ModbusBUpdata</name>
         <value>0x3382ec</value>
         <object_component_ref idref="oc-1a8"/>
      </symbol>
      <symbol id="sm-622">
         <name>_auchCRCHi</name>
         <value>0xe5c0</value>
         <object_component_ref idref="oc-11a"/>
      </symbol>
      <symbol id="sm-623">
         <name>_CrcBTempBuf</name>
         <value>0xe440</value>
         <object_component_ref idref="oc-11a"/>
      </symbol>
      <symbol id="sm-624">
         <name>_ModbusCProcess</name>
         <value>0x338695</value>
         <object_component_ref idref="oc-1a8"/>
      </symbol>
      <symbol id="sm-635">
         <name>_ReadParaFromFlash</name>
         <value>0x339ff1</value>
         <object_component_ref idref="oc-1a9"/>
      </symbol>
      <symbol id="sm-636">
         <name>_WtiteDefaultToFlash</name>
         <value>0x339ffe</value>
         <object_component_ref idref="oc-1a9"/>
      </symbol>
      <symbol id="sm-637">
         <name>_UpdataParaToFlash</name>
         <value>0x33a104</value>
         <object_component_ref idref="oc-1a9"/>
      </symbol>
      <symbol id="sm-638">
         <name>_ParaTable</name>
         <value>0xdcc0</value>
         <object_component_ref idref="oc-120"/>
      </symbol>
      <symbol id="sm-64b">
         <name>_PDPClearFunc</name>
         <value>0x33aaed</value>
         <object_component_ref idref="oc-19d"/>
      </symbol>
      <symbol id="sm-64c">
         <name>_PhaseLackProtect</name>
         <value>0x33aae9</value>
         <object_component_ref idref="oc-19d"/>
      </symbol>
      <symbol id="sm-64d">
         <name>_TempProtect</name>
         <value>0x33aaec</value>
         <object_component_ref idref="oc-19d"/>
      </symbol>
      <symbol id="sm-64e">
         <name>_InCurProtect</name>
         <value>0x33aaeb</value>
         <object_component_ref idref="oc-19d"/>
      </symbol>
      <symbol id="sm-64f">
         <name>_InVolProtect</name>
         <value>0x33aaea</value>
         <object_component_ref idref="oc-19d"/>
      </symbol>
      <symbol id="sm-669">
         <name>_ePWM1ISR</name>
         <value>0xa83f</value>
         <object_component_ref idref="oc-12d"/>
      </symbol>
      <symbol id="sm-66a">
         <name>_InitT1Var</name>
         <value>0x33aa9f</value>
         <object_component_ref idref="oc-1ae"/>
      </symbol>
      <symbol id="sm-66b">
         <name>_TZ1ISR</name>
         <value>0x33a8d6</value>
         <object_component_ref idref="oc-12e"/>
      </symbol>
      <symbol id="sm-66c">
         <name>_SaveT1VarToPara</name>
         <value>0xaa63</value>
         <object_component_ref idref="oc-192"/>
      </symbol>
      <symbol id="sm-66d">
         <name>_ReadT1VarFromPara</name>
         <value>0xaa54</value>
         <object_component_ref idref="oc-192"/>
      </symbol>
      <symbol id="sm-696">
         <name>_Timer1_ISR</name>
         <value>0x339e7d</value>
         <object_component_ref idref="oc-135"/>
      </symbol>
      <symbol id="sm-697">
         <name>_PreCharge</name>
         <value>0x339d4d</value>
         <object_component_ref idref="oc-198"/>
      </symbol>
      <symbol id="sm-698">
         <name>_RefSet</name>
         <value>0x339d6f</value>
         <object_component_ref idref="oc-198"/>
      </symbol>
      <symbol id="sm-699">
         <name>_InitT4Var</name>
         <value>0x339cbf</value>
         <object_component_ref idref="oc-198"/>
      </symbol>
      <symbol id="sm-69a">
         <name>_SaveT4VarToPara</name>
         <value>0x339d9c</value>
         <object_component_ref idref="oc-198"/>
      </symbol>
      <symbol id="sm-69b">
         <name>_FlagInit</name>
         <value>0x339d93</value>
         <object_component_ref idref="oc-198"/>
      </symbol>
      <symbol id="sm-69c">
         <name>_ReadT4VarFromPara</name>
         <value>0x339cc2</value>
         <object_component_ref idref="oc-198"/>
      </symbol>
      <symbol id="sm-69d">
         <name>_SysStateLedDisplay</name>
         <value>0x339d81</value>
         <object_component_ref idref="oc-198"/>
      </symbol>
      <symbol id="sm-6ba">
         <name>_c_int00</name>
         <value>0x33a988</value>
         <object_component_ref idref="oc-52"/>
      </symbol>
      <symbol id="sm-6bb">
         <name>__stack</name>
         <value>0x400</value>
         <object_component_ref idref="oc-13a"/>
      </symbol>
      <symbol id="sm-6d1">
         <name>_copy_in</name>
         <value>0x33a9de</value>
         <object_component_ref idref="oc-18d"/>
      </symbol>
      <symbol id="sm-6e0">
         <name>_ppcopy</name>
         <value>0x33ab2a</value>
         <object_component_ref idref="oc-145"/>
      </symbol>
      <symbol id="sm-6e1">
         <name>_dpcopy</name>
         <value>0x33ab2a</value>
         <object_component_ref idref="oc-145"/>
      </symbol>
      <symbol id="sm-6e2">
         <name>_pdcopy</name>
         <value>0x33ab2a</value>
         <object_component_ref idref="oc-145"/>
      </symbol>
      <symbol id="sm-6e3">
         <name>_ddcopy</name>
         <value>0x33ab2a</value>
         <object_component_ref idref="oc-145"/>
      </symbol>
      <symbol id="sm-6f4">
         <name>_sqrtf</name>
         <value>0x33aac4</value>
         <object_component_ref idref="oc-1a1"/>
      </symbol>
      <symbol id="sm-6f5">
         <name>_sqrt</name>
         <value>0x33aac4</value>
         <object_component_ref idref="oc-1a1"/>
      </symbol>
      <symbol id="sm-700">
         <name>_errno</name>
         <value>0xdc25</value>
         <object_component_ref idref="oc-151"/>
      </symbol>
      <symbol id="sm-715">
         <name>C$$EXIT</name>
         <value>0x33aa4e</value>
         <object_component_ref idref="oc-190"/>
      </symbol>
      <symbol id="sm-716">
         <name>_exit</name>
         <value>0x33aa50</value>
         <object_component_ref idref="oc-190"/>
      </symbol>
      <symbol id="sm-717">
         <name>___TI_cleanup_ptr</name>
         <value>0xdc1a</value>
         <object_component_ref idref="oc-155"/>
      </symbol>
      <symbol id="sm-718">
         <name>___TI_enable_exit_profile_output</name>
         <value>0xdc18</value>
         <object_component_ref idref="oc-155"/>
      </symbol>
      <symbol id="sm-719">
         <name>_abort</name>
         <value>0x33aa4e</value>
         <object_component_ref idref="oc-190"/>
      </symbol>
      <symbol id="sm-71a">
         <name>___TI_dtors_ptr</name>
         <value>0xdc1c</value>
         <object_component_ref idref="oc-155"/>
      </symbol>
      <symbol id="sm-72b">
         <name>FS$$DIV</name>
         <value>0x33a7ec</value>
         <object_component_ref idref="oc-15a"/>
      </symbol>
      <symbol id="sm-737">
         <name>UL$$MOD</name>
         <value>0x33aa48</value>
         <object_component_ref idref="oc-15f"/>
      </symbol>
      <symbol id="sm-738">
         <name>L$$MOD</name>
         <value>0x33aa33</value>
         <object_component_ref idref="oc-15f"/>
      </symbol>
      <symbol id="sm-739">
         <name>L$$DIV</name>
         <value>0x33aa24</value>
         <object_component_ref idref="oc-15f"/>
      </symbol>
      <symbol id="sm-73a">
         <name>UL$$DIV</name>
         <value>0x33aa41</value>
         <object_component_ref idref="oc-15f"/>
      </symbol>
      <symbol id="sm-766">
         <name>ULL$$MOD</name>
         <value>0x33a3df</value>
         <object_component_ref idref="oc-164"/>
      </symbol>
      <symbol id="sm-767">
         <name>ULL$$DIV</name>
         <value>0x33a3b0</value>
         <object_component_ref idref="oc-164"/>
      </symbol>
      <symbol id="sm-768">
         <name>LL$$MOD</name>
         <value>0x33a376</value>
         <object_component_ref idref="oc-164"/>
      </symbol>
      <symbol id="sm-769">
         <name>LL$$DIV</name>
         <value>0x33a33a</value>
         <object_component_ref idref="oc-164"/>
      </symbol>
      <symbol id="sm-778">
         <name>_memset</name>
         <value>0x33aba1</value>
         <object_component_ref idref="oc-1a3"/>
      </symbol>
      <symbol id="sm-785">
         <name>__system_pre_init</name>
         <value>0x33abbe</value>
         <object_component_ref idref="oc-18c"/>
      </symbol>
      <symbol id="sm-793">
         <name>_sin</name>
         <value>0x33a930</value>
         <object_component_ref idref="oc-1af"/>
      </symbol>
      <symbol id="sm-794">
         <name>_sinf</name>
         <value>0x33a930</value>
         <object_component_ref idref="oc-1af"/>
      </symbol>
      <symbol id="sm-7a1">
         <name>__system_post_cinit</name>
         <value>0x33abc0</value>
         <object_component_ref idref="oc-18e"/>
      </symbol>
      <symbol id="sm-7ae">
         <name>ULL$$TOFS</name>
         <value>0x33ab81</value>
         <object_component_ref idref="oc-17d"/>
      </symbol>
      <symbol id="sm-7c3">
         <name>__unlock</name>
         <value>0xdc22</value>
         <object_component_ref idref="oc-1b4"/>
      </symbol>
      <symbol id="sm-7c4">
         <name>__lock</name>
         <value>0xdc20</value>
         <object_component_ref idref="oc-19f"/>
      </symbol>
      <symbol id="sm-7c5">
         <name>__register_lock</name>
         <value>0x33abb1</value>
         <object_component_ref idref="oc-1b0"/>
      </symbol>
      <symbol id="sm-7c6">
         <name>__nop</name>
         <value>0x33abb5</value>
         <object_component_ref idref="oc-1b0"/>
      </symbol>
      <symbol id="sm-7c7">
         <name>__register_unlock</name>
         <value>0x33abad</value>
         <object_component_ref idref="oc-1b0"/>
      </symbol>
      <symbol id="sm-7d7">
         <name>__args_main</name>
         <value>0x33ab44</value>
         <object_component_ref idref="oc-18f"/>
      </symbol>
   </symbol_table>
   <title>Link successful</title>
</link_info>
